I1221 13:52:55.983528 2889179968 c_interface.cc:559] Pass GetScoreValueArgs, score_name=^^^ItemsProcessedScore^^^ to MasterComponent::Request
I1221 13:52:55.983572 2889179968 c_interface.cc:230] ArtmCopyRequestedMessage is copying 46 bytes...
I1221 13:52:55.984762 156528640 c_interface.cc:386] Pass FitOfflineMasterModelArgs, batch_filename_size=2, batch_weight_size=2, num_collection_passes=1 to MN4artm4core15MasterComponentEFvRKNS_25FitOfflineMasterModelArgsEE
I1221 13:52:55.984784 156528640 master_component.cc:1340] ProcessBatchesArgs: nwt_target_name=nwt, batch_filename_size=2, batch_size=0, batch_weight_size=2, pwt_source_name=pwt, num_document_passes=1, regularizer=(name:1:urn:uuid:1c644628-e680-11e7-857d-9e00d4124e01, tau:100000), class=(text:1), class=(author:1), reuse_theta=no, opt_for_avx=yes, predict_class_id=
I1221 13:52:56.042882 145432576 processor.cc:724] Processing queue has data, processing started
I1221 13:52:56.049113 122253312 processor.cc:724] Processing queue has data, processing started
I1221 13:52:56.058421 145432576 processor.cc:802] Processor: start processing batch d50c3682-44c3-4eb4-a91e-3f58580ca64f into model nwt
I1221 13:52:56.059309 122253312 processor.cc:802] Processor: start processing batch b955b06e-1f5f-4685-b7fd-441ade0ab071 into model nwt
I1221 13:52:56.201740 122253312 processor.cc:898] Processor: complete processing batch b955b06e-1f5f-4685-b7fd-441ade0ab071 into model nwt
I1221 13:52:56.209463 122253312 cuckoo_watch.h:45] 160ms in ProcessBatch(batches/aaaaaa.batch) [including 8ms in LoadMessage; 9ms in InitializeSparseNdw; 84ms in InferThetaAndUpdateNwtSparse; 47ms in CalculateScore(^^^ItemsProcessedScore^^^); ]
I1221 13:52:56.232388 122253312 processor.cc:717] No data in processing queue, waiting...
I1221 13:52:56.363709 145432576 processor.cc:898] Processor: complete processing batch d50c3682-44c3-4eb4-a91e-3f58580ca64f into model nwt
I1221 13:52:56.369675 145432576 cuckoo_watch.h:45] 326ms in ProcessBatch(batches/aaaaab.batch) [including 14ms in LoadMessage; 20ms in InitializeSparseNdw; 175ms in InferThetaAndUpdateNwtSparse; 107ms in CalculateScore(^^^ItemsProcessedScore^^^); ]
I1221 13:52:56.370679 156528640 master_component.cc:1378] RegularizeModelArgs: rwt_target_name=rwt, pwt_source_name=pwt, nwt_source_name=nwt
I1221 13:52:56.370707 156528640 master_component.cc:922] MasterComponent: start regularizing model pwt
I1221 13:52:56.393966 145432576 processor.cc:717] No data in processing queue, waiting...
I1221 13:52:56.480787 156528640 master_component.cc:948] MasterComponent: complete regularizing model pwt
I1221 13:52:56.480806 156528640 master_component.cc:1391] NormalizeModelArgs: pwt_target_name=pwt, nwt_source_name=nwt, rwt_source_name=rwt
I1221 13:52:56.480813 156528640 master_component.cc:952] MasterComponent: start normalizing model nwt
I1221 13:52:56.552860 156528640 master_component.cc:980] MasterComponent: complete normalizing model nwt
I1221 13:52:56.651626 156528640 master_component.cc:1415] DisposeModel rwt
I1221 13:52:56.668175 156528640 master_component.cc:1005] FitOffline: ItemsProcessed, num_items=1728, num_batches=2, token_weight=808522, token_weight_in_effect=808522
I1221 13:52:56.675865 2889179968 c_interface.cc:559] Pass GetScoreValueArgs, score_name=^^^ItemsProcessedScore^^^ to MasterComponent::Request
I1221 13:52:56.675904 2889179968 c_interface.cc:230] ArtmCopyRequestedMessage is copying 46 bytes...
I1221 13:52:56.676606 156528640 c_interface.cc:386] Pass FitOfflineMasterModelArgs, batch_filename_size=2, batch_weight_size=2, num_collection_passes=1 to MN4artm4core15MasterComponentEFvRKNS_25FitOfflineMasterModelArgsEE
I1221 13:52:56.676627 156528640 master_component.cc:1340] ProcessBatchesArgs: nwt_target_name=nwt, batch_filename_size=2, batch_size=0, batch_weight_size=2, pwt_source_name=pwt, num_document_passes=1, regularizer=(name:1:urn:uuid:1c644628-e680-11e7-857d-9e00d4124e01, tau:100000), class=(text:1), class=(author:1), reuse_theta=no, opt_for_avx=yes, predict_class_id=
I1221 13:52:56.730525 123863040 processor.cc:724] Processing queue has data, processing started
I1221 13:52:56.736107 122253312 processor.cc:724] Processing queue has data, processing started
I1221 13:52:56.745586 123863040 processor.cc:802] Processor: start processing batch d50c3682-44c3-4eb4-a91e-3f58580ca64f into model nwt
I1221 13:52:56.746263 122253312 processor.cc:802] Processor: start processing batch b955b06e-1f5f-4685-b7fd-441ade0ab071 into model nwt
I1221 13:52:56.914134 122253312 processor.cc:898] Processor: complete processing batch b955b06e-1f5f-4685-b7fd-441ade0ab071 into model nwt
I1221 13:52:56.918632 122253312 cuckoo_watch.h:45] 182ms in ProcessBatch(batches/aaaaaa.batch) [including 9ms in LoadMessage; 9ms in InitializeSparseNdw; 87ms in InferThetaAndUpdateNwtSparse; 68ms in CalculateScore(^^^ItemsProcessedScore^^^); ]
I1221 13:52:56.942665 122253312 processor.cc:717] No data in processing queue, waiting...
I1221 13:52:57.063601 123863040 processor.cc:898] Processor: complete processing batch d50c3682-44c3-4eb4-a91e-3f58580ca64f into model nwt
I1221 13:52:57.069448 123863040 cuckoo_watch.h:45] 338ms in ProcessBatch(batches/aaaaab.batch) [including 13ms in LoadMessage; 20ms in InitializeSparseNdw; 200ms in InferThetaAndUpdateNwtSparse; 96ms in CalculateScore(^^^ItemsProcessedScore^^^); ]
I1221 13:52:57.070567 156528640 master_component.cc:1378] RegularizeModelArgs: rwt_target_name=rwt, pwt_source_name=pwt, nwt_source_name=nwt
I1221 13:52:57.070638 156528640 master_component.cc:922] MasterComponent: start regularizing model pwt
I1221 13:52:57.093477 123863040 processor.cc:717] No data in processing queue, waiting...
I1221 13:52:57.179489 156528640 master_component.cc:948] MasterComponent: complete regularizing model pwt
I1221 13:52:57.179508 156528640 master_component.cc:1391] NormalizeModelArgs: pwt_target_name=pwt, nwt_source_name=nwt, rwt_source_name=rwt
I1221 13:52:57.179515 156528640 master_component.cc:952] MasterComponent: start normalizing model nwt
I1221 13:52:57.259416 156528640 master_component.cc:980] MasterComponent: complete normalizing model nwt
I1221 13:52:57.376283 156528640 master_component.cc:1415] DisposeModel rwt
I1221 13:52:57.395117 156528640 master_component.cc:1005] FitOffline: ItemsProcessed, num_items=1728, num_batches=2, token_weight=808522, token_weight_in_effect=808522
I1221 13:52:57.423755 2889179968 c_interface.cc:559] Pass GetScoreValueArgs, score_name=^^^ItemsProcessedScore^^^ to MasterComponent::Request
I1221 13:52:57.423794 2889179968 c_interface.cc:230] ArtmCopyRequestedMessage is copying 46 bytes...
I1221 13:52:57.424530 156528640 c_interface.cc:386] Pass FitOfflineMasterModelArgs, batch_filename_size=2, batch_weight_size=2, num_collection_passes=1 to MN4artm4core15MasterComponentEFvRKNS_25FitOfflineMasterModelArgsEE
I1221 13:52:57.424551 156528640 master_component.cc:1340] ProcessBatchesArgs: nwt_target_name=nwt, batch_filename_size=2, batch_size=0, batch_weight_size=2, pwt_source_name=pwt, num_document_passes=1, regularizer=(name:1:urn:uuid:1c644628-e680-11e7-857d-9e00d4124e01, tau:100000), class=(text:1), class=(author:1), reuse_theta=no, opt_for_avx=yes, predict_class_id=
I1221 13:52:57.481375 122253312 processor.cc:724] Processing queue has data, processing started
I1221 13:52:57.491859 123863040 processor.cc:724] Processing queue has data, processing started
I1221 13:52:57.503005 122253312 processor.cc:802] Processor: start processing batch d50c3682-44c3-4eb4-a91e-3f58580ca64f into model nwt
I1221 13:52:57.504443 123863040 processor.cc:802] Processor: start processing batch b955b06e-1f5f-4685-b7fd-441ade0ab071 into model nwt
I1221 13:52:57.665124 123863040 processor.cc:898] Processor: complete processing batch b955b06e-1f5f-4685-b7fd-441ade0ab071 into model nwt
I1221 13:52:57.669436 123863040 cuckoo_watch.h:45] 177ms in ProcessBatch(batches/aaaaaa.batch) [including 11ms in LoadMessage; 11ms in InitializeSparseNdw; 101ms in InferThetaAndUpdateNwtSparse; 44ms in CalculateScore(^^^ItemsProcessedScore^^^); ]
I1221 13:52:57.692733 123863040 processor.cc:717] No data in processing queue, waiting...
I1221 13:52:57.836886 122253312 processor.cc:898] Processor: complete processing batch d50c3682-44c3-4eb4-a91e-3f58580ca64f into model nwt
I1221 13:52:57.842778 122253312 cuckoo_watch.h:45] 361ms in ProcessBatch(batches/aaaaab.batch) [including 20ms in LoadMessage; 24ms in InitializeSparseNdw; 201ms in InferThetaAndUpdateNwtSparse; 106ms in CalculateScore(^^^ItemsProcessedScore^^^); ]
I1221 13:52:57.842813 156528640 master_component.cc:1378] RegularizeModelArgs: rwt_target_name=rwt, pwt_source_name=pwt, nwt_source_name=nwt
I1221 13:52:57.842861 156528640 master_component.cc:922] MasterComponent: start regularizing model pwt
I1221 13:52:57.866514 122253312 processor.cc:717] No data in processing queue, waiting...
I1221 13:52:57.961625 156528640 master_component.cc:948] MasterComponent: complete regularizing model pwt
I1221 13:52:57.961643 156528640 master_component.cc:1391] NormalizeModelArgs: pwt_target_name=pwt, nwt_source_name=nwt, rwt_source_name=rwt
I1221 13:52:57.961652 156528640 master_component.cc:952] MasterComponent: start normalizing model nwt
I1221 13:52:58.041049 156528640 master_component.cc:980] MasterComponent: complete normalizing model nwt
I1221 13:52:58.138783 156528640 master_component.cc:1415] DisposeModel rwt
I1221 13:52:58.155369 156528640 master_component.cc:1005] FitOffline: ItemsProcessed, num_items=1728, num_batches=2, token_weight=808522, token_weight_in_effect=808522
I1221 13:52:58.164007 2889179968 c_interface.cc:559] Pass GetScoreValueArgs, score_name=^^^ItemsProcessedScore^^^ to MasterComponent::Request
I1221 13:52:58.164044 2889179968 c_interface.cc:230] ArtmCopyRequestedMessage is copying 46 bytes...
I1221 13:52:58.164747 156528640 c_interface.cc:386] Pass FitOfflineMasterModelArgs, batch_filename_size=2, batch_weight_size=2, num_collection_passes=1 to MN4artm4core15MasterComponentEFvRKNS_25FitOfflineMasterModelArgsEE
I1221 13:52:58.164768 156528640 master_component.cc:1340] ProcessBatchesArgs: nwt_target_name=nwt, batch_filename_size=2, batch_size=0, batch_weight_size=2, pwt_source_name=pwt, num_document_passes=1, regularizer=(name:1:urn:uuid:1c644628-e680-11e7-857d-9e00d4124e01, tau:100000), class=(text:1), class=(author:1), reuse_theta=no, opt_for_avx=yes, predict_class_id=
I1221 13:52:58.227428 123326464 processor.cc:724] Processing queue has data, processing started
I1221 13:52:58.234323 145432576 processor.cc:724] Processing queue has data, processing started
I1221 13:52:58.245076 123326464 processor.cc:802] Processor: start processing batch d50c3682-44c3-4eb4-a91e-3f58580ca64f into model nwt
I1221 13:52:58.245679 145432576 processor.cc:802] Processor: start processing batch b955b06e-1f5f-4685-b7fd-441ade0ab071 into model nwt
I1221 13:52:58.407833 145432576 processor.cc:898] Processor: complete processing batch b955b06e-1f5f-4685-b7fd-441ade0ab071 into model nwt
I1221 13:52:58.412359 145432576 cuckoo_watch.h:45] 177ms in ProcessBatch(batches/aaaaaa.batch) [including 9ms in LoadMessage; 11ms in InitializeSparseNdw; 95ms in InferThetaAndUpdateNwtSparse; 53ms in CalculateScore(^^^ItemsProcessedScore^^^); ]
I1221 13:52:58.436107 145432576 processor.cc:717] No data in processing queue, waiting...
I1221 13:52:58.556186 123326464 processor.cc:898] Processor: complete processing batch d50c3682-44c3-4eb4-a91e-3f58580ca64f into model nwt
I1221 13:52:58.562170 123326464 cuckoo_watch.h:45] 334ms in ProcessBatch(batches/aaaaab.batch) [including 16ms in LoadMessage; 29ms in InitializeSparseNdw; 187ms in InferThetaAndUpdateNwtSparse; 93ms in CalculateScore(^^^ItemsProcessedScore^^^); ]
I1221 13:52:58.563105 156528640 master_component.cc:1378] RegularizeModelArgs: rwt_target_name=rwt, pwt_source_name=pwt, nwt_source_name=nwt
I1221 13:52:58.563134 156528640 master_component.cc:922] MasterComponent: start regularizing model pwt
I1221 13:52:58.586285 123326464 processor.cc:717] No data in processing queue, waiting...
I1221 13:52:58.673413 156528640 master_component.cc:948] MasterComponent: complete regularizing model pwt
I1221 13:52:58.673431 156528640 master_component.cc:1391] NormalizeModelArgs: pwt_target_name=pwt, nwt_source_name=nwt, rwt_source_name=rwt
I1221 13:52:58.673439 156528640 master_component.cc:952] MasterComponent: start normalizing model nwt
I1221 13:52:58.751093 156528640 master_component.cc:980] MasterComponent: complete normalizing model nwt
I1221 13:52:58.855415 156528640 master_component.cc:1415] DisposeModel rwt
I1221 13:52:58.876322 156528640 master_component.cc:1005] FitOffline: ItemsProcessed, num_items=1728, num_batches=2, token_weight=808522, token_weight_in_effect=808522
I1221 13:52:58.896102 2889179968 c_interface.cc:559] Pass GetScoreValueArgs, score_name=^^^ItemsProcessedScore^^^ to MasterComponent::Request
I1221 13:52:58.896168 2889179968 c_interface.cc:230] ArtmCopyRequestedMessage is copying 46 bytes...
I1221 13:52:58.907388 2889179968 c_interface.cc:386] Pass MasterModelConfig: topic_name_size=30, class=(text:1), class=(author:1), score_config_size=3, num_processors=0, pwt_name=pwt, nwt_name=nwt, num_document_passes=1, regularizer=(1:urn:uuid:1c644628-e680-11e7-857d-9e00d4124e01:100000), regularizer=(1:urn:uuid:29c4e07d-e680-11e7-90ec-9e00d4124e01:-100000), reuse_theta=no, cache_theta=yes, opt_for_avx=yes, disk_cache_path to MN4artm4core15MasterComponentEFvRKNS_17MasterModelConfigEE
I1221 13:52:58.907438 2889179968 instance.cc:401] MasterModelConfig.processors_count is automatically set to 4
I1221 13:52:58.907488 2889179968 instance.cc:232] Regularizer '1:urn:uuid:1c644628-e680-11e7-857d-9e00d4124e01' was cold-reconfigured
I1221 13:52:58.907501 2889179968 instance.cc:232] Regularizer '1:urn:uuid:29c4e07d-e680-11e7-90ec-9e00d4124e01' was cold-reconfigured
I1221 13:52:58.920161 156528640 c_interface.cc:386] Pass FitOfflineMasterModelArgs, batch_filename_size=2, batch_weight_size=2, num_collection_passes=1 to MN4artm4core15MasterComponentEFvRKNS_25FitOfflineMasterModelArgsEE
I1221 13:52:58.920187 156528640 master_component.cc:1340] ProcessBatchesArgs: nwt_target_name=nwt, batch_filename_size=2, batch_size=0, batch_weight_size=2, pwt_source_name=pwt, num_document_passes=1, regularizer=(name:1:urn:uuid:1c644628-e680-11e7-857d-9e00d4124e01, tau:100000), regularizer=(name:1:urn:uuid:29c4e07d-e680-11e7-90ec-9e00d4124e01, tau:-100000), class=(text:1), class=(author:1), reuse_theta=no, opt_for_avx=yes, predict_class_id=
I1221 13:52:59.002684 145432576 processor.cc:724] Processing queue has data, processing started
I1221 13:52:59.009198 123863040 processor.cc:724] Processing queue has data, processing started
I1221 13:52:59.018275 145432576 processor.cc:802] Processor: start processing batch d50c3682-44c3-4eb4-a91e-3f58580ca64f into model nwt
I1221 13:52:59.019536 123863040 processor.cc:802] Processor: start processing batch b955b06e-1f5f-4685-b7fd-441ade0ab071 into model nwt
I1221 13:52:59.179600 123863040 processor.cc:898] Processor: complete processing batch b955b06e-1f5f-4685-b7fd-441ade0ab071 into model nwt
I1221 13:52:59.183773 123863040 cuckoo_watch.h:45] 174ms in ProcessBatch(batches/aaaaaa.batch) [including 9ms in LoadMessage; 9ms in InitializeSparseNdw; 102ms in InferThetaAndUpdateNwtSparse; 47ms in CalculateScore(^^^ItemsProcessedScore^^^); ]
I1221 13:52:59.208487 123863040 processor.cc:717] No data in processing queue, waiting...
I1221 13:52:59.331614 145432576 processor.cc:898] Processor: complete processing batch d50c3682-44c3-4eb4-a91e-3f58580ca64f into model nwt
I1221 13:52:59.337944 145432576 cuckoo_watch.h:45] 335ms in ProcessBatch(batches/aaaaab.batch) [including 14ms in LoadMessage; 20ms in InitializeSparseNdw; 197ms in InferThetaAndUpdateNwtSparse; 94ms in CalculateScore(^^^ItemsProcessedScore^^^); ]
I1221 13:52:59.339251 156528640 master_component.cc:1378] RegularizeModelArgs: rwt_target_name=rwt, pwt_source_name=pwt, nwt_source_name=nwt
I1221 13:52:59.339325 156528640 master_component.cc:922] MasterComponent: start regularizing model pwt
I1221 13:52:59.361765 145432576 processor.cc:717] No data in processing queue, waiting...
I1221 13:52:59.487648 156528640 master_component.cc:948] MasterComponent: complete regularizing model pwt
I1221 13:52:59.487668 156528640 master_component.cc:1391] NormalizeModelArgs: pwt_target_name=pwt, nwt_source_name=nwt, rwt_source_name=rwt
I1221 13:52:59.487676 156528640 master_component.cc:952] MasterComponent: start normalizing model nwt
I1221 13:52:59.571871 156528640 master_component.cc:980] MasterComponent: complete normalizing model nwt
I1221 13:52:59.630798 156528640 master_component.cc:1415] DisposeModel rwt
I1221 13:52:59.651384 156528640 master_component.cc:1005] FitOffline: ItemsProcessed, num_items=1728, num_batches=2, token_weight=808522, token_weight_in_effect=808522
I1221 13:52:59.662987 2889179968 c_interface.cc:559] Pass GetScoreValueArgs, score_name=^^^ItemsProcessedScore^^^ to MasterComponent::Request
I1221 13:52:59.663027 2889179968 c_interface.cc:230] ArtmCopyRequestedMessage is copying 46 bytes...
I1221 13:52:59.663825 156528640 c_interface.cc:386] Pass FitOfflineMasterModelArgs, batch_filename_size=2, batch_weight_size=2, num_collection_passes=1 to MN4artm4core15MasterComponentEFvRKNS_25FitOfflineMasterModelArgsEE
I1221 13:52:59.663848 156528640 master_component.cc:1340] ProcessBatchesArgs: nwt_target_name=nwt, batch_filename_size=2, batch_size=0, batch_weight_size=2, pwt_source_name=pwt, num_document_passes=1, regularizer=(name:1:urn:uuid:1c644628-e680-11e7-857d-9e00d4124e01, tau:100000), regularizer=(name:1:urn:uuid:29c4e07d-e680-11e7-90ec-9e00d4124e01, tau:-100000), class=(text:1), class=(author:1), reuse_theta=no, opt_for_avx=yes, predict_class_id=
I1221 13:52:59.719945 123326464 processor.cc:724] Processing queue has data, processing started
I1221 13:52:59.725409 123863040 processor.cc:724] Processing queue has data, processing started
I1221 13:52:59.734895 123326464 processor.cc:802] Processor: start processing batch d50c3682-44c3-4eb4-a91e-3f58580ca64f into model nwt
I1221 13:52:59.735721 123863040 processor.cc:802] Processor: start processing batch b955b06e-1f5f-4685-b7fd-441ade0ab071 into model nwt
I1221 13:52:59.880256 123863040 processor.cc:898] Processor: complete processing batch b955b06e-1f5f-4685-b7fd-441ade0ab071 into model nwt
I1221 13:52:59.884495 123863040 cuckoo_watch.h:45] 159ms in ProcessBatch(batches/aaaaaa.batch) [including 9ms in LoadMessage; 9ms in InitializeSparseNdw; 87ms in InferThetaAndUpdateNwtSparse; 46ms in CalculateScore(^^^ItemsProcessedScore^^^); ]
I1221 13:52:59.909339 123863040 processor.cc:717] No data in processing queue, waiting...
I1221 13:53:00.041357 123326464 processor.cc:898] Processor: complete processing batch d50c3682-44c3-4eb4-a91e-3f58580ca64f into model nwt
I1221 13:53:00.047914 123326464 cuckoo_watch.h:45] 327ms in ProcessBatch(batches/aaaaab.batch) [including 13ms in LoadMessage; 20ms in InitializeSparseNdw; 177ms in InferThetaAndUpdateNwtSparse; 107ms in CalculateScore(^^^ItemsProcessedScore^^^); ]
I1221 13:53:00.048023 156528640 master_component.cc:1378] RegularizeModelArgs: rwt_target_name=rwt, pwt_source_name=pwt, nwt_source_name=nwt
I1221 13:53:00.048043 156528640 master_component.cc:922] MasterComponent: start regularizing model pwt
I1221 13:53:00.071888 123326464 processor.cc:717] No data in processing queue, waiting...
I1221 13:53:00.204519 156528640 master_component.cc:948] MasterComponent: complete regularizing model pwt
I1221 13:53:00.204537 156528640 master_component.cc:1391] NormalizeModelArgs: pwt_target_name=pwt, nwt_source_name=nwt, rwt_source_name=rwt
I1221 13:53:00.204545 156528640 master_component.cc:952] MasterComponent: start normalizing model nwt
I1221 13:53:00.285975 156528640 master_component.cc:980] MasterComponent: complete normalizing model nwt
I1221 13:53:00.348808 156528640 master_component.cc:1415] DisposeModel rwt
I1221 13:53:00.367669 156528640 master_component.cc:1005] FitOffline: ItemsProcessed, num_items=1728, num_batches=2, token_weight=808522, token_weight_in_effect=808522
I1221 13:53:00.399130 2889179968 c_interface.cc:559] Pass GetScoreValueArgs, score_name=^^^ItemsProcessedScore^^^ to MasterComponent::Request
I1221 13:53:00.399173 2889179968 c_interface.cc:230] ArtmCopyRequestedMessage is copying 46 bytes...
I1221 13:53:00.399984 156528640 c_interface.cc:386] Pass FitOfflineMasterModelArgs, batch_filename_size=2, batch_weight_size=2, num_collection_passes=1 to MN4artm4core15MasterComponentEFvRKNS_25FitOfflineMasterModelArgsEE
I1221 13:53:00.400012 156528640 master_component.cc:1340] ProcessBatchesArgs: nwt_target_name=nwt, batch_filename_size=2, batch_size=0, batch_weight_size=2, pwt_source_name=pwt, num_document_passes=1, regularizer=(name:1:urn:uuid:1c644628-e680-11e7-857d-9e00d4124e01, tau:100000), regularizer=(name:1:urn:uuid:29c4e07d-e680-11e7-90ec-9e00d4124e01, tau:-100000), class=(text:1), class=(author:1), reuse_theta=no, opt_for_avx=yes, predict_class_id=
I1221 13:53:00.455327 122253312 processor.cc:724] Processing queue has data, processing started
I1221 13:53:00.463094 145432576 processor.cc:724] Processing queue has data, processing started
I1221 13:53:00.473075 122253312 processor.cc:802] Processor: start processing batch d50c3682-44c3-4eb4-a91e-3f58580ca64f into model nwt
I1221 13:53:00.473212 145432576 processor.cc:802] Processor: start processing batch b955b06e-1f5f-4685-b7fd-441ade0ab071 into model nwt
I1221 13:53:00.618067 145432576 processor.cc:898] Processor: complete processing batch b955b06e-1f5f-4685-b7fd-441ade0ab071 into model nwt
I1221 13:53:00.623289 145432576 cuckoo_watch.h:45] 160ms in ProcessBatch(batches/aaaaaa.batch) [including 8ms in LoadMessage; 9ms in InitializeSparseNdw; 88ms in InferThetaAndUpdateNwtSparse; 46ms in CalculateScore(^^^ItemsProcessedScore^^^); ]
I1221 13:53:00.647763 145432576 processor.cc:717] No data in processing queue, waiting...
I1221 13:53:00.764463 122253312 processor.cc:898] Processor: complete processing batch d50c3682-44c3-4eb4-a91e-3f58580ca64f into model nwt
I1221 13:53:00.771136 122253312 cuckoo_watch.h:45] 315ms in ProcessBatch(batches/aaaaab.batch) [including 16ms in LoadMessage; 20ms in InitializeSparseNdw; 178ms in InferThetaAndUpdateNwtSparse; 91ms in CalculateScore(^^^ItemsProcessedScore^^^); ]
I1221 13:53:00.772032 156528640 master_component.cc:1378] RegularizeModelArgs: rwt_target_name=rwt, pwt_source_name=pwt, nwt_source_name=nwt
I1221 13:53:00.772063 156528640 master_component.cc:922] MasterComponent: start regularizing model pwt
I1221 13:53:00.795500 122253312 processor.cc:717] No data in processing queue, waiting...
I1221 13:53:00.922137 156528640 master_component.cc:948] MasterComponent: complete regularizing model pwt
I1221 13:53:00.922158 156528640 master_component.cc:1391] NormalizeModelArgs: pwt_target_name=pwt, nwt_source_name=nwt, rwt_source_name=rwt
I1221 13:53:00.922165 156528640 master_component.cc:952] MasterComponent: start normalizing model nwt
I1221 13:53:00.997611 156528640 master_component.cc:980] MasterComponent: complete normalizing model nwt
I1221 13:53:01.054250 156528640 master_component.cc:1415] DisposeModel rwt
I1221 13:53:01.074298 156528640 master_component.cc:1005] FitOffline: ItemsProcessed, num_items=1728, num_batches=2, token_weight=808522, token_weight_in_effect=808522
I1221 13:53:01.097746 2889179968 c_interface.cc:559] Pass GetScoreValueArgs, score_name=^^^ItemsProcessedScore^^^ to MasterComponent::Request
I1221 13:53:01.097790 2889179968 c_interface.cc:230] ArtmCopyRequestedMessage is copying 46 bytes...
I1221 13:53:01.098600 156528640 c_interface.cc:386] Pass FitOfflineMasterModelArgs, batch_filename_size=2, batch_weight_size=2, num_collection_passes=1 to MN4artm4core15MasterComponentEFvRKNS_25FitOfflineMasterModelArgsEE
I1221 13:53:01.098624 156528640 master_component.cc:1340] ProcessBatchesArgs: nwt_target_name=nwt, batch_filename_size=2, batch_size=0, batch_weight_size=2, pwt_source_name=pwt, num_document_passes=1, regularizer=(name:1:urn:uuid:1c644628-e680-11e7-857d-9e00d4124e01, tau:100000), regularizer=(name:1:urn:uuid:29c4e07d-e680-11e7-90ec-9e00d4124e01, tau:-100000), class=(text:1), class=(author:1), reuse_theta=no, opt_for_avx=yes, predict_class_id=
I1221 13:53:01.151490 145432576 processor.cc:724] Processing queue has data, processing started
I1221 13:53:01.157753 123863040 processor.cc:724] Processing queue has data, processing started
I1221 13:53:01.166709 145432576 processor.cc:802] Processor: start processing batch d50c3682-44c3-4eb4-a91e-3f58580ca64f into model nwt
I1221 13:53:01.167779 123863040 processor.cc:802] Processor: start processing batch b955b06e-1f5f-4685-b7fd-441ade0ab071 into model nwt
I1221 13:53:01.311990 123863040 processor.cc:898] Processor: complete processing batch b955b06e-1f5f-4685-b7fd-441ade0ab071 into model nwt
I1221 13:53:01.316421 123863040 cuckoo_watch.h:45] 158ms in ProcessBatch(batches/aaaaaa.batch) [including 8ms in LoadMessage; 9ms in InitializeSparseNdw; 86ms in InferThetaAndUpdateNwtSparse; 46ms in CalculateScore(^^^ItemsProcessedScore^^^); ]
I1221 13:53:01.341213 123863040 processor.cc:717] No data in processing queue, waiting...
I1221 13:53:01.458438 145432576 processor.cc:898] Processor: complete processing batch d50c3682-44c3-4eb4-a91e-3f58580ca64f into model nwt
I1221 13:53:01.466023 145432576 cuckoo_watch.h:45] 314ms in ProcessBatch(batches/aaaaab.batch) [including 14ms in LoadMessage; 20ms in InitializeSparseNdw; 177ms in InferThetaAndUpdateNwtSparse; 93ms in CalculateScore(^^^ItemsProcessedScore^^^); ]
I1221 13:53:01.466154 156528640 master_component.cc:1378] RegularizeModelArgs: rwt_target_name=rwt, pwt_source_name=pwt, nwt_source_name=nwt
I1221 13:53:01.466176 156528640 master_component.cc:922] MasterComponent: start regularizing model pwt
I1221 13:53:01.490445 145432576 processor.cc:717] No data in processing queue, waiting...
I1221 13:53:01.617478 156528640 master_component.cc:948] MasterComponent: complete regularizing model pwt
I1221 13:53:01.617498 156528640 master_component.cc:1391] NormalizeModelArgs: pwt_target_name=pwt, nwt_source_name=nwt, rwt_source_name=rwt
I1221 13:53:01.617506 156528640 master_component.cc:952] MasterComponent: start normalizing model nwt
I1221 13:53:01.696666 156528640 master_component.cc:980] MasterComponent: complete normalizing model nwt
I1221 13:53:01.756871 156528640 master_component.cc:1415] DisposeModel rwt
I1221 13:53:01.777743 156528640 master_component.cc:1005] FitOffline: ItemsProcessed, num_items=1728, num_batches=2, token_weight=808522, token_weight_in_effect=808522
I1221 13:53:01.793047 2889179968 c_interface.cc:559] Pass GetScoreValueArgs, score_name=^^^ItemsProcessedScore^^^ to MasterComponent::Request
I1221 13:53:01.793092 2889179968 c_interface.cc:230] ArtmCopyRequestedMessage is copying 46 bytes...
I1221 13:53:01.793874 156528640 c_interface.cc:386] Pass FitOfflineMasterModelArgs, batch_filename_size=2, batch_weight_size=2, num_collection_passes=1 to MN4artm4core15MasterComponentEFvRKNS_25FitOfflineMasterModelArgsEE
I1221 13:53:01.793900 156528640 master_component.cc:1340] ProcessBatchesArgs: nwt_target_name=nwt, batch_filename_size=2, batch_size=0, batch_weight_size=2, pwt_source_name=pwt, num_document_passes=1, regularizer=(name:1:urn:uuid:1c644628-e680-11e7-857d-9e00d4124e01, tau:100000), regularizer=(name:1:urn:uuid:29c4e07d-e680-11e7-90ec-9e00d4124e01, tau:-100000), class=(text:1), class=(author:1), reuse_theta=no, opt_for_avx=yes, predict_class_id=
I1221 13:53:01.849902 123863040 processor.cc:724] Processing queue has data, processing started
I1221 13:53:01.855257 122253312 processor.cc:724] Processing queue has data, processing started
I1221 13:53:01.865245 123863040 processor.cc:802] Processor: start processing batch d50c3682-44c3-4eb4-a91e-3f58580ca64f into model nwt
I1221 13:53:01.865658 122253312 processor.cc:802] Processor: start processing batch b955b06e-1f5f-4685-b7fd-441ade0ab071 into model nwt
I1221 13:53:02.007177 122253312 processor.cc:898] Processor: complete processing batch b955b06e-1f5f-4685-b7fd-441ade0ab071 into model nwt
I1221 13:53:02.011653 122253312 cuckoo_watch.h:45] 156ms in ProcessBatch(batches/aaaaaa.batch) [including 9ms in LoadMessage; 9ms in InitializeSparseNdw; 86ms in InferThetaAndUpdateNwtSparse; 44ms in CalculateScore(^^^ItemsProcessedScore^^^); ]
I1221 13:53:02.036556 122253312 processor.cc:717] No data in processing queue, waiting...
I1221 13:53:02.151479 123863040 processor.cc:898] Processor: complete processing batch d50c3682-44c3-4eb4-a91e-3f58580ca64f into model nwt
I1221 13:53:02.157670 123863040 cuckoo_watch.h:45] 307ms in ProcessBatch(batches/aaaaab.batch) [including 14ms in LoadMessage; 20ms in InitializeSparseNdw; 175ms in InferThetaAndUpdateNwtSparse; 88ms in CalculateScore(^^^ItemsProcessedScore^^^); ]
I1221 13:53:02.158810 156528640 master_component.cc:1378] RegularizeModelArgs: rwt_target_name=rwt, pwt_source_name=pwt, nwt_source_name=nwt
I1221 13:53:02.158900 156528640 master_component.cc:922] MasterComponent: start regularizing model pwt
I1221 13:53:02.181761 123863040 processor.cc:717] No data in processing queue, waiting...
I1221 13:53:02.303279 156528640 master_component.cc:948] MasterComponent: complete regularizing model pwt
I1221 13:53:02.303298 156528640 master_component.cc:1391] NormalizeModelArgs: pwt_target_name=pwt, nwt_source_name=nwt, rwt_source_name=rwt
I1221 13:53:02.303305 156528640 master_component.cc:952] MasterComponent: start normalizing model nwt
I1221 13:53:02.376112 156528640 master_component.cc:980] MasterComponent: complete normalizing model nwt
I1221 13:53:02.434890 156528640 master_component.cc:1415] DisposeModel rwt
I1221 13:53:02.452740 156528640 master_component.cc:1005] FitOffline: ItemsProcessed, num_items=1728, num_batches=2, token_weight=808522, token_weight_in_effect=808522
I1221 13:53:02.475458 2889179968 c_interface.cc:559] Pass GetScoreValueArgs, score_name=^^^ItemsProcessedScore^^^ to MasterComponent::Request
I1221 13:53:02.475502 2889179968 c_interface.cc:230] ArtmCopyRequestedMessage is copying 46 bytes...
I1221 13:53:02.476284 156528640 c_interface.cc:386] Pass FitOfflineMasterModelArgs, batch_filename_size=2, batch_weight_size=2, num_collection_passes=1 to MN4artm4core15MasterComponentEFvRKNS_25FitOfflineMasterModelArgsEE
I1221 13:53:02.476321 156528640 master_component.cc:1340] ProcessBatchesArgs: nwt_target_name=nwt, batch_filename_size=2, batch_size=0, batch_weight_size=2, pwt_source_name=pwt, num_document_passes=1, regularizer=(name:1:urn:uuid:1c644628-e680-11e7-857d-9e00d4124e01, tau:100000), regularizer=(name:1:urn:uuid:29c4e07d-e680-11e7-90ec-9e00d4124e01, tau:-100000), class=(text:1), class=(author:1), reuse_theta=no, opt_for_avx=yes, predict_class_id=
I1221 13:53:02.529506 123326464 processor.cc:724] Processing queue has data, processing started
I1221 13:53:02.535734 145432576 processor.cc:724] Processing queue has data, processing started
I1221 13:53:02.544529 123326464 processor.cc:802] Processor: start processing batch d50c3682-44c3-4eb4-a91e-3f58580ca64f into model nwt
I1221 13:53:02.545670 145432576 processor.cc:802] Processor: start processing batch b955b06e-1f5f-4685-b7fd-441ade0ab071 into model nwt
I1221 13:53:02.686151 145432576 processor.cc:898] Processor: complete processing batch b955b06e-1f5f-4685-b7fd-441ade0ab071 into model nwt
I1221 13:53:02.690451 145432576 cuckoo_watch.h:45] 154ms in ProcessBatch(batches/aaaaaa.batch) [including 8ms in LoadMessage; 9ms in InitializeSparseNdw; 85ms in InferThetaAndUpdateNwtSparse; 45ms in CalculateScore(^^^ItemsProcessedScore^^^); ]
I1221 13:53:02.714336 145432576 processor.cc:717] No data in processing queue, waiting...
I1221 13:53:02.826146 123326464 processor.cc:898] Processor: complete processing batch d50c3682-44c3-4eb4-a91e-3f58580ca64f into model nwt
I1221 13:53:02.831955 123326464 cuckoo_watch.h:45] 302ms in ProcessBatch(batches/aaaaab.batch) [including 13ms in LoadMessage; 20ms in InitializeSparseNdw; 172ms in InferThetaAndUpdateNwtSparse; 88ms in CalculateScore(^^^ItemsProcessedScore^^^); ]
I1221 13:53:02.832407 156528640 master_component.cc:1378] RegularizeModelArgs: rwt_target_name=rwt, pwt_source_name=pwt, nwt_source_name=nwt
I1221 13:53:02.832434 156528640 master_component.cc:922] MasterComponent: start regularizing model pwt
I1221 13:53:02.856161 123326464 processor.cc:717] No data in processing queue, waiting...
I1221 13:53:02.975723 156528640 master_component.cc:948] MasterComponent: complete regularizing model pwt
I1221 13:53:02.975744 156528640 master_component.cc:1391] NormalizeModelArgs: pwt_target_name=pwt, nwt_source_name=nwt, rwt_source_name=rwt
I1221 13:53:02.975750 156528640 master_component.cc:952] MasterComponent: start normalizing model nwt
I1221 13:53:03.051928 156528640 master_component.cc:980] MasterComponent: complete normalizing model nwt
I1221 13:53:03.108855 156528640 master_component.cc:1415] DisposeModel rwt
I1221 13:53:03.129385 156528640 master_component.cc:1005] FitOffline: ItemsProcessed, num_items=1728, num_batches=2, token_weight=808522, token_weight_in_effect=808522
I1221 13:53:03.168120 2889179968 c_interface.cc:559] Pass GetScoreValueArgs, score_name=^^^ItemsProcessedScore^^^ to MasterComponent::Request
I1221 13:53:03.168164 2889179968 c_interface.cc:230] ArtmCopyRequestedMessage is copying 46 bytes...
I1221 13:53:03.168938 156528640 c_interface.cc:386] Pass FitOfflineMasterModelArgs, batch_filename_size=2, batch_weight_size=2, num_collection_passes=1 to MN4artm4core15MasterComponentEFvRKNS_25FitOfflineMasterModelArgsEE
I1221 13:53:03.168963 156528640 master_component.cc:1340] ProcessBatchesArgs: nwt_target_name=nwt, batch_filename_size=2, batch_size=0, batch_weight_size=2, pwt_source_name=pwt, num_document_passes=1, regularizer=(name:1:urn:uuid:1c644628-e680-11e7-857d-9e00d4124e01, tau:100000), regularizer=(name:1:urn:uuid:29c4e07d-e680-11e7-90ec-9e00d4124e01, tau:-100000), class=(text:1), class=(author:1), reuse_theta=no, opt_for_avx=yes, predict_class_id=
I1221 13:53:03.216641 145432576 processor.cc:724] Processing queue has data, processing started
I1221 13:53:03.224562 122253312 processor.cc:724] Processing queue has data, processing started
I1221 13:53:03.234616 122253312 processor.cc:802] Processor: start processing batch b955b06e-1f5f-4685-b7fd-441ade0ab071 into model nwt
I1221 13:53:03.234637 145432576 processor.cc:802] Processor: start processing batch d50c3682-44c3-4eb4-a91e-3f58580ca64f into model nwt
I1221 13:53:03.374811 122253312 processor.cc:898] Processor: complete processing batch b955b06e-1f5f-4685-b7fd-441ade0ab071 into model nwt
I1221 13:53:03.379943 122253312 cuckoo_watch.h:45] 155ms in ProcessBatch(batches/aaaaaa.batch) [including 8ms in LoadMessage; 8ms in InitializeSparseNdw; 86ms in InferThetaAndUpdateNwtSparse; 44ms in CalculateScore(^^^ItemsProcessedScore^^^); ]
I1221 13:53:03.404759 122253312 processor.cc:717] No data in processing queue, waiting...
I1221 13:53:03.521479 145432576 processor.cc:898] Processor: complete processing batch d50c3682-44c3-4eb4-a91e-3f58580ca64f into model nwt
I1221 13:53:03.528134 145432576 cuckoo_watch.h:45] 311ms in ProcessBatch(batches/aaaaab.batch) [including 16ms in LoadMessage; 21ms in InitializeSparseNdw; 174ms in InferThetaAndUpdateNwtSparse; 90ms in CalculateScore(^^^ItemsProcessedScore^^^); ]
I1221 13:53:03.528967 156528640 master_component.cc:1378] RegularizeModelArgs: rwt_target_name=rwt, pwt_source_name=pwt, nwt_source_name=nwt
I1221 13:53:03.528995 156528640 master_component.cc:922] MasterComponent: start regularizing model pwt
I1221 13:53:03.552428 145432576 processor.cc:717] No data in processing queue, waiting...
I1221 13:53:03.669889 156528640 master_component.cc:948] MasterComponent: complete regularizing model pwt
I1221 13:53:03.669908 156528640 master_component.cc:1391] NormalizeModelArgs: pwt_target_name=pwt, nwt_source_name=nwt, rwt_source_name=rwt
I1221 13:53:03.669914 156528640 master_component.cc:952] MasterComponent: start normalizing model nwt
I1221 13:53:03.744029 156528640 master_component.cc:980] MasterComponent: complete normalizing model nwt
I1221 13:53:03.802193 156528640 master_component.cc:1415] DisposeModel rwt
I1221 13:53:03.822783 156528640 master_component.cc:1005] FitOffline: ItemsProcessed, num_items=1728, num_batches=2, token_weight=808522, token_weight_in_effect=808522
I1221 13:53:03.863541 2889179968 c_interface.cc:559] Pass GetScoreValueArgs, score_name=^^^ItemsProcessedScore^^^ to MasterComponent::Request
I1221 13:53:03.863585 2889179968 c_interface.cc:230] ArtmCopyRequestedMessage is copying 46 bytes...
I1221 13:53:03.864420 156528640 c_interface.cc:386] Pass FitOfflineMasterModelArgs, batch_filename_size=2, batch_weight_size=2, num_collection_passes=1 to MN4artm4core15MasterComponentEFvRKNS_25FitOfflineMasterModelArgsEE
I1221 13:53:03.864445 156528640 master_component.cc:1340] ProcessBatchesArgs: nwt_target_name=nwt, batch_filename_size=2, batch_size=0, batch_weight_size=2, pwt_source_name=pwt, num_document_passes=1, regularizer=(name:1:urn:uuid:1c644628-e680-11e7-857d-9e00d4124e01, tau:100000), regularizer=(name:1:urn:uuid:29c4e07d-e680-11e7-90ec-9e00d4124e01, tau:-100000), class=(text:1), class=(author:1), reuse_theta=no, opt_for_avx=yes, predict_class_id=
I1221 13:53:03.918979 145432576 processor.cc:724] Processing queue has data, processing started
I1221 13:53:03.924721 123326464 processor.cc:724] Processing queue has data, processing started
I1221 13:53:03.934562 145432576 processor.cc:802] Processor: start processing batch d50c3682-44c3-4eb4-a91e-3f58580ca64f into model nwt
I1221 13:53:03.935039 123326464 processor.cc:802] Processor: start processing batch b955b06e-1f5f-4685-b7fd-441ade0ab071 into model nwt
I1221 13:53:04.079097 123326464 processor.cc:898] Processor: complete processing batch b955b06e-1f5f-4685-b7fd-441ade0ab071 into model nwt
I1221 13:53:04.083112 123326464 cuckoo_watch.h:45] 158ms in ProcessBatch(batches/aaaaaa.batch) [including 9ms in LoadMessage; 9ms in InitializeSparseNdw; 87ms in InferThetaAndUpdateNwtSparse; 46ms in CalculateScore(^^^ItemsProcessedScore^^^); ]
I1221 13:53:04.107414 123326464 processor.cc:717] No data in processing queue, waiting...
I1221 13:53:04.226148 145432576 processor.cc:898] Processor: complete processing batch d50c3682-44c3-4eb4-a91e-3f58580ca64f into model nwt
I1221 13:53:04.232646 145432576 cuckoo_watch.h:45] 313ms in ProcessBatch(batches/aaaaab.batch) [including 14ms in LoadMessage; 20ms in InitializeSparseNdw; 175ms in InferThetaAndUpdateNwtSparse; 94ms in CalculateScore(^^^ItemsProcessedScore^^^); ]
I1221 13:53:04.232802 156528640 master_component.cc:1378] RegularizeModelArgs: rwt_target_name=rwt, pwt_source_name=pwt, nwt_source_name=nwt
I1221 13:53:04.232820 156528640 master_component.cc:922] MasterComponent: start regularizing model pwt
I1221 13:53:04.257024 145432576 processor.cc:717] No data in processing queue, waiting...
I1221 13:53:04.379473 156528640 master_component.cc:948] MasterComponent: complete regularizing model pwt
I1221 13:53:04.379495 156528640 master_component.cc:1391] NormalizeModelArgs: pwt_target_name=pwt, nwt_source_name=nwt, rwt_source_name=rwt
I1221 13:53:04.379503 156528640 master_component.cc:952] MasterComponent: start normalizing model nwt
I1221 13:53:04.454715 156528640 master_component.cc:980] MasterComponent: complete normalizing model nwt
I1221 13:53:04.511615 156528640 master_component.cc:1415] DisposeModel rwt
I1221 13:53:04.532366 156528640 master_component.cc:1005] FitOffline: ItemsProcessed, num_items=1728, num_batches=2, token_weight=808522, token_weight_in_effect=808522
I1221 13:53:04.543292 2889179968 c_interface.cc:559] Pass GetScoreValueArgs, score_name=^^^ItemsProcessedScore^^^ to MasterComponent::Request
I1221 13:53:04.543331 2889179968 c_interface.cc:230] ArtmCopyRequestedMessage is copying 46 bytes...
I1221 13:53:04.544065 156528640 c_interface.cc:386] Pass FitOfflineMasterModelArgs, batch_filename_size=2, batch_weight_size=2, num_collection_passes=1 to MN4artm4core15MasterComponentEFvRKNS_25FitOfflineMasterModelArgsEE
I1221 13:53:04.544090 156528640 master_component.cc:1340] ProcessBatchesArgs: nwt_target_name=nwt, batch_filename_size=2, batch_size=0, batch_weight_size=2, pwt_source_name=pwt, num_document_passes=1, regularizer=(name:1:urn:uuid:1c644628-e680-11e7-857d-9e00d4124e01, tau:100000), regularizer=(name:1:urn:uuid:29c4e07d-e680-11e7-90ec-9e00d4124e01, tau:-100000), class=(text:1), class=(author:1), reuse_theta=no, opt_for_avx=yes, predict_class_id=
I1221 13:53:04.597266 145432576 processor.cc:724] Processing queue has data, processing started
I1221 13:53:04.603299 122253312 processor.cc:724] Processing queue has data, processing started
I1221 13:53:04.612401 145432576 processor.cc:802] Processor: start processing batch d50c3682-44c3-4eb4-a91e-3f58580ca64f into model nwt
I1221 13:53:04.613201 122253312 processor.cc:802] Processor: start processing batch b955b06e-1f5f-4685-b7fd-441ade0ab071 into model nwt
I1221 13:53:04.754865 122253312 processor.cc:898] Processor: complete processing batch b955b06e-1f5f-4685-b7fd-441ade0ab071 into model nwt
I1221 13:53:04.759835 122253312 cuckoo_watch.h:45] 156ms in ProcessBatch(batches/aaaaaa.batch) [including 8ms in LoadMessage; 9ms in InitializeSparseNdw; 85ms in InferThetaAndUpdateNwtSparse; 46ms in CalculateScore(^^^ItemsProcessedScore^^^); ]
I1221 13:53:04.784446 122253312 processor.cc:717] No data in processing queue, waiting...
I1221 13:53:04.901504 145432576 processor.cc:898] Processor: complete processing batch d50c3682-44c3-4eb4-a91e-3f58580ca64f into model nwt
I1221 13:53:04.907526 145432576 cuckoo_watch.h:45] 310ms in ProcessBatch(batches/aaaaab.batch) [including 13ms in LoadMessage; 20ms in InitializeSparseNdw; 178ms in InferThetaAndUpdateNwtSparse; 89ms in CalculateScore(^^^ItemsProcessedScore^^^); ]
I1221 13:53:04.907690 156528640 master_component.cc:1378] RegularizeModelArgs: rwt_target_name=rwt, pwt_source_name=pwt, nwt_source_name=nwt
I1221 13:53:04.907702 156528640 master_component.cc:922] MasterComponent: start regularizing model pwt
I1221 13:53:04.931810 145432576 processor.cc:717] No data in processing queue, waiting...
I1221 13:53:05.061941 156528640 master_component.cc:948] MasterComponent: complete regularizing model pwt
I1221 13:53:05.061988 156528640 master_component.cc:1391] NormalizeModelArgs: pwt_target_name=pwt, nwt_source_name=nwt, rwt_source_name=rwt
I1221 13:53:05.061996 156528640 master_component.cc:952] MasterComponent: start normalizing model nwt
I1221 13:53:05.142318 156528640 master_component.cc:980] MasterComponent: complete normalizing model nwt
I1221 13:53:05.204751 156528640 master_component.cc:1415] DisposeModel rwt
I1221 13:53:05.226789 156528640 master_component.cc:1005] FitOffline: ItemsProcessed, num_items=1728, num_batches=2, token_weight=808522, token_weight_in_effect=808522
I1221 13:53:05.234114 2889179968 c_interface.cc:559] Pass GetScoreValueArgs, score_name=^^^ItemsProcessedScore^^^ to MasterComponent::Request
I1221 13:53:05.234153 2889179968 c_interface.cc:230] ArtmCopyRequestedMessage is copying 46 bytes...
I1221 13:53:05.234869 156528640 c_interface.cc:386] Pass FitOfflineMasterModelArgs, batch_filename_size=2, batch_weight_size=2, num_collection_passes=1 to MN4artm4core15MasterComponentEFvRKNS_25FitOfflineMasterModelArgsEE
I1221 13:53:05.234891 156528640 master_component.cc:1340] ProcessBatchesArgs: nwt_target_name=nwt, batch_filename_size=2, batch_size=0, batch_weight_size=2, pwt_source_name=pwt, num_document_passes=1, regularizer=(name:1:urn:uuid:1c644628-e680-11e7-857d-9e00d4124e01, tau:100000), regularizer=(name:1:urn:uuid:29c4e07d-e680-11e7-90ec-9e00d4124e01, tau:-100000), class=(text:1), class=(author:1), reuse_theta=no, opt_for_avx=yes, predict_class_id=
I1221 13:53:05.288406 145432576 processor.cc:724] Processing queue has data, processing started
I1221 13:53:05.296260 123326464 processor.cc:724] Processing queue has data, processing started
I1221 13:53:05.305879 145432576 processor.cc:802] Processor: start processing batch d50c3682-44c3-4eb4-a91e-3f58580ca64f into model nwt
I1221 13:53:05.306236 123326464 processor.cc:802] Processor: start processing batch b955b06e-1f5f-4685-b7fd-441ade0ab071 into model nwt
I1221 13:53:05.449172 123326464 processor.cc:898] Processor: complete processing batch b955b06e-1f5f-4685-b7fd-441ade0ab071 into model nwt
I1221 13:53:05.453307 123326464 cuckoo_watch.h:45] 156ms in ProcessBatch(batches/aaaaaa.batch) [including 8ms in LoadMessage; 9ms in InitializeSparseNdw; 86ms in InferThetaAndUpdateNwtSparse; 45ms in CalculateScore(^^^ItemsProcessedScore^^^); ]
I1221 13:53:05.476925 123326464 processor.cc:717] No data in processing queue, waiting...
I1221 13:53:05.592902 145432576 processor.cc:898] Processor: complete processing batch d50c3682-44c3-4eb4-a91e-3f58580ca64f into model nwt
I1221 13:53:05.598897 145432576 cuckoo_watch.h:45] 310ms in ProcessBatch(batches/aaaaab.batch) [including 16ms in LoadMessage; 20ms in InitializeSparseNdw; 173ms in InferThetaAndUpdateNwtSparse; 92ms in CalculateScore(^^^ItemsProcessedScore^^^); ]
I1221 13:53:05.599922 156528640 master_component.cc:1378] RegularizeModelArgs: rwt_target_name=rwt, pwt_source_name=pwt, nwt_source_name=nwt
I1221 13:53:05.600002 156528640 master_component.cc:922] MasterComponent: start regularizing model pwt
I1221 13:53:05.622845 145432576 processor.cc:717] No data in processing queue, waiting...
I1221 13:53:05.743804 156528640 master_component.cc:948] MasterComponent: complete regularizing model pwt
I1221 13:53:05.743822 156528640 master_component.cc:1391] NormalizeModelArgs: pwt_target_name=pwt, nwt_source_name=nwt, rwt_source_name=rwt
I1221 13:53:05.743829 156528640 master_component.cc:952] MasterComponent: start normalizing model nwt
I1221 13:53:05.819433 156528640 master_component.cc:980] MasterComponent: complete normalizing model nwt
I1221 13:53:05.877760 156528640 master_component.cc:1415] DisposeModel rwt
I1221 13:53:05.895709 156528640 master_component.cc:1005] FitOffline: ItemsProcessed, num_items=1728, num_batches=2, token_weight=808522, token_weight_in_effect=808522
I1221 13:53:05.936141 2889179968 c_interface.cc:559] Pass GetScoreValueArgs, score_name=^^^ItemsProcessedScore^^^ to MasterComponent::Request
I1221 13:53:05.936200 2889179968 c_interface.cc:230] ArtmCopyRequestedMessage is copying 46 bytes...
I1221 13:53:05.937096 156528640 c_interface.cc:386] Pass FitOfflineMasterModelArgs, batch_filename_size=2, batch_weight_size=2, num_collection_passes=1 to MN4artm4core15MasterComponentEFvRKNS_25FitOfflineMasterModelArgsEE
I1221 13:53:05.937119 156528640 master_component.cc:1340] ProcessBatchesArgs: nwt_target_name=nwt, batch_filename_size=2, batch_size=0, batch_weight_size=2, pwt_source_name=pwt, num_document_passes=1, regularizer=(name:1:urn:uuid:1c644628-e680-11e7-857d-9e00d4124e01, tau:100000), regularizer=(name:1:urn:uuid:29c4e07d-e680-11e7-90ec-9e00d4124e01, tau:-100000), class=(text:1), class=(author:1), reuse_theta=no, opt_for_avx=yes, predict_class_id=
I1221 13:53:05.989215 123326464 processor.cc:724] Processing queue has data, processing started
I1221 13:53:05.995481 122253312 processor.cc:724] Processing queue has data, processing started
I1221 13:53:06.004760 123326464 processor.cc:802] Processor: start processing batch d50c3682-44c3-4eb4-a91e-3f58580ca64f into model nwt
I1221 13:53:06.005848 122253312 processor.cc:802] Processor: start processing batch b955b06e-1f5f-4685-b7fd-441ade0ab071 into model nwt
I1221 13:53:06.148488 122253312 processor.cc:898] Processor: complete processing batch b955b06e-1f5f-4685-b7fd-441ade0ab071 into model nwt
I1221 13:53:06.152900 122253312 cuckoo_watch.h:45] 157ms in ProcessBatch(batches/aaaaaa.batch) [including 9ms in LoadMessage; 9ms in InitializeSparseNdw; 86ms in InferThetaAndUpdateNwtSparse; 45ms in CalculateScore(^^^ItemsProcessedScore^^^); ]
I1221 13:53:06.177170 122253312 processor.cc:717] No data in processing queue, waiting...
I1221 13:53:06.290838 123326464 processor.cc:898] Processor: complete processing batch d50c3682-44c3-4eb4-a91e-3f58580ca64f into model nwt
I1221 13:53:06.297696 123326464 cuckoo_watch.h:45] 308ms in ProcessBatch(batches/aaaaab.batch) [including 14ms in LoadMessage; 20ms in InitializeSparseNdw; 174ms in InferThetaAndUpdateNwtSparse; 90ms in CalculateScore(^^^ItemsProcessedScore^^^); ]
I1221 13:53:06.298318 156528640 master_component.cc:1378] RegularizeModelArgs: rwt_target_name=rwt, pwt_source_name=pwt, nwt_source_name=nwt
I1221 13:53:06.298372 156528640 master_component.cc:922] MasterComponent: start regularizing model pwt
I1221 13:53:06.321992 123326464 processor.cc:717] No data in processing queue, waiting...
I1221 13:53:06.442831 156528640 master_component.cc:948] MasterComponent: complete regularizing model pwt
I1221 13:53:06.442849 156528640 master_component.cc:1391] NormalizeModelArgs: pwt_target_name=pwt, nwt_source_name=nwt, rwt_source_name=rwt
I1221 13:53:06.442857 156528640 master_component.cc:952] MasterComponent: start normalizing model nwt
I1221 13:53:06.514756 156528640 master_component.cc:980] MasterComponent: complete normalizing model nwt
I1221 13:53:06.570986 156528640 master_component.cc:1415] DisposeModel rwt
I1221 13:53:06.592259 156528640 master_component.cc:1005] FitOffline: ItemsProcessed, num_items=1728, num_batches=2, token_weight=808522, token_weight_in_effect=808522
I1221 13:53:06.627434 2889179968 c_interface.cc:559] Pass GetScoreValueArgs, score_name=^^^ItemsProcessedScore^^^ to MasterComponent::Request
I1221 13:53:06.627507 2889179968 c_interface.cc:230] ArtmCopyRequestedMessage is copying 46 bytes...
