I1221 10:01:51.713856 147042304 processor.cc:898] Processor: complete processing batch 2b6093f4-0b04-4f11-a98f-27d64e986742 into model nwt
I1221 10:01:51.720458 147042304 cuckoo_watch.h:45] 323ms in ProcessBatch(batches/aaaaab.batch) [including 13ms in LoadMessage; 20ms in InitializeSparseNdw; 175ms in InferThetaAndUpdateNwtSparse; 105ms in CalculateScore(^^^ItemsProcessedScore^^^); ]
I1221 10:01:51.720590 132276224 master_component.cc:1378] RegularizeModelArgs: rwt_target_name=rwt, pwt_source_name=pwt, nwt_source_name=nwt
I1221 10:01:51.720659 132276224 master_component.cc:922] MasterComponent: start regularizing model pwt
I1221 10:01:51.744765 147042304 processor.cc:717] No data in processing queue, waiting...
I1221 10:01:51.835533 132276224 master_component.cc:948] MasterComponent: complete regularizing model pwt
I1221 10:01:51.835552 132276224 master_component.cc:1391] NormalizeModelArgs: pwt_target_name=pwt, nwt_source_name=nwt, rwt_source_name=rwt
I1221 10:01:51.835559 132276224 master_component.cc:952] MasterComponent: start normalizing model nwt
I1221 10:01:51.911204 132276224 master_component.cc:980] MasterComponent: complete normalizing model nwt
I1221 10:01:52.007998 132276224 master_component.cc:1415] DisposeModel rwt
I1221 10:01:52.024008 132276224 master_component.cc:1005] FitOffline: ItemsProcessed, num_items=1728, num_batches=2, token_weight=808522, token_weight_in_effect=808522
I1221 10:01:52.027284 2889179968 c_interface.cc:559] Pass GetScoreValueArgs, score_name=^^^ItemsProcessedScore^^^ to MasterComponent::Request
I1221 10:01:52.027321 2889179968 c_interface.cc:230] ArtmCopyRequestedMessage is copying 46 bytes...
I1221 10:01:52.028048 132276224 c_interface.cc:386] Pass FitOfflineMasterModelArgs, batch_filename_size=2, batch_weight_size=2, num_collection_passes=1 to MN4artm4core15MasterComponentEFvRKNS_25FitOfflineMasterModelArgsEE
I1221 10:01:52.028072 132276224 master_component.cc:1340] ProcessBatchesArgs: nwt_target_name=nwt, batch_filename_size=2, batch_size=0, batch_weight_size=2, pwt_source_name=pwt, num_document_passes=1, regularizer=(name:1:urn:uuid:d3a469f8-e65f-11e7-9f60-9e00d4124e01, tau:100000), class=(text:1), class=(author:1), reuse_theta=no, opt_for_avx=yes, predict_class_id=
I1221 10:01:52.081508 146505728 processor.cc:724] Processing queue has data, processing started
I1221 10:01:52.087143 145432576 processor.cc:724] Processing queue has data, processing started
I1221 10:01:52.096551 146505728 processor.cc:802] Processor: start processing batch 2b6093f4-0b04-4f11-a98f-27d64e986742 into model nwt
I1221 10:01:52.097651 145432576 processor.cc:802] Processor: start processing batch b67a291c-6c3a-4ebe-905a-cd970d66d31a into model nwt
I1221 10:01:52.241552 145432576 processor.cc:898] Processor: complete processing batch b67a291c-6c3a-4ebe-905a-cd970d66d31a into model nwt
I1221 10:01:52.246383 145432576 cuckoo_watch.h:45] 159ms in ProcessBatch(batches/aaaaaa.batch) [including 9ms in LoadMessage; 9ms in InitializeSparseNdw; 86ms in InferThetaAndUpdateNwtSparse; 47ms in CalculateScore(^^^ItemsProcessedScore^^^); ]
I1221 10:01:52.270545 145432576 processor.cc:717] No data in processing queue, waiting...
I1221 10:01:52.392318 146505728 processor.cc:898] Processor: complete processing batch 2b6093f4-0b04-4f11-a98f-27d64e986742 into model nwt
I1221 10:01:52.398187 146505728 cuckoo_watch.h:45] 316ms in ProcessBatch(batches/aaaaab.batch) [including 13ms in LoadMessage; 20ms in InitializeSparseNdw; 176ms in InferThetaAndUpdateNwtSparse; 98ms in CalculateScore(^^^ItemsProcessedScore^^^); ]
I1221 10:01:52.398353 132276224 master_component.cc:1378] RegularizeModelArgs: rwt_target_name=rwt, pwt_source_name=pwt, nwt_source_name=nwt
I1221 10:01:52.398413 132276224 master_component.cc:922] MasterComponent: start regularizing model pwt
I1221 10:01:52.422307 146505728 processor.cc:717] No data in processing queue, waiting...
I1221 10:01:52.519016 132276224 master_component.cc:948] MasterComponent: complete regularizing model pwt
I1221 10:01:52.519032 132276224 master_component.cc:1391] NormalizeModelArgs: pwt_target_name=pwt, nwt_source_name=nwt, rwt_source_name=rwt
I1221 10:01:52.519038 132276224 master_component.cc:952] MasterComponent: start normalizing model nwt
I1221 10:01:52.610416 132276224 master_component.cc:980] MasterComponent: complete normalizing model nwt
I1221 10:01:52.724319 132276224 master_component.cc:1415] DisposeModel rwt
I1221 10:01:52.742985 132276224 master_component.cc:1005] FitOffline: ItemsProcessed, num_items=1728, num_batches=2, token_weight=808522, token_weight_in_effect=808522
I1221 10:01:52.766940 2889179968 c_interface.cc:559] Pass GetScoreValueArgs, score_name=^^^ItemsProcessedScore^^^ to MasterComponent::Request
I1221 10:01:52.766973 2889179968 c_interface.cc:230] ArtmCopyRequestedMessage is copying 46 bytes...
I1221 10:01:52.767572 132276224 c_interface.cc:386] Pass FitOfflineMasterModelArgs, batch_filename_size=2, batch_weight_size=2, num_collection_passes=1 to MN4artm4core15MasterComponentEFvRKNS_25FitOfflineMasterModelArgsEE
I1221 10:01:52.767586 132276224 master_component.cc:1340] ProcessBatchesArgs: nwt_target_name=nwt, batch_filename_size=2, batch_size=0, batch_weight_size=2, pwt_source_name=pwt, num_document_passes=1, regularizer=(name:1:urn:uuid:d3a469f8-e65f-11e7-9f60-9e00d4124e01, tau:100000), class=(text:1), class=(author:1), reuse_theta=no, opt_for_avx=yes, predict_class_id=
I1221 10:01:52.837795 145969152 processor.cc:724] Processing queue has data, processing started
I1221 10:01:52.843436 147042304 processor.cc:724] Processing queue has data, processing started
I1221 10:01:52.854559 147042304 processor.cc:802] Processor: start processing batch b67a291c-6c3a-4ebe-905a-cd970d66d31a into model nwt
I1221 10:01:52.855783 145969152 processor.cc:802] Processor: start processing batch 2b6093f4-0b04-4f11-a98f-27d64e986742 into model nwt
I1221 10:01:53.043714 147042304 processor.cc:898] Processor: complete processing batch b67a291c-6c3a-4ebe-905a-cd970d66d31a into model nwt
I1221 10:01:53.048889 147042304 cuckoo_watch.h:45] 205ms in ProcessBatch(batches/aaaaaa.batch) [including 9ms in LoadMessage; 10ms in InitializeSparseNdw; 109ms in InferThetaAndUpdateNwtSparse; 69ms in CalculateScore(^^^ItemsProcessedScore^^^); ]
I1221 10:01:53.072759 147042304 processor.cc:717] No data in processing queue, waiting...
I1221 10:01:53.240393 145969152 processor.cc:898] Processor: complete processing batch 2b6093f4-0b04-4f11-a98f-27d64e986742 into model nwt
I1221 10:01:53.250344 145969152 cuckoo_watch.h:45] 412ms in ProcessBatch(batches/aaaaab.batch) [including 16ms in LoadMessage; 30ms in InitializeSparseNdw; 206ms in InferThetaAndUpdateNwtSparse; 145ms in CalculateScore(^^^ItemsProcessedScore^^^); ]
I1221 10:01:53.251493 132276224 master_component.cc:1378] RegularizeModelArgs: rwt_target_name=rwt, pwt_source_name=pwt, nwt_source_name=nwt
I1221 10:01:53.251516 132276224 master_component.cc:922] MasterComponent: start regularizing model pwt
I1221 10:01:53.273564 145969152 processor.cc:717] No data in processing queue, waiting...
I1221 10:01:53.420275 132276224 master_component.cc:948] MasterComponent: complete regularizing model pwt
I1221 10:01:53.420294 132276224 master_component.cc:1391] NormalizeModelArgs: pwt_target_name=pwt, nwt_source_name=nwt, rwt_source_name=rwt
I1221 10:01:53.420300 132276224 master_component.cc:952] MasterComponent: start normalizing model nwt
I1221 10:01:53.512145 132276224 master_component.cc:980] MasterComponent: complete normalizing model nwt
I1221 10:01:53.614357 132276224 master_component.cc:1415] DisposeModel rwt
I1221 10:01:53.633750 132276224 master_component.cc:1005] FitOffline: ItemsProcessed, num_items=1728, num_batches=2, token_weight=808522, token_weight_in_effect=808522
I1221 10:01:53.671777 2889179968 c_interface.cc:559] Pass GetScoreValueArgs, score_name=^^^ItemsProcessedScore^^^ to MasterComponent::Request
I1221 10:01:53.671814 2889179968 c_interface.cc:230] ArtmCopyRequestedMessage is copying 46 bytes...
I1221 10:01:57.705173 2889179968 c_interface.cc:386] Pass MasterModelConfig: topic_name_size=30, class=(text:1), class=(author:1), score_config_size=3, num_processors=0, pwt_name=pwt, nwt_name=nwt, num_document_passes=1, regularizer=(1:urn:uuid:d3a469f8-e65f-11e7-9f60-9e00d4124e01:100000), regularizer=(1:urn:uuid:e3d9519c-e65f-11e7-989b-9e00d4124e01:-100000), reuse_theta=no, cache_theta=yes, opt_for_avx=yes, disk_cache_path to MN4artm4core15MasterComponentEFvRKNS_17MasterModelConfigEE
I1221 10:01:57.705262 2889179968 instance.cc:401] MasterModelConfig.processors_count is automatically set to 4
I1221 10:01:57.705317 2889179968 instance.cc:232] Regularizer '1:urn:uuid:d3a469f8-e65f-11e7-9f60-9e00d4124e01' was cold-reconfigured
I1221 10:01:57.705329 2889179968 instance.cc:232] Regularizer '1:urn:uuid:e3d9519c-e65f-11e7-989b-9e00d4124e01' was cold-reconfigured
I1221 10:01:58.915987 132276224 c_interface.cc:386] Pass FitOfflineMasterModelArgs, batch_filename_size=2, batch_weight_size=2, num_collection_passes=1 to MN4artm4core15MasterComponentEFvRKNS_25FitOfflineMasterModelArgsEE
I1221 10:01:58.916013 132276224 master_component.cc:1340] ProcessBatchesArgs: nwt_target_name=nwt, batch_filename_size=2, batch_size=0, batch_weight_size=2, pwt_source_name=pwt, num_document_passes=1, regularizer=(name:1:urn:uuid:d3a469f8-e65f-11e7-9f60-9e00d4124e01, tau:100000), regularizer=(name:1:urn:uuid:e3d9519c-e65f-11e7-989b-9e00d4124e01, tau:-100000), class=(text:1), class=(author:1), reuse_theta=no, opt_for_avx=yes, predict_class_id=
I1221 10:01:58.979694 145969152 processor.cc:724] Processing queue has data, processing started
I1221 10:01:58.985297 146505728 processor.cc:724] Processing queue has data, processing started
I1221 10:01:58.994860 145969152 processor.cc:802] Processor: start processing batch 2b6093f4-0b04-4f11-a98f-27d64e986742 into model nwt
I1221 10:01:58.995203 146505728 processor.cc:802] Processor: start processing batch b67a291c-6c3a-4ebe-905a-cd970d66d31a into model nwt
I1221 10:01:59.136534 146505728 processor.cc:898] Processor: complete processing batch b67a291c-6c3a-4ebe-905a-cd970d66d31a into model nwt
I1221 10:01:59.140611 146505728 cuckoo_watch.h:45] 155ms in ProcessBatch(batches/aaaaaa.batch) [including 8ms in LoadMessage; 9ms in InitializeSparseNdw; 85ms in InferThetaAndUpdateNwtSparse; 44ms in CalculateScore(^^^ItemsProcessedScore^^^); ]
I1221 10:01:59.164674 146505728 processor.cc:717] No data in processing queue, waiting...
I1221 10:01:59.289867 145969152 processor.cc:898] Processor: complete processing batch 2b6093f4-0b04-4f11-a98f-27d64e986742 into model nwt
I1221 10:01:59.295826 145969152 cuckoo_watch.h:45] 316ms in ProcessBatch(batches/aaaaab.batch) [including 14ms in LoadMessage; 20ms in InitializeSparseNdw; 177ms in InferThetaAndUpdateNwtSparse; 96ms in CalculateScore(^^^ItemsProcessedScore^^^); ]
I1221 10:01:59.296615 132276224 master_component.cc:1378] RegularizeModelArgs: rwt_target_name=rwt, pwt_source_name=pwt, nwt_source_name=nwt
I1221 10:01:59.296653 132276224 master_component.cc:922] MasterComponent: start regularizing model pwt
I1221 10:01:59.320495 145969152 processor.cc:717] No data in processing queue, waiting...
I1221 10:01:59.443792 132276224 master_component.cc:948] MasterComponent: complete regularizing model pwt
I1221 10:01:59.443810 132276224 master_component.cc:1391] NormalizeModelArgs: pwt_target_name=pwt, nwt_source_name=nwt, rwt_source_name=rwt
I1221 10:01:59.443817 132276224 master_component.cc:952] MasterComponent: start normalizing model nwt
I1221 10:01:59.524518 132276224 master_component.cc:980] MasterComponent: complete normalizing model nwt
I1221 10:01:59.588330 132276224 master_component.cc:1415] DisposeModel rwt
I1221 10:01:59.604563 132276224 master_component.cc:1005] FitOffline: ItemsProcessed, num_items=1728, num_batches=2, token_weight=808522, token_weight_in_effect=808522
I1221 10:01:59.611601 2889179968 c_interface.cc:559] Pass GetScoreValueArgs, score_name=^^^ItemsProcessedScore^^^ to MasterComponent::Request
I1221 10:01:59.611639 2889179968 c_interface.cc:230] ArtmCopyRequestedMessage is copying 46 bytes...
I1221 10:01:59.612360 132276224 c_interface.cc:386] Pass FitOfflineMasterModelArgs, batch_filename_size=2, batch_weight_size=2, num_collection_passes=1 to MN4artm4core15MasterComponentEFvRKNS_25FitOfflineMasterModelArgsEE
I1221 10:01:59.612383 132276224 master_component.cc:1340] ProcessBatchesArgs: nwt_target_name=nwt, batch_filename_size=2, batch_size=0, batch_weight_size=2, pwt_source_name=pwt, num_document_passes=1, regularizer=(name:1:urn:uuid:d3a469f8-e65f-11e7-9f60-9e00d4124e01, tau:100000), regularizer=(name:1:urn:uuid:e3d9519c-e65f-11e7-989b-9e00d4124e01, tau:-100000), class=(text:1), class=(author:1), reuse_theta=no, opt_for_avx=yes, predict_class_id=
I1221 10:01:59.669677 145969152 processor.cc:724] Processing queue has data, processing started
I1221 10:01:59.676025 145432576 processor.cc:724] Processing queue has data, processing started
I1221 10:01:59.684728 145969152 processor.cc:802] Processor: start processing batch 2b6093f4-0b04-4f11-a98f-27d64e986742 into model nwt
I1221 10:01:59.686151 145432576 processor.cc:802] Processor: start processing batch b67a291c-6c3a-4ebe-905a-cd970d66d31a into model nwt
I1221 10:01:59.837976 145432576 processor.cc:898] Processor: complete processing batch b67a291c-6c3a-4ebe-905a-cd970d66d31a into model nwt
I1221 10:01:59.842627 145432576 cuckoo_watch.h:45] 166ms in ProcessBatch(batches/aaaaaa.batch) [including 8ms in LoadMessage; 9ms in InitializeSparseNdw; 92ms in InferThetaAndUpdateNwtSparse; 49ms in CalculateScore(^^^ItemsProcessedScore^^^); ]
I1221 10:01:59.867015 145432576 processor.cc:717] No data in processing queue, waiting...
I1221 10:01:59.991945 145969152 processor.cc:898] Processor: complete processing batch 2b6093f4-0b04-4f11-a98f-27d64e986742 into model nwt
I1221 10:01:59.997921 145969152 cuckoo_watch.h:45] 328ms in ProcessBatch(batches/aaaaab.batch) [including 13ms in LoadMessage; 20ms in InitializeSparseNdw; 187ms in InferThetaAndUpdateNwtSparse; 98ms in CalculateScore(^^^ItemsProcessedScore^^^); ]
I1221 10:01:59.998039 132276224 master_component.cc:1378] RegularizeModelArgs: rwt_target_name=rwt, pwt_source_name=pwt, nwt_source_name=nwt
I1221 10:01:59.998085 132276224 master_component.cc:922] MasterComponent: start regularizing model pwt
I1221 10:02:00.021484 145969152 processor.cc:717] No data in processing queue, waiting...
I1221 10:02:00.156747 132276224 master_component.cc:948] MasterComponent: complete regularizing model pwt
I1221 10:02:00.156765 132276224 master_component.cc:1391] NormalizeModelArgs: pwt_target_name=pwt, nwt_source_name=nwt, rwt_source_name=rwt
I1221 10:02:00.156772 132276224 master_component.cc:952] MasterComponent: start normalizing model nwt
I1221 10:02:00.239589 132276224 master_component.cc:980] MasterComponent: complete normalizing model nwt
I1221 10:02:00.303138 132276224 master_component.cc:1415] DisposeModel rwt
I1221 10:02:00.323308 132276224 master_component.cc:1005] FitOffline: ItemsProcessed, num_items=1728, num_batches=2, token_weight=808522, token_weight_in_effect=808522
I1221 10:02:00.345109 2889179968 c_interface.cc:559] Pass GetScoreValueArgs, score_name=^^^ItemsProcessedScore^^^ to MasterComponent::Request
I1221 10:02:00.345147 2889179968 c_interface.cc:230] ArtmCopyRequestedMessage is copying 46 bytes...
I1221 10:02:00.345917 132276224 c_interface.cc:386] Pass FitOfflineMasterModelArgs, batch_filename_size=2, batch_weight_size=2, num_collection_passes=1 to MN4artm4core15MasterComponentEFvRKNS_25FitOfflineMasterModelArgsEE
I1221 10:02:00.346071 132276224 master_component.cc:1340] ProcessBatchesArgs: nwt_target_name=nwt, batch_filename_size=2, batch_size=0, batch_weight_size=2, pwt_source_name=pwt, num_document_passes=1, regularizer=(name:1:urn:uuid:d3a469f8-e65f-11e7-9f60-9e00d4124e01, tau:100000), regularizer=(name:1:urn:uuid:e3d9519c-e65f-11e7-989b-9e00d4124e01, tau:-100000), class=(text:1), class=(author:1), reuse_theta=no, opt_for_avx=yes, predict_class_id=
I1221 10:02:00.399085 147042304 processor.cc:724] Processing queue has data, processing started
I1221 10:02:00.405038 146505728 processor.cc:724] Processing queue has data, processing started
I1221 10:02:00.413931 147042304 processor.cc:802] Processor: start processing batch 2b6093f4-0b04-4f11-a98f-27d64e986742 into model nwt
I1221 10:02:00.416174 146505728 processor.cc:802] Processor: start processing batch b67a291c-6c3a-4ebe-905a-cd970d66d31a into model nwt
I1221 10:02:00.563004 146505728 processor.cc:898] Processor: complete processing batch b67a291c-6c3a-4ebe-905a-cd970d66d31a into model nwt
I1221 10:02:00.567715 146505728 cuckoo_watch.h:45] 162ms in ProcessBatch(batches/aaaaaa.batch) [including 9ms in LoadMessage; 9ms in InitializeSparseNdw; 89ms in InferThetaAndUpdateNwtSparse; 46ms in CalculateScore(^^^ItemsProcessedScore^^^); ]
I1221 10:02:00.591795 146505728 processor.cc:717] No data in processing queue, waiting...
I1221 10:02:00.720302 147042304 processor.cc:898] Processor: complete processing batch 2b6093f4-0b04-4f11-a98f-27d64e986742 into model nwt
I1221 10:02:00.726186 147042304 cuckoo_watch.h:45] 327ms in ProcessBatch(batches/aaaaab.batch) [including 13ms in LoadMessage; 20ms in InitializeSparseNdw; 182ms in InferThetaAndUpdateNwtSparse; 102ms in CalculateScore(^^^ItemsProcessedScore^^^); ]
I1221 10:02:00.727654 132276224 master_component.cc:1378] RegularizeModelArgs: rwt_target_name=rwt, pwt_source_name=pwt, nwt_source_name=nwt
I1221 10:02:00.727764 132276224 master_component.cc:922] MasterComponent: start regularizing model pwt
I1221 10:02:00.749735 147042304 processor.cc:717] No data in processing queue, waiting...
I1221 10:02:00.896064 132276224 master_component.cc:948] MasterComponent: complete regularizing model pwt
I1221 10:02:00.896081 132276224 master_component.cc:1391] NormalizeModelArgs: pwt_target_name=pwt, nwt_source_name=nwt, rwt_source_name=rwt
I1221 10:02:00.896088 132276224 master_component.cc:952] MasterComponent: start normalizing model nwt
I1221 10:02:00.973342 132276224 master_component.cc:980] MasterComponent: complete normalizing model nwt
I1221 10:02:01.031507 132276224 master_component.cc:1415] DisposeModel rwt
I1221 10:02:01.048702 132276224 master_component.cc:1005] FitOffline: ItemsProcessed, num_items=1728, num_batches=2, token_weight=808522, token_weight_in_effect=808522
I1221 10:02:01.083043 2889179968 c_interface.cc:559] Pass GetScoreValueArgs, score_name=^^^ItemsProcessedScore^^^ to MasterComponent::Request
I1221 10:02:01.083081 2889179968 c_interface.cc:230] ArtmCopyRequestedMessage is copying 46 bytes...
I1221 10:02:01.083814 132276224 c_interface.cc:386] Pass FitOfflineMasterModelArgs, batch_filename_size=2, batch_weight_size=2, num_collection_passes=1 to MN4artm4core15MasterComponentEFvRKNS_25FitOfflineMasterModelArgsEE
I1221 10:02:01.083838 132276224 master_component.cc:1340] ProcessBatchesArgs: nwt_target_name=nwt, batch_filename_size=2, batch_size=0, batch_weight_size=2, pwt_source_name=pwt, num_document_passes=1, regularizer=(name:1:urn:uuid:d3a469f8-e65f-11e7-9f60-9e00d4124e01, tau:100000), regularizer=(name:1:urn:uuid:e3d9519c-e65f-11e7-989b-9e00d4124e01, tau:-100000), class=(text:1), class=(author:1), reuse_theta=no, opt_for_avx=yes, predict_class_id=
I1221 10:02:01.137320 145432576 processor.cc:724] Processing queue has data, processing started
I1221 10:02:01.142943 145969152 processor.cc:724] Processing queue has data, processing started
I1221 10:02:01.152163 145432576 processor.cc:802] Processor: start processing batch 2b6093f4-0b04-4f11-a98f-27d64e986742 into model nwt
I1221 10:02:01.152889 145969152 processor.cc:802] Processor: start processing batch b67a291c-6c3a-4ebe-905a-cd970d66d31a into model nwt
I1221 10:02:01.303853 145969152 processor.cc:898] Processor: complete processing batch b67a291c-6c3a-4ebe-905a-cd970d66d31a into model nwt
I1221 10:02:01.308890 145969152 cuckoo_watch.h:45] 165ms in ProcessBatch(batches/aaaaaa.batch) [including 8ms in LoadMessage; 9ms in InitializeSparseNdw; 91ms in InferThetaAndUpdateNwtSparse; 48ms in CalculateScore(^^^ItemsProcessedScore^^^); ]
I1221 10:02:01.332653 145969152 processor.cc:717] No data in processing queue, waiting...
I1221 10:02:01.463433 145432576 processor.cc:898] Processor: complete processing batch 2b6093f4-0b04-4f11-a98f-27d64e986742 into model nwt
I1221 10:02:01.469972 145432576 cuckoo_watch.h:45] 332ms in ProcessBatch(batches/aaaaab.batch) [including 13ms in LoadMessage; 20ms in InitializeSparseNdw; 184ms in InferThetaAndUpdateNwtSparse; 105ms in CalculateScore(^^^ItemsProcessedScore^^^); ]
I1221 10:02:01.471174 132276224 master_component.cc:1378] RegularizeModelArgs: rwt_target_name=rwt, pwt_source_name=pwt, nwt_source_name=nwt
I1221 10:02:01.471283 132276224 master_component.cc:922] MasterComponent: start regularizing model pwt
I1221 10:02:01.493863 145432576 processor.cc:717] No data in processing queue, waiting...
I1221 10:02:01.623178 132276224 master_component.cc:948] MasterComponent: complete regularizing model pwt
I1221 10:02:01.623196 132276224 master_component.cc:1391] NormalizeModelArgs: pwt_target_name=pwt, nwt_source_name=nwt, rwt_source_name=rwt
I1221 10:02:01.623204 132276224 master_component.cc:952] MasterComponent: start normalizing model nwt
I1221 10:02:01.697716 132276224 master_component.cc:980] MasterComponent: complete normalizing model nwt
I1221 10:02:01.756747 132276224 master_component.cc:1415] DisposeModel rwt
I1221 10:02:01.775272 132276224 master_component.cc:1005] FitOffline: ItemsProcessed, num_items=1728, num_batches=2, token_weight=808522, token_weight_in_effect=808522
I1221 10:02:01.776517 2889179968 c_interface.cc:559] Pass GetScoreValueArgs, score_name=^^^ItemsProcessedScore^^^ to MasterComponent::Request
I1221 10:02:01.776551 2889179968 c_interface.cc:230] ArtmCopyRequestedMessage is copying 46 bytes...
I1221 10:02:01.777181 132276224 c_interface.cc:386] Pass FitOfflineMasterModelArgs, batch_filename_size=2, batch_weight_size=2, num_collection_passes=1 to MN4artm4core15MasterComponentEFvRKNS_25FitOfflineMasterModelArgsEE
I1221 10:02:01.777201 132276224 master_component.cc:1340] ProcessBatchesArgs: nwt_target_name=nwt, batch_filename_size=2, batch_size=0, batch_weight_size=2, pwt_source_name=pwt, num_document_passes=1, regularizer=(name:1:urn:uuid:d3a469f8-e65f-11e7-9f60-9e00d4124e01, tau:100000), regularizer=(name:1:urn:uuid:e3d9519c-e65f-11e7-989b-9e00d4124e01, tau:-100000), class=(text:1), class=(author:1), reuse_theta=no, opt_for_avx=yes, predict_class_id=
I1221 10:02:01.826082 146505728 processor.cc:724] Processing queue has data, processing started
I1221 10:02:01.834422 147042304 processor.cc:724] Processing queue has data, processing started
I1221 10:02:01.842911 146505728 processor.cc:802] Processor: start processing batch 2b6093f4-0b04-4f11-a98f-27d64e986742 into model nwt
I1221 10:02:01.844462 147042304 processor.cc:802] Processor: start processing batch b67a291c-6c3a-4ebe-905a-cd970d66d31a into model nwt
I1221 10:02:02.014633 147042304 processor.cc:898] Processor: complete processing batch b67a291c-6c3a-4ebe-905a-cd970d66d31a into model nwt
I1221 10:02:02.020551 147042304 cuckoo_watch.h:45] 186ms in ProcessBatch(batches/aaaaaa.batch) [including 8ms in LoadMessage; 9ms in InitializeSparseNdw; 89ms in InferThetaAndUpdateNwtSparse; 69ms in CalculateScore(^^^ItemsProcessedScore^^^); ]
I1221 10:02:02.043506 147042304 processor.cc:717] No data in processing queue, waiting...
I1221 10:02:02.166656 146505728 processor.cc:898] Processor: complete processing batch 2b6093f4-0b04-4f11-a98f-27d64e986742 into model nwt
I1221 10:02:02.172430 146505728 cuckoo_watch.h:45] 346ms in ProcessBatch(batches/aaaaab.batch) [including 15ms in LoadMessage; 21ms in InitializeSparseNdw; 204ms in InferThetaAndUpdateNwtSparse; 96ms in CalculateScore(^^^ItemsProcessedScore^^^); ]
I1221 10:02:02.173476 132276224 master_component.cc:1378] RegularizeModelArgs: rwt_target_name=rwt, pwt_source_name=pwt, nwt_source_name=nwt
I1221 10:02:02.173590 132276224 master_component.cc:922] MasterComponent: start regularizing model pwt
I1221 10:02:02.196317 146505728 processor.cc:717] No data in processing queue, waiting...
I1221 10:02:02.348287 132276224 master_component.cc:948] MasterComponent: complete regularizing model pwt
I1221 10:02:02.348306 132276224 master_component.cc:1391] NormalizeModelArgs: pwt_target_name=pwt, nwt_source_name=nwt, rwt_source_name=rwt
I1221 10:02:02.348314 132276224 master_component.cc:952] MasterComponent: start normalizing model nwt
I1221 10:02:02.460641 132276224 master_component.cc:980] MasterComponent: complete normalizing model nwt
I1221 10:02:02.527469 132276224 master_component.cc:1415] DisposeModel rwt
I1221 10:02:02.547747 132276224 master_component.cc:1005] FitOffline: ItemsProcessed, num_items=1728, num_batches=2, token_weight=808522, token_weight_in_effect=808522
I1221 10:02:02.566220 2889179968 c_interface.cc:559] Pass GetScoreValueArgs, score_name=^^^ItemsProcessedScore^^^ to MasterComponent::Request
I1221 10:02:02.566254 2889179968 c_interface.cc:230] ArtmCopyRequestedMessage is copying 46 bytes...
I1221 10:02:02.566933 132276224 c_interface.cc:386] Pass FitOfflineMasterModelArgs, batch_filename_size=2, batch_weight_size=2, num_collection_passes=1 to MN4artm4core15MasterComponentEFvRKNS_25FitOfflineMasterModelArgsEE
I1221 10:02:02.566956 132276224 master_component.cc:1340] ProcessBatchesArgs: nwt_target_name=nwt, batch_filename_size=2, batch_size=0, batch_weight_size=2, pwt_source_name=pwt, num_document_passes=1, regularizer=(name:1:urn:uuid:d3a469f8-e65f-11e7-9f60-9e00d4124e01, tau:100000), regularizer=(name:1:urn:uuid:e3d9519c-e65f-11e7-989b-9e00d4124e01, tau:-100000), class=(text:1), class=(author:1), reuse_theta=no, opt_for_avx=yes, predict_class_id=
I1221 10:02:02.621743 145969152 processor.cc:724] Processing queue has data, processing started
I1221 10:02:02.627733 147042304 processor.cc:724] Processing queue has data, processing started
I1221 10:02:02.640046 145969152 processor.cc:802] Processor: start processing batch 2b6093f4-0b04-4f11-a98f-27d64e986742 into model nwt
I1221 10:02:02.640072 147042304 processor.cc:802] Processor: start processing batch b67a291c-6c3a-4ebe-905a-cd970d66d31a into model nwt
I1221 10:02:02.797766 147042304 processor.cc:898] Processor: complete processing batch b67a291c-6c3a-4ebe-905a-cd970d66d31a into model nwt
I1221 10:02:02.801807 147042304 cuckoo_watch.h:45] 174ms in ProcessBatch(batches/aaaaaa.batch) [including 10ms in LoadMessage; 15ms in InitializeSparseNdw; 94ms in InferThetaAndUpdateNwtSparse; 47ms in CalculateScore(^^^ItemsProcessedScore^^^); ]
I1221 10:02:02.826068 147042304 processor.cc:717] No data in processing queue, waiting...
I1221 10:02:02.943862 145969152 processor.cc:898] Processor: complete processing batch 2b6093f4-0b04-4f11-a98f-27d64e986742 into model nwt
I1221 10:02:02.949681 145969152 cuckoo_watch.h:45] 327ms in ProcessBatch(batches/aaaaab.batch) [including 17ms in LoadMessage; 27ms in InitializeSparseNdw; 181ms in InferThetaAndUpdateNwtSparse; 93ms in CalculateScore(^^^ItemsProcessedScore^^^); ]
I1221 10:02:02.951153 132276224 master_component.cc:1378] RegularizeModelArgs: rwt_target_name=rwt, pwt_source_name=pwt, nwt_source_name=nwt
I1221 10:02:02.951253 132276224 master_component.cc:922] MasterComponent: start regularizing model pwt
I1221 10:02:02.973608 145969152 processor.cc:717] No data in processing queue, waiting...
I1221 10:02:03.147778 132276224 master_component.cc:948] MasterComponent: complete regularizing model pwt
I1221 10:02:03.147802 132276224 master_component.cc:1391] NormalizeModelArgs: pwt_target_name=pwt, nwt_source_name=nwt, rwt_source_name=rwt
I1221 10:02:03.147814 132276224 master_component.cc:952] MasterComponent: start normalizing model nwt
I1221 10:02:03.242409 132276224 master_component.cc:980] MasterComponent: complete normalizing model nwt
I1221 10:02:03.301367 132276224 master_component.cc:1415] DisposeModel rwt
I1221 10:02:03.318914 132276224 master_component.cc:1005] FitOffline: ItemsProcessed, num_items=1728, num_batches=2, token_weight=808522, token_weight_in_effect=808522
I1221 10:02:03.352330 2889179968 c_interface.cc:559] Pass GetScoreValueArgs, score_name=^^^ItemsProcessedScore^^^ to MasterComponent::Request
I1221 10:02:03.352365 2889179968 c_interface.cc:230] ArtmCopyRequestedMessage is copying 46 bytes...
I1221 10:02:03.353440 132276224 c_interface.cc:386] Pass FitOfflineMasterModelArgs, batch_filename_size=2, batch_weight_size=2, num_collection_passes=1 to MN4artm4core15MasterComponentEFvRKNS_25FitOfflineMasterModelArgsEE
I1221 10:02:03.353459 132276224 master_component.cc:1340] ProcessBatchesArgs: nwt_target_name=nwt, batch_filename_size=2, batch_size=0, batch_weight_size=2, pwt_source_name=pwt, num_document_passes=1, regularizer=(name:1:urn:uuid:d3a469f8-e65f-11e7-9f60-9e00d4124e01, tau:100000), regularizer=(name:1:urn:uuid:e3d9519c-e65f-11e7-989b-9e00d4124e01, tau:-100000), class=(text:1), class=(author:1), reuse_theta=no, opt_for_avx=yes, predict_class_id=
I1221 10:02:03.410336 146505728 processor.cc:724] Processing queue has data, processing started
I1221 10:02:03.416384 145432576 processor.cc:724] Processing queue has data, processing started
I1221 10:02:03.426427 146505728 processor.cc:802] Processor: start processing batch 2b6093f4-0b04-4f11-a98f-27d64e986742 into model nwt
I1221 10:02:03.428058 145432576 processor.cc:802] Processor: start processing batch b67a291c-6c3a-4ebe-905a-cd970d66d31a into model nwt
I1221 10:02:03.598390 145432576 processor.cc:898] Processor: complete processing batch b67a291c-6c3a-4ebe-905a-cd970d66d31a into model nwt
I1221 10:02:03.603397 145432576 cuckoo_watch.h:45] 186ms in ProcessBatch(batches/aaaaaa.batch) [including 10ms in LoadMessage; 9ms in InitializeSparseNdw; 107ms in InferThetaAndUpdateNwtSparse; 52ms in CalculateScore(^^^ItemsProcessedScore^^^); ]
I1221 10:02:03.627228 145432576 processor.cc:717] No data in processing queue, waiting...
I1221 10:02:03.799091 146505728 processor.cc:898] Processor: complete processing batch 2b6093f4-0b04-4f11-a98f-27d64e986742 into model nwt
I1221 10:02:03.805119 146505728 cuckoo_watch.h:45] 394ms in ProcessBatch(batches/aaaaab.batch) [including 14ms in LoadMessage; 22ms in InitializeSparseNdw; 196ms in InferThetaAndUpdateNwtSparse; 152ms in CalculateScore(^^^ItemsProcessedScore^^^); ]
I1221 10:02:03.805415 132276224 master_component.cc:1378] RegularizeModelArgs: rwt_target_name=rwt, pwt_source_name=pwt, nwt_source_name=nwt
I1221 10:02:03.805488 132276224 master_component.cc:922] MasterComponent: start regularizing model pwt
I1221 10:02:03.828327 146505728 processor.cc:717] No data in processing queue, waiting...
I1221 10:02:03.981156 132276224 master_component.cc:948] MasterComponent: complete regularizing model pwt
I1221 10:02:03.981175 132276224 master_component.cc:1391] NormalizeModelArgs: pwt_target_name=pwt, nwt_source_name=nwt, rwt_source_name=rwt
I1221 10:02:03.981182 132276224 master_component.cc:952] MasterComponent: start normalizing model nwt
I1221 10:02:04.059393 132276224 master_component.cc:980] MasterComponent: complete normalizing model nwt
I1221 10:02:04.115679 132276224 master_component.cc:1415] DisposeModel rwt
I1221 10:02:04.133734 132276224 master_component.cc:1005] FitOffline: ItemsProcessed, num_items=1728, num_batches=2, token_weight=808522, token_weight_in_effect=808522
I1221 10:02:04.149807 2889179968 c_interface.cc:559] Pass GetScoreValueArgs, score_name=^^^ItemsProcessedScore^^^ to MasterComponent::Request
I1221 10:02:04.149879 2889179968 c_interface.cc:230] ArtmCopyRequestedMessage is copying 46 bytes...
I1221 10:02:04.150743 132276224 c_interface.cc:386] Pass FitOfflineMasterModelArgs, batch_filename_size=2, batch_weight_size=2, num_collection_passes=1 to MN4artm4core15MasterComponentEFvRKNS_25FitOfflineMasterModelArgsEE
I1221 10:02:04.150768 132276224 master_component.cc:1340] ProcessBatchesArgs: nwt_target_name=nwt, batch_filename_size=2, batch_size=0, batch_weight_size=2, pwt_source_name=pwt, num_document_passes=1, regularizer=(name:1:urn:uuid:d3a469f8-e65f-11e7-9f60-9e00d4124e01, tau:100000), regularizer=(name:1:urn:uuid:e3d9519c-e65f-11e7-989b-9e00d4124e01, tau:-100000), class=(text:1), class=(author:1), reuse_theta=no, opt_for_avx=yes, predict_class_id=
I1221 10:02:04.201588 147042304 processor.cc:724] Processing queue has data, processing started
I1221 10:02:04.207875 145969152 processor.cc:724] Processing queue has data, processing started
I1221 10:02:04.216609 147042304 processor.cc:802] Processor: start processing batch 2b6093f4-0b04-4f11-a98f-27d64e986742 into model nwt
I1221 10:02:04.217960 145969152 processor.cc:802] Processor: start processing batch b67a291c-6c3a-4ebe-905a-cd970d66d31a into model nwt
I1221 10:02:04.368347 145969152 processor.cc:898] Processor: complete processing batch b67a291c-6c3a-4ebe-905a-cd970d66d31a into model nwt
I1221 10:02:04.373287 145969152 cuckoo_watch.h:45] 165ms in ProcessBatch(batches/aaaaaa.batch) [including 8ms in LoadMessage; 9ms in InitializeSparseNdw; 92ms in InferThetaAndUpdateNwtSparse; 47ms in CalculateScore(^^^ItemsProcessedScore^^^); ]
I1221 10:02:04.397622 145969152 processor.cc:717] No data in processing queue, waiting...
I1221 10:02:04.516209 147042304 processor.cc:898] Processor: complete processing batch 2b6093f4-0b04-4f11-a98f-27d64e986742 into model nwt
I1221 10:02:04.522001 147042304 cuckoo_watch.h:45] 320ms in ProcessBatch(batches/aaaaab.batch) [including 13ms in LoadMessage; 20ms in InitializeSparseNdw; 180ms in InferThetaAndUpdateNwtSparse; 97ms in CalculateScore(^^^ItemsProcessedScore^^^); ]
I1221 10:02:04.522300 132276224 master_component.cc:1378] RegularizeModelArgs: rwt_target_name=rwt, pwt_source_name=pwt, nwt_source_name=nwt
I1221 10:02:04.522411 132276224 master_component.cc:922] MasterComponent: start regularizing model pwt
I1221 10:02:04.546274 147042304 processor.cc:717] No data in processing queue, waiting...
I1221 10:02:04.667265 132276224 master_component.cc:948] MasterComponent: complete regularizing model pwt
I1221 10:02:04.667284 132276224 master_component.cc:1391] NormalizeModelArgs: pwt_target_name=pwt, nwt_source_name=nwt, rwt_source_name=rwt
I1221 10:02:04.667290 132276224 master_component.cc:952] MasterComponent: start normalizing model nwt
I1221 10:02:04.768280 132276224 master_component.cc:980] MasterComponent: complete normalizing model nwt
I1221 10:02:04.827409 132276224 master_component.cc:1415] DisposeModel rwt
I1221 10:02:04.845463 132276224 master_component.cc:1005] FitOffline: ItemsProcessed, num_items=1728, num_batches=2, token_weight=808522, token_weight_in_effect=808522
I1221 10:02:04.850479 2889179968 c_interface.cc:559] Pass GetScoreValueArgs, score_name=^^^ItemsProcessedScore^^^ to MasterComponent::Request
I1221 10:02:04.850517 2889179968 c_interface.cc:230] ArtmCopyRequestedMessage is copying 46 bytes...
I1221 10:02:04.851263 132276224 c_interface.cc:386] Pass FitOfflineMasterModelArgs, batch_filename_size=2, batch_weight_size=2, num_collection_passes=1 to MN4artm4core15MasterComponentEFvRKNS_25FitOfflineMasterModelArgsEE
I1221 10:02:04.851287 132276224 master_component.cc:1340] ProcessBatchesArgs: nwt_target_name=nwt, batch_filename_size=2, batch_size=0, batch_weight_size=2, pwt_source_name=pwt, num_document_passes=1, regularizer=(name:1:urn:uuid:d3a469f8-e65f-11e7-9f60-9e00d4124e01, tau:100000), regularizer=(name:1:urn:uuid:e3d9519c-e65f-11e7-989b-9e00d4124e01, tau:-100000), class=(text:1), class=(author:1), reuse_theta=no, opt_for_avx=yes, predict_class_id=
I1221 10:02:04.903560 145432576 processor.cc:724] Processing queue has data, processing started
I1221 10:02:04.909615 146505728 processor.cc:724] Processing queue has data, processing started
I1221 10:02:04.918531 145432576 processor.cc:802] Processor: start processing batch 2b6093f4-0b04-4f11-a98f-27d64e986742 into model nwt
I1221 10:02:04.919728 146505728 processor.cc:802] Processor: start processing batch b67a291c-6c3a-4ebe-905a-cd970d66d31a into model nwt
I1221 10:02:05.068737 146505728 processor.cc:898] Processor: complete processing batch b67a291c-6c3a-4ebe-905a-cd970d66d31a into model nwt
I1221 10:02:05.073678 146505728 cuckoo_watch.h:45] 164ms in ProcessBatch(batches/aaaaaa.batch) [including 8ms in LoadMessage; 9ms in InitializeSparseNdw; 90ms in InferThetaAndUpdateNwtSparse; 48ms in CalculateScore(^^^ItemsProcessedScore^^^); ]
I1221 10:02:05.098237 146505728 processor.cc:717] No data in processing queue, waiting...
I1221 10:02:05.223062 145432576 processor.cc:898] Processor: complete processing batch 2b6093f4-0b04-4f11-a98f-27d64e986742 into model nwt
I1221 10:02:05.228670 145432576 cuckoo_watch.h:45] 325ms in ProcessBatch(batches/aaaaab.batch) [including 13ms in LoadMessage; 20ms in InitializeSparseNdw; 184ms in InferThetaAndUpdateNwtSparse; 99ms in CalculateScore(^^^ItemsProcessedScore^^^); ]
I1221 10:02:05.228941 132276224 master_component.cc:1378] RegularizeModelArgs: rwt_target_name=rwt, pwt_source_name=pwt, nwt_source_name=nwt
I1221 10:02:05.228976 132276224 master_component.cc:922] MasterComponent: start regularizing model pwt
I1221 10:02:05.252717 145432576 processor.cc:717] No data in processing queue, waiting...
I1221 10:02:05.383421 132276224 master_component.cc:948] MasterComponent: complete regularizing model pwt
I1221 10:02:05.383440 132276224 master_component.cc:1391] NormalizeModelArgs: pwt_target_name=pwt, nwt_source_name=nwt, rwt_source_name=rwt
I1221 10:02:05.383447 132276224 master_component.cc:952] MasterComponent: start normalizing model nwt
I1221 10:02:05.467027 132276224 master_component.cc:980] MasterComponent: complete normalizing model nwt
I1221 10:02:05.531020 132276224 master_component.cc:1415] DisposeModel rwt
I1221 10:02:05.551780 132276224 master_component.cc:1005] FitOffline: ItemsProcessed, num_items=1728, num_batches=2, token_weight=808522, token_weight_in_effect=808522
I1221 10:02:05.581596 2889179968 c_interface.cc:559] Pass GetScoreValueArgs, score_name=^^^ItemsProcessedScore^^^ to MasterComponent::Request
I1221 10:02:05.581640 2889179968 c_interface.cc:230] ArtmCopyRequestedMessage is copying 46 bytes...
I1221 10:02:05.582414 132276224 c_interface.cc:386] Pass FitOfflineMasterModelArgs, batch_filename_size=2, batch_weight_size=2, num_collection_passes=1 to MN4artm4core15MasterComponentEFvRKNS_25FitOfflineMasterModelArgsEE
I1221 10:02:05.582437 132276224 master_component.cc:1340] ProcessBatchesArgs: nwt_target_name=nwt, batch_filename_size=2, batch_size=0, batch_weight_size=2, pwt_source_name=pwt, num_document_passes=1, regularizer=(name:1:urn:uuid:d3a469f8-e65f-11e7-9f60-9e00d4124e01, tau:100000), regularizer=(name:1:urn:uuid:e3d9519c-e65f-11e7-989b-9e00d4124e01, tau:-100000), class=(text:1), class=(author:1), reuse_theta=no, opt_for_avx=yes, predict_class_id=
I1221 10:02:05.637076 146505728 processor.cc:724] Processing queue has data, processing started
I1221 10:02:05.643424 145969152 processor.cc:724] Processing queue has data, processing started
I1221 10:02:05.652004 146505728 processor.cc:802] Processor: start processing batch 2b6093f4-0b04-4f11-a98f-27d64e986742 into model nwt
I1221 10:02:05.653394 145969152 processor.cc:802] Processor: start processing batch b67a291c-6c3a-4ebe-905a-cd970d66d31a into model nwt
I1221 10:02:05.801882 145969152 processor.cc:898] Processor: complete processing batch b67a291c-6c3a-4ebe-905a-cd970d66d31a into model nwt
I1221 10:02:05.806996 145969152 cuckoo_watch.h:45] 163ms in ProcessBatch(batches/aaaaaa.batch) [including 8ms in LoadMessage; 9ms in InitializeSparseNdw; 90ms in InferThetaAndUpdateNwtSparse; 48ms in CalculateScore(^^^ItemsProcessedScore^^^); ]
I1221 10:02:05.830991 145969152 processor.cc:717] No data in processing queue, waiting...
I1221 10:02:05.947906 146505728 processor.cc:898] Processor: complete processing batch 2b6093f4-0b04-4f11-a98f-27d64e986742 into model nwt
I1221 10:02:05.953829 146505728 cuckoo_watch.h:45] 316ms in ProcessBatch(batches/aaaaab.batch) [including 13ms in LoadMessage; 20ms in InitializeSparseNdw; 181ms in InferThetaAndUpdateNwtSparse; 93ms in CalculateScore(^^^ItemsProcessedScore^^^); ]
I1221 10:02:05.955024 132276224 master_component.cc:1378] RegularizeModelArgs: rwt_target_name=rwt, pwt_source_name=pwt, nwt_source_name=nwt
I1221 10:02:05.955139 132276224 master_component.cc:922] MasterComponent: start regularizing model pwt
I1221 10:02:05.977838 146505728 processor.cc:717] No data in processing queue, waiting...
I1221 10:02:06.110607 132276224 master_component.cc:948] MasterComponent: complete regularizing model pwt
I1221 10:02:06.110626 132276224 master_component.cc:1391] NormalizeModelArgs: pwt_target_name=pwt, nwt_source_name=nwt, rwt_source_name=rwt
I1221 10:02:06.110633 132276224 master_component.cc:952] MasterComponent: start normalizing model nwt
I1221 10:02:06.191632 132276224 master_component.cc:980] MasterComponent: complete normalizing model nwt
I1221 10:02:06.253526 132276224 master_component.cc:1415] DisposeModel rwt
I1221 10:02:06.270829 132276224 master_component.cc:1005] FitOffline: ItemsProcessed, num_items=1728, num_batches=2, token_weight=808522, token_weight_in_effect=808522
I1221 10:02:06.314666 2889179968 c_interface.cc:559] Pass GetScoreValueArgs, score_name=^^^ItemsProcessedScore^^^ to MasterComponent::Request
I1221 10:02:06.314709 2889179968 c_interface.cc:230] ArtmCopyRequestedMessage is copying 46 bytes...
I1221 10:02:06.315459 132276224 c_interface.cc:386] Pass FitOfflineMasterModelArgs, batch_filename_size=2, batch_weight_size=2, num_collection_passes=1 to MN4artm4core15MasterComponentEFvRKNS_25FitOfflineMasterModelArgsEE
I1221 10:02:06.315482 132276224 master_component.cc:1340] ProcessBatchesArgs: nwt_target_name=nwt, batch_filename_size=2, batch_size=0, batch_weight_size=2, pwt_source_name=pwt, num_document_passes=1, regularizer=(name:1:urn:uuid:d3a469f8-e65f-11e7-9f60-9e00d4124e01, tau:100000), regularizer=(name:1:urn:uuid:e3d9519c-e65f-11e7-989b-9e00d4124e01, tau:-100000), class=(text:1), class=(author:1), reuse_theta=no, opt_for_avx=yes, predict_class_id=
I1221 10:02:06.371407 145432576 processor.cc:724] Processing queue has data, processing started
I1221 10:02:06.377074 147042304 processor.cc:724] Processing queue has data, processing started
I1221 10:02:06.386268 145432576 processor.cc:802] Processor: start processing batch 2b6093f4-0b04-4f11-a98f-27d64e986742 into model nwt
I1221 10:02:06.388016 147042304 processor.cc:802] Processor: start processing batch b67a291c-6c3a-4ebe-905a-cd970d66d31a into model nwt
I1221 10:02:06.535101 147042304 processor.cc:898] Processor: complete processing batch b67a291c-6c3a-4ebe-905a-cd970d66d31a into model nwt
I1221 10:02:06.539469 147042304 cuckoo_watch.h:45] 162ms in ProcessBatch(batches/aaaaaa.batch) [including 9ms in LoadMessage; 9ms in InitializeSparseNdw; 89ms in InferThetaAndUpdateNwtSparse; 47ms in CalculateScore(^^^ItemsProcessedScore^^^); ]
I1221 10:02:06.563977 147042304 processor.cc:717] No data in processing queue, waiting...
I1221 10:02:06.683691 145432576 processor.cc:898] Processor: complete processing batch 2b6093f4-0b04-4f11-a98f-27d64e986742 into model nwt
I1221 10:02:06.689487 145432576 cuckoo_watch.h:45] 318ms in ProcessBatch(batches/aaaaab.batch) [including 13ms in LoadMessage; 20ms in InitializeSparseNdw; 180ms in InferThetaAndUpdateNwtSparse; 95ms in CalculateScore(^^^ItemsProcessedScore^^^); ]
I1221 10:02:06.690829 132276224 master_component.cc:1378] RegularizeModelArgs: rwt_target_name=rwt, pwt_source_name=pwt, nwt_source_name=nwt
I1221 10:02:06.690881 132276224 master_component.cc:922] MasterComponent: start regularizing model pwt
I1221 10:02:06.713657 145432576 processor.cc:717] No data in processing queue, waiting...
I1221 10:02:06.839295 132276224 master_component.cc:948] MasterComponent: complete regularizing model pwt
I1221 10:02:06.839313 132276224 master_component.cc:1391] NormalizeModelArgs: pwt_target_name=pwt, nwt_source_name=nwt, rwt_source_name=rwt
I1221 10:02:06.839321 132276224 master_component.cc:952] MasterComponent: start normalizing model nwt
I1221 10:02:06.918802 132276224 master_component.cc:980] MasterComponent: complete normalizing model nwt
I1221 10:02:06.977484 132276224 master_component.cc:1415] DisposeModel rwt
I1221 10:02:06.993062 132276224 master_component.cc:1005] FitOffline: ItemsProcessed, num_items=1728, num_batches=2, token_weight=808522, token_weight_in_effect=808522
I1221 10:02:06.996917 2889179968 c_interface.cc:559] Pass GetScoreValueArgs, score_name=^^^ItemsProcessedScore^^^ to MasterComponent::Request
I1221 10:02:06.996954 2889179968 c_interface.cc:230] ArtmCopyRequestedMessage is copying 46 bytes...
I1221 10:02:06.997665 132276224 c_interface.cc:386] Pass FitOfflineMasterModelArgs, batch_filename_size=2, batch_weight_size=2, num_collection_passes=1 to MN4artm4core15MasterComponentEFvRKNS_25FitOfflineMasterModelArgsEE
I1221 10:02:06.997689 132276224 master_component.cc:1340] ProcessBatchesArgs: nwt_target_name=nwt, batch_filename_size=2, batch_size=0, batch_weight_size=2, pwt_source_name=pwt, num_document_passes=1, regularizer=(name:1:urn:uuid:d3a469f8-e65f-11e7-9f60-9e00d4124e01, tau:100000), regularizer=(name:1:urn:uuid:e3d9519c-e65f-11e7-989b-9e00d4124e01, tau:-100000), class=(text:1), class=(author:1), reuse_theta=no, opt_for_avx=yes, predict_class_id=
I1221 10:02:07.053851 145969152 processor.cc:724] Processing queue has data, processing started
I1221 10:02:07.059408 146505728 processor.cc:724] Processing queue has data, processing started
I1221 10:02:07.068670 145969152 processor.cc:802] Processor: start processing batch 2b6093f4-0b04-4f11-a98f-27d64e986742 into model nwt
I1221 10:02:07.070325 146505728 processor.cc:802] Processor: start processing batch b67a291c-6c3a-4ebe-905a-cd970d66d31a into model nwt
I1221 10:02:07.235229 146505728 processor.cc:898] Processor: complete processing batch b67a291c-6c3a-4ebe-905a-cd970d66d31a into model nwt
I1221 10:02:07.239814 146505728 cuckoo_watch.h:45] 180ms in ProcessBatch(batches/aaaaaa.batch) [including 9ms in LoadMessage; 9ms in InitializeSparseNdw; 108ms in InferThetaAndUpdateNwtSparse; 45ms in CalculateScore(^^^ItemsProcessedScore^^^); ]
I1221 10:02:07.263993 146505728 processor.cc:717] No data in processing queue, waiting...
I1221 10:02:07.382877 145969152 processor.cc:898] Processor: complete processing batch 2b6093f4-0b04-4f11-a98f-27d64e986742 into model nwt
I1221 10:02:07.388777 145969152 cuckoo_watch.h:45] 334ms in ProcessBatch(batches/aaaaab.batch) [including 13ms in LoadMessage; 21ms in InitializeSparseNdw; 200ms in InferThetaAndUpdateNwtSparse; 91ms in CalculateScore(^^^ItemsProcessedScore^^^); ]
I1221 10:02:07.388881 132276224 master_component.cc:1378] RegularizeModelArgs: rwt_target_name=rwt, pwt_source_name=pwt, nwt_source_name=nwt
I1221 10:02:07.388938 132276224 master_component.cc:922] MasterComponent: start regularizing model pwt
I1221 10:02:07.412973 145969152 processor.cc:717] No data in processing queue, waiting...
I1221 10:02:07.538429 132276224 master_component.cc:948] MasterComponent: complete regularizing model pwt
I1221 10:02:07.538446 132276224 master_component.cc:1391] NormalizeModelArgs: pwt_target_name=pwt, nwt_source_name=nwt, rwt_source_name=rwt
I1221 10:02:07.538453 132276224 master_component.cc:952] MasterComponent: start normalizing model nwt
I1221 10:02:07.617089 132276224 master_component.cc:980] MasterComponent: complete normalizing model nwt
I1221 10:02:07.678550 132276224 master_component.cc:1415] DisposeModel rwt
I1221 10:02:07.698477 132276224 master_component.cc:1005] FitOffline: ItemsProcessed, num_items=1728, num_batches=2, token_weight=808522, token_weight_in_effect=808522
I1221 10:02:07.724038 2889179968 c_interface.cc:559] Pass GetScoreValueArgs, score_name=^^^ItemsProcessedScore^^^ to MasterComponent::Request
I1221 10:02:07.724082 2889179968 c_interface.cc:230] ArtmCopyRequestedMessage is copying 46 bytes...
I1221 10:02:07.724870 132276224 c_interface.cc:386] Pass FitOfflineMasterModelArgs, batch_filename_size=2, batch_weight_size=2, num_collection_passes=1 to MN4artm4core15MasterComponentEFvRKNS_25FitOfflineMasterModelArgsEE
I1221 10:02:07.724894 132276224 master_component.cc:1340] ProcessBatchesArgs: nwt_target_name=nwt, batch_filename_size=2, batch_size=0, batch_weight_size=2, pwt_source_name=pwt, num_document_passes=1, regularizer=(name:1:urn:uuid:d3a469f8-e65f-11e7-9f60-9e00d4124e01, tau:100000), regularizer=(name:1:urn:uuid:e3d9519c-e65f-11e7-989b-9e00d4124e01, tau:-100000), class=(text:1), class=(author:1), reuse_theta=no, opt_for_avx=yes, predict_class_id=
I1221 10:02:07.777233 147042304 processor.cc:724] Processing queue has data, processing started
I1221 10:02:07.782727 145432576 processor.cc:724] Processing queue has data, processing started
I1221 10:02:07.792277 147042304 processor.cc:802] Processor: start processing batch 2b6093f4-0b04-4f11-a98f-27d64e986742 into model nwt
I1221 10:02:07.792925 145432576 processor.cc:802] Processor: start processing batch b67a291c-6c3a-4ebe-905a-cd970d66d31a into model nwt
I1221 10:02:07.939455 145432576 processor.cc:898] Processor: complete processing batch b67a291c-6c3a-4ebe-905a-cd970d66d31a into model nwt
I1221 10:02:07.943950 145432576 cuckoo_watch.h:45] 161ms in ProcessBatch(batches/aaaaaa.batch) [including 8ms in LoadMessage; 9ms in InitializeSparseNdw; 88ms in InferThetaAndUpdateNwtSparse; 47ms in CalculateScore(^^^ItemsProcessedScore^^^); ]
I1221 10:02:07.968294 145432576 processor.cc:717] No data in processing queue, waiting...
I1221 10:02:08.089404 147042304 processor.cc:898] Processor: complete processing batch 2b6093f4-0b04-4f11-a98f-27d64e986742 into model nwt
