Log file created at: 2017/12/21 00:20:58
Running on machine: Boriss-MacBook-Pro.local
Log line format: [IWEF]mmdd hh:mm:ss.uuuuuu threadid file:line] msg
I1221 00:20:58.642932 2889179968 c_interface.cc:127] Logging enabled to .
I1221 00:20:58.650437 2889179968 c_interface.cc:271] Creating MasterModel (id=1)...
I1221 00:20:58.659121 2889179968 collection_parser.cc:557] CollectionParserConfig.num_threads is automatically set to 4
I1221 00:21:00.063236 2889179968 c_interface.cc:372] Pass 8b6d1a54-0dc4-4123-a6c6-0a4a9d9e7ca3 to MN4artm4core15MasterComponentEFvRKNSt3__112basic_stringIcNS2_11char_traitsIcEENS2_9allocatorIcEEEEE
I1221 00:21:00.064312 2889179968 c_interface.cc:386] Pass GatherDictionaryArgs: dictionary_target_name=8b6d1a54-0dc4-4123-a6c6-0a4a9d9e7ca3, data_path=batches, symmetric_cooc_values=0 to MN4artm4core15MasterComponentEFvRKNS_20GatherDictionaryArgsEE
I1221 00:21:00.070327 2889179968 dictionary_operations.cc:249] Found 2 batches in 'batches' folder
I1221 00:21:00.165276 2889179968 dictionary_operations.cc:313] Find 26866 unique tokens in 1728 items
I1221 00:21:18.412768 2889179968 c_interface.cc:271] Creating MasterModel (id=2)...
I1221 00:21:18.416004 2889179968 collection_parser.cc:557] CollectionParserConfig.num_threads is automatically set to 4
W1221 00:21:18.984181 105426944 helpers.cc:221] File already exists: batches/aaaaaa.batch
W1221 00:21:19.679229 106500096 helpers.cc:221] File already exists: batches/aaaaab.batch
I1221 00:21:19.726945 2889179968 c_interface.cc:372] Pass ee294ba9-6f8a-40da-b938-89d1e7eae818 to MN4artm4core15MasterComponentEFvRKNSt3__112basic_stringIcNS2_11char_traitsIcEENS2_9allocatorIcEEEEE
I1221 00:21:19.727095 2889179968 c_interface.cc:386] Pass GatherDictionaryArgs: dictionary_target_name=ee294ba9-6f8a-40da-b938-89d1e7eae818, data_path=batches, symmetric_cooc_values=0 to MN4artm4core15MasterComponentEFvRKNS_20GatherDictionaryArgsEE
I1221 00:21:19.727171 2889179968 dictionary_operations.cc:249] Found 2 batches in 'batches' folder
I1221 00:21:19.799998 2889179968 dictionary_operations.cc:313] Find 26866 unique tokens in 1728 items
I1221 00:27:03.108486 2889179968 instance.cc:401] MasterModelConfig.processors_count is automatically set to 4
I1221 00:27:03.113575 122253312 processor.cc:701] Processor thread started
I1221 00:27:03.113602 122789888 processor.cc:701] Processor thread started
I1221 00:27:03.113615 123326464 processor.cc:701] Processor thread started
I1221 00:27:03.113627 2889179968 c_interface.cc:271] Creating MasterModel (id=3)...
I1221 00:27:03.113634 123863040 processor.cc:701] Processor thread started
I1221 00:27:03.113919 2889179968 c_interface.cc:372] Pass 8b6d1a54-0dc4-4123-a6c6-0a4a9d9e7ca3 to MN4artm4core15MasterComponentEFvRKNSt3__112basic_stringIcNS2_11char_traitsIcEENS2_9allocatorIcEEEEE
I1221 00:27:03.126864 2889179968 c_interface.cc:336] Disposing MasterComponent (id=1)...
I1221 00:27:03.137310 123863040 processor.cc:717] No data in processing queue, waiting...
I1221 00:27:03.137310 122789888 processor.cc:717] No data in processing queue, waiting...
I1221 00:27:03.137832 122253312 processor.cc:717] No data in processing queue, waiting...
I1221 00:27:03.137935 123326464 processor.cc:717] No data in processing queue, waiting...
I1221 00:28:19.747370 2889179968 c_interface.cc:271] Creating MasterModel (id=4)...
I1221 00:28:27.071465 2889179968 c_interface.cc:271] Creating MasterModel (id=5)...
I1221 00:28:27.071589 2889179968 c_interface.cc:372] Pass dict to MN4artm4core15MasterComponentEFvRKNSt3__112basic_stringIcNS2_11char_traitsIcEENS2_9allocatorIcEEEEE
I1221 00:28:27.072600 2889179968 c_interface.cc:336] Disposing MasterComponent (id=4)...
I1221 00:28:27.072850 2889179968 c_interface.cc:372] Pass dict to MN4artm4core15MasterComponentEFvRKNSt3__112basic_stringIcNS2_11char_traitsIcEENS2_9allocatorIcEEEEE
I1221 00:28:27.073074 2889179968 c_interface.cc:386] Pass GatherDictionaryArgs: dictionary_target_name=dict, data_path=batches, symmetric_cooc_values=0 to MN4artm4core15MasterComponentEFvRKNS_20GatherDictionaryArgsEE
I1221 00:28:27.073199 2889179968 dictionary_operations.cc:249] Found 2 batches in 'batches' folder
I1221 00:28:27.169312 2889179968 dictionary_operations.cc:313] Find 26866 unique tokens in 1728 items
I1221 00:28:27.201244 2889179968 c_interface.cc:372] Pass pwt to MN4artm4core15MasterComponentEFvRKNSt3__112basic_stringIcNS2_11char_traitsIcEENS2_9allocatorIcEEEEE
I1221 00:28:27.202102 2889179968 c_interface.cc:372] Pass nwt to MN4artm4core15MasterComponentEFvRKNSt3__112basic_stringIcNS2_11char_traitsIcEENS2_9allocatorIcEEEEE
I1221 00:28:27.203675 2889179968 c_interface.cc:386] Pass InitializeModelArgs: model_name=pwt, dictionary_name=dict, topic_name_size=30 to MN4artm4core15MasterComponentEFvRKNS_19InitializeModelArgsEE
I1221 00:28:27.350355 2889179968 master_component.cc:620] InitializeModel() created matrix pwt with 30 topics and 26866 tokens; 
I1221 00:28:27.350769 2889179968 c_interface.cc:386] Pass InitializeModelArgs: model_name=nwt, dictionary_name=dict, topic_name_size=30 to MN4artm4core15MasterComponentEFvRKNS_19InitializeModelArgsEE
I1221 00:28:27.498603 2889179968 master_component.cc:620] InitializeModel() created matrix nwt with 30 topics and 26866 tokens; 
I1221 00:28:27.501139 2889179968 phi_matrix_operations.cc:84] RetrieveExternalTopicModel() with 30 topics, 26866 tokens
I1221 00:28:27.531867 2889179968 c_interface.cc:230] ArtmCopyRequestedMessage is copying 825334 bytes...
I1221 00:29:54.542701 2889179968 c_interface.cc:386] Pass MasterModelConfig: topic_name_size=30, class=(text:1), class=(author:1), score_config_size=2, num_processors=0, pwt_name=pwt, nwt_name=nwt, num_document_passes=10, reuse_theta=no, cache_theta=no, opt_for_avx=yes, disk_cache_path to MN4artm4core15MasterComponentEFvRKNS_17MasterModelConfigEE
I1221 00:29:54.542806 2889179968 instance.cc:401] MasterModelConfig.processors_count is automatically set to 4
I1221 00:29:54.543980 2889179968 c_interface.cc:386] Pass MasterModelConfig: topic_name_size=30, class=(text:1), class=(author:1), score_config_size=3, num_processors=0, pwt_name=pwt, nwt_name=nwt, num_document_passes=10, reuse_theta=no, cache_theta=no, opt_for_avx=yes, disk_cache_path to MN4artm4core15MasterComponentEFvRKNS_17MasterModelConfigEE
I1221 00:29:54.544010 2889179968 instance.cc:401] MasterModelConfig.processors_count is automatically set to 4
I1221 00:31:32.420076 2889179968 c_interface.cc:386] Pass MasterModelConfig: topic_name_size=30, class=(text:1), class=(author:1), score_config_size=3, num_processors=0, pwt_name=pwt, nwt_name=nwt, num_document_passes=10, regularizer=(1:urn:uuid:33f91ba1-e610-11e7-b22d-9e00d4124e01:100000), reuse_theta=no, cache_theta=no, opt_for_avx=yes, disk_cache_path to MN4artm4core15MasterComponentEFvRKNS_17MasterModelConfigEE
I1221 00:31:32.420500 2889179968 instance.cc:401] MasterModelConfig.processors_count is automatically set to 4
I1221 00:31:32.421305 2889179968 instance.cc:232] Regularizer '1:urn:uuid:33f91ba1-e610-11e7-b22d-9e00d4124e01' was cold-reconfigured
I1221 00:31:52.419682 2889179968 c_interface.cc:386] Pass MasterModelConfig: topic_name_size=30, class=(text:1), class=(author:1), score_config_size=3, num_processors=0, pwt_name=pwt, nwt_name=nwt, num_document_passes=1, regularizer=(1:urn:uuid:33f91ba1-e610-11e7-b22d-9e00d4124e01:100000), reuse_theta=no, cache_theta=no, opt_for_avx=yes, disk_cache_path to MN4artm4core15MasterComponentEFvRKNS_17MasterModelConfigEE
I1221 00:31:52.419716 2889179968 instance.cc:401] MasterModelConfig.processors_count is automatically set to 4
I1221 00:31:52.419761 2889179968 instance.cc:232] Regularizer '1:urn:uuid:33f91ba1-e610-11e7-b22d-9e00d4124e01' was cold-reconfigured
I1221 00:32:04.195818 2889179968 c_interface.cc:386] Pass MasterModelConfig: topic_name_size=30, class=(text:1), class=(author:1), score_config_size=3, num_processors=0, pwt_name=pwt, nwt_name=nwt, num_document_passes=1, regularizer=(1:urn:uuid:33f91ba1-e610-11e7-b22d-9e00d4124e01:100000), reuse_theta=no, cache_theta=no, opt_for_avx=yes, disk_cache_path to MN4artm4core15MasterComponentEFvRKNS_17MasterModelConfigEE
I1221 00:32:04.196022 2889179968 instance.cc:401] MasterModelConfig.processors_count is automatically set to 4
I1221 00:32:04.196070 2889179968 instance.cc:232] Regularizer '1:urn:uuid:33f91ba1-e610-11e7-b22d-9e00d4124e01' was cold-reconfigured
I1221 00:32:04.287502 109096960 c_interface.cc:386] Pass FitOfflineMasterModelArgs, batch_filename_size=2, batch_weight_size=2, num_collection_passes=1 to MN4artm4core15MasterComponentEFvRKNS_25FitOfflineMasterModelArgsEE
I1221 00:32:04.294531 109096960 master_component.cc:1340] ProcessBatchesArgs: nwt_target_name=nwt, batch_filename_size=2, batch_size=0, batch_weight_size=2, pwt_source_name=pwt, num_document_passes=1, regularizer=(name:1:urn:uuid:33f91ba1-e610-11e7-b22d-9e00d4124e01, tau:100000), class=(text:1), class=(author:1), reuse_theta=no, opt_for_avx=yes, predict_class_id=
I1221 00:32:04.344806 109096960 master_component.cc:772] Batches count (=2) is smaller than num processors (=4), which may cause suboptimal performance.
I1221 00:32:04.352347 123326464 processor.cc:724] Processing queue has data, processing started
I1221 00:32:04.357666 122253312 processor.cc:724] Processing queue has data, processing started
I1221 00:32:04.371069 123326464 processor.cc:802] Processor: start processing batch 2b6093f4-0b04-4f11-a98f-27d64e986742 into model nwt
I1221 00:32:04.378185 122253312 processor.cc:802] Processor: start processing batch b67a291c-6c3a-4ebe-905a-cd970d66d31a into model nwt
I1221 00:32:04.522059 122253312 processor.cc:898] Processor: complete processing batch b67a291c-6c3a-4ebe-905a-cd970d66d31a into model nwt
I1221 00:32:04.526042 122253312 cuckoo_watch.h:45] 168ms in ProcessBatch(batches/aaaaaa.batch) [including 19ms in LoadMessage; 7ms in InitializeSparseNdw; 85ms in InferThetaAndUpdateNwtSparse; 44ms in CalculateScore(^^^ItemsProcessedScore^^^); ]
I1221 00:32:04.550019 122253312 processor.cc:717] No data in processing queue, waiting...
I1221 00:32:04.657232 123326464 processor.cc:898] Processor: complete processing batch 2b6093f4-0b04-4f11-a98f-27d64e986742 into model nwt
I1221 00:32:04.662904 123326464 cuckoo_watch.h:45] 310ms in ProcessBatch(batches/aaaaab.batch) [including 17ms in LoadMessage; 22ms in InitializeSparseNdw; 171ms in InferThetaAndUpdateNwtSparse; 91ms in CalculateScore(^^^ItemsProcessedScore^^^); ]
I1221 00:32:04.663120 109096960 master_component.cc:1378] RegularizeModelArgs: rwt_target_name=rwt, pwt_source_name=pwt, nwt_source_name=nwt
I1221 00:32:04.664691 109096960 master_component.cc:922] MasterComponent: start regularizing model pwt
I1221 00:32:04.687453 123326464 processor.cc:717] No data in processing queue, waiting...
I1221 00:32:04.773425 109096960 master_component.cc:948] MasterComponent: complete regularizing model pwt
I1221 00:32:04.773443 109096960 master_component.cc:1391] NormalizeModelArgs: pwt_target_name=pwt, nwt_source_name=nwt, rwt_source_name=rwt
I1221 00:32:04.773450 109096960 master_component.cc:952] MasterComponent: start normalizing model nwt
I1221 00:32:04.839515 109096960 master_component.cc:980] MasterComponent: complete normalizing model nwt
I1221 00:32:04.934196 109096960 master_component.cc:1415] DisposeModel rwt
I1221 00:32:04.949910 109096960 master_component.cc:1005] FitOffline: ItemsProcessed, num_items=1728, num_batches=2, token_weight=808522, token_weight_in_effect=808522
I1221 00:32:04.962424 2889179968 c_interface.cc:559] Pass GetScoreValueArgs, score_name=^^^ItemsProcessedScore^^^ to MasterComponent::Request
I1221 00:32:04.963405 2889179968 c_interface.cc:230] ArtmCopyRequestedMessage is copying 46 bytes...
I1221 00:32:04.964213 109096960 c_interface.cc:386] Pass FitOfflineMasterModelArgs, batch_filename_size=2, batch_weight_size=2, num_collection_passes=1 to MN4artm4core15MasterComponentEFvRKNS_25FitOfflineMasterModelArgsEE
I1221 00:32:04.964236 109096960 master_component.cc:1340] ProcessBatchesArgs: nwt_target_name=nwt, batch_filename_size=2, batch_size=0, batch_weight_size=2, pwt_source_name=pwt, num_document_passes=1, regularizer=(name:1:urn:uuid:33f91ba1-e610-11e7-b22d-9e00d4124e01, tau:100000), class=(text:1), class=(author:1), reuse_theta=no, opt_for_avx=yes, predict_class_id=
I1221 00:32:05.017206 122789888 processor.cc:724] Processing queue has data, processing started
I1221 00:32:05.024377 122253312 processor.cc:724] Processing queue has data, processing started
I1221 00:32:05.034137 122789888 processor.cc:802] Processor: start processing batch 2b6093f4-0b04-4f11-a98f-27d64e986742 into model nwt
I1221 00:32:05.034253 122253312 processor.cc:802] Processor: start processing batch b67a291c-6c3a-4ebe-905a-cd970d66d31a into model nwt
I1221 00:32:05.173486 122253312 processor.cc:898] Processor: complete processing batch b67a291c-6c3a-4ebe-905a-cd970d66d31a into model nwt
I1221 00:32:05.177219 122253312 cuckoo_watch.h:45] 152ms in ProcessBatch(batches/aaaaaa.batch) [including 8ms in LoadMessage; 8ms in InitializeSparseNdw; 85ms in InferThetaAndUpdateNwtSparse; 45ms in CalculateScore(^^^ItemsProcessedScore^^^); ]
I1221 00:32:05.201346 122253312 processor.cc:717] No data in processing queue, waiting...
I1221 00:32:05.315146 122789888 processor.cc:898] Processor: complete processing batch 2b6093f4-0b04-4f11-a98f-27d64e986742 into model nwt
I1221 00:32:05.320703 122789888 cuckoo_watch.h:45] 303ms in ProcessBatch(batches/aaaaab.batch) [including 15ms in LoadMessage; 22ms in InitializeSparseNdw; 172ms in InferThetaAndUpdateNwtSparse; 86ms in CalculateScore(^^^ItemsProcessedScore^^^); ]
I1221 00:32:05.320740 109096960 master_component.cc:1378] RegularizeModelArgs: rwt_target_name=rwt, pwt_source_name=pwt, nwt_source_name=nwt
I1221 00:32:05.320793 109096960 master_component.cc:922] MasterComponent: start regularizing model pwt
I1221 00:32:05.344995 122789888 processor.cc:717] No data in processing queue, waiting...
I1221 00:32:05.432366 109096960 master_component.cc:948] MasterComponent: complete regularizing model pwt
I1221 00:32:05.432385 109096960 master_component.cc:1391] NormalizeModelArgs: pwt_target_name=pwt, nwt_source_name=nwt, rwt_source_name=rwt
I1221 00:32:05.432392 109096960 master_component.cc:952] MasterComponent: start normalizing model nwt
I1221 00:32:05.504755 109096960 master_component.cc:980] MasterComponent: complete normalizing model nwt
I1221 00:32:05.604566 109096960 master_component.cc:1415] DisposeModel rwt
I1221 00:32:05.620853 109096960 master_component.cc:1005] FitOffline: ItemsProcessed, num_items=1728, num_batches=2, token_weight=808522, token_weight_in_effect=808522
I1221 00:32:05.647874 2889179968 c_interface.cc:559] Pass GetScoreValueArgs, score_name=^^^ItemsProcessedScore^^^ to MasterComponent::Request
I1221 00:32:05.647917 2889179968 c_interface.cc:230] ArtmCopyRequestedMessage is copying 46 bytes...
I1221 00:32:05.648692 109096960 c_interface.cc:386] Pass FitOfflineMasterModelArgs, batch_filename_size=2, batch_weight_size=2, num_collection_passes=1 to MN4artm4core15MasterComponentEFvRKNS_25FitOfflineMasterModelArgsEE
I1221 00:32:05.648716 109096960 master_component.cc:1340] ProcessBatchesArgs: nwt_target_name=nwt, batch_filename_size=2, batch_size=0, batch_weight_size=2, pwt_source_name=pwt, num_document_passes=1, regularizer=(name:1:urn:uuid:33f91ba1-e610-11e7-b22d-9e00d4124e01, tau:100000), class=(text:1), class=(author:1), reuse_theta=no, opt_for_avx=yes, predict_class_id=
I1221 00:32:05.702556 123863040 processor.cc:724] Processing queue has data, processing started
I1221 00:32:05.707953 123326464 processor.cc:724] Processing queue has data, processing started
I1221 00:32:05.717726 123863040 processor.cc:802] Processor: start processing batch 2b6093f4-0b04-4f11-a98f-27d64e986742 into model nwt
I1221 00:32:05.720449 123326464 processor.cc:802] Processor: start processing batch b67a291c-6c3a-4ebe-905a-cd970d66d31a into model nwt
I1221 00:32:05.855782 123326464 processor.cc:898] Processor: complete processing batch b67a291c-6c3a-4ebe-905a-cd970d66d31a into model nwt
I1221 00:32:05.859344 123326464 cuckoo_watch.h:45] 151ms in ProcessBatch(batches/aaaaaa.batch) [including 11ms in LoadMessage; 8ms in InitializeSparseNdw; 82ms in InferThetaAndUpdateNwtSparse; 43ms in CalculateScore(^^^ItemsProcessedScore^^^); ]
I1221 00:32:05.884166 123326464 processor.cc:717] No data in processing queue, waiting...
I1221 00:32:05.995501 123863040 processor.cc:898] Processor: complete processing batch 2b6093f4-0b04-4f11-a98f-27d64e986742 into model nwt
I1221 00:32:06.001411 123863040 cuckoo_watch.h:45] 298ms in ProcessBatch(batches/aaaaab.batch) [including 14ms in LoadMessage; 19ms in InitializeSparseNdw; 170ms in InferThetaAndUpdateNwtSparse; 87ms in CalculateScore(^^^ItemsProcessedScore^^^); ]
I1221 00:32:06.001729 109096960 master_component.cc:1378] RegularizeModelArgs: rwt_target_name=rwt, pwt_source_name=pwt, nwt_source_name=nwt
I1221 00:32:06.001749 109096960 master_component.cc:922] MasterComponent: start regularizing model pwt
I1221 00:32:06.025873 123863040 processor.cc:717] No data in processing queue, waiting...
I1221 00:32:06.110990 109096960 master_component.cc:948] MasterComponent: complete regularizing model pwt
I1221 00:32:06.111012 109096960 master_component.cc:1391] NormalizeModelArgs: pwt_target_name=pwt, nwt_source_name=nwt, rwt_source_name=rwt
I1221 00:32:06.111023 109096960 master_component.cc:952] MasterComponent: start normalizing model nwt
I1221 00:32:06.178431 109096960 master_component.cc:980] MasterComponent: complete normalizing model nwt
I1221 00:32:06.272804 109096960 master_component.cc:1415] DisposeModel rwt
I1221 00:32:06.289819 109096960 master_component.cc:1005] FitOffline: ItemsProcessed, num_items=1728, num_batches=2, token_weight=808522, token_weight_in_effect=808522
I1221 00:32:06.298599 2889179968 c_interface.cc:559] Pass GetScoreValueArgs, score_name=^^^ItemsProcessedScore^^^ to MasterComponent::Request
I1221 00:32:06.298651 2889179968 c_interface.cc:230] ArtmCopyRequestedMessage is copying 46 bytes...
I1221 00:32:06.299531 109096960 c_interface.cc:386] Pass FitOfflineMasterModelArgs, batch_filename_size=2, batch_weight_size=2, num_collection_passes=1 to MN4artm4core15MasterComponentEFvRKNS_25FitOfflineMasterModelArgsEE
I1221 00:32:06.299552 109096960 master_component.cc:1340] ProcessBatchesArgs: nwt_target_name=nwt, batch_filename_size=2, batch_size=0, batch_weight_size=2, pwt_source_name=pwt, num_document_passes=1, regularizer=(name:1:urn:uuid:33f91ba1-e610-11e7-b22d-9e00d4124e01, tau:100000), class=(text:1), class=(author:1), reuse_theta=no, opt_for_avx=yes, predict_class_id=
I1221 00:32:06.352774 122253312 processor.cc:724] Processing queue has data, processing started
I1221 00:32:06.358791 122789888 processor.cc:724] Processing queue has data, processing started
I1221 00:32:06.367667 122253312 processor.cc:802] Processor: start processing batch 2b6093f4-0b04-4f11-a98f-27d64e986742 into model nwt
I1221 00:32:06.368764 122789888 processor.cc:802] Processor: start processing batch b67a291c-6c3a-4ebe-905a-cd970d66d31a into model nwt
I1221 00:32:06.518885 122789888 processor.cc:898] Processor: complete processing batch b67a291c-6c3a-4ebe-905a-cd970d66d31a into model nwt
I1221 00:32:06.522950 122789888 cuckoo_watch.h:45] 164ms in ProcessBatch(batches/aaaaaa.batch) [including 8ms in LoadMessage; 9ms in InitializeSparseNdw; 83ms in InferThetaAndUpdateNwtSparse; 56ms in CalculateScore(^^^ItemsProcessedScore^^^); ]
I1221 00:32:06.545650 122789888 processor.cc:717] No data in processing queue, waiting...
I1221 00:32:06.677984 122253312 processor.cc:898] Processor: complete processing batch 2b6093f4-0b04-4f11-a98f-27d64e986742 into model nwt
I1221 00:32:06.683640 122253312 cuckoo_watch.h:45] 330ms in ProcessBatch(batches/aaaaab.batch) [including 13ms in LoadMessage; 20ms in InitializeSparseNdw; 181ms in InferThetaAndUpdateNwtSparse; 108ms in CalculateScore(^^^ItemsProcessedScore^^^); ]
I1221 00:32:06.684618 109096960 master_component.cc:1378] RegularizeModelArgs: rwt_target_name=rwt, pwt_source_name=pwt, nwt_source_name=nwt
I1221 00:32:06.684744 109096960 master_component.cc:922] MasterComponent: start regularizing model pwt
I1221 00:32:06.706756 122253312 processor.cc:717] No data in processing queue, waiting...
I1221 00:32:06.799316 109096960 master_component.cc:948] MasterComponent: complete regularizing model pwt
I1221 00:32:06.799340 109096960 master_component.cc:1391] NormalizeModelArgs: pwt_target_name=pwt, nwt_source_name=nwt, rwt_source_name=rwt
I1221 00:32:06.799347 109096960 master_component.cc:952] MasterComponent: start normalizing model nwt
I1221 00:32:06.871415 109096960 master_component.cc:980] MasterComponent: complete normalizing model nwt
I1221 00:32:06.967522 109096960 master_component.cc:1415] DisposeModel rwt
I1221 00:32:06.984628 109096960 master_component.cc:1005] FitOffline: ItemsProcessed, num_items=1728, num_batches=2, token_weight=808522, token_weight_in_effect=808522
I1221 00:32:06.994164 2889179968 c_interface.cc:559] Pass GetScoreValueArgs, score_name=^^^ItemsProcessedScore^^^ to MasterComponent::Request
I1221 00:32:06.994202 2889179968 c_interface.cc:230] ArtmCopyRequestedMessage is copying 46 bytes...
I1221 00:32:06.994946 109096960 c_interface.cc:386] Pass FitOfflineMasterModelArgs, batch_filename_size=2, batch_weight_size=2, num_collection_passes=1 to MN4artm4core15MasterComponentEFvRKNS_25FitOfflineMasterModelArgsEE
I1221 00:32:06.994968 109096960 master_component.cc:1340] ProcessBatchesArgs: nwt_target_name=nwt, batch_filename_size=2, batch_size=0, batch_weight_size=2, pwt_source_name=pwt, num_document_passes=1, regularizer=(name:1:urn:uuid:33f91ba1-e610-11e7-b22d-9e00d4124e01, tau:100000), class=(text:1), class=(author:1), reuse_theta=no, opt_for_avx=yes, predict_class_id=
I1221 00:32:07.052709 123326464 processor.cc:724] Processing queue has data, processing started
I1221 00:32:07.058866 122789888 processor.cc:724] Processing queue has data, processing started
I1221 00:32:07.069097 123326464 processor.cc:802] Processor: start processing batch 2b6093f4-0b04-4f11-a98f-27d64e986742 into model nwt
I1221 00:32:07.070777 122789888 processor.cc:802] Processor: start processing batch b67a291c-6c3a-4ebe-905a-cd970d66d31a into model nwt
I1221 00:32:07.232862 122789888 processor.cc:898] Processor: complete processing batch b67a291c-6c3a-4ebe-905a-cd970d66d31a into model nwt
I1221 00:32:07.237452 122789888 cuckoo_watch.h:45] 178ms in ProcessBatch(batches/aaaaaa.batch) [including 10ms in LoadMessage; 10ms in InitializeSparseNdw; 91ms in InferThetaAndUpdateNwtSparse; 60ms in CalculateScore(^^^ItemsProcessedScore^^^); ]
I1221 00:32:07.261369 122789888 processor.cc:717] No data in processing queue, waiting...
I1221 00:32:07.392750 123326464 processor.cc:898] Processor: complete processing batch 2b6093f4-0b04-4f11-a98f-27d64e986742 into model nwt
I1221 00:32:07.398860 123326464 cuckoo_watch.h:45] 346ms in ProcessBatch(batches/aaaaab.batch) [including 14ms in LoadMessage; 22ms in InitializeSparseNdw; 191ms in InferThetaAndUpdateNwtSparse; 110ms in CalculateScore(^^^ItemsProcessedScore^^^); ]
I1221 00:32:07.399121 109096960 master_component.cc:1378] RegularizeModelArgs: rwt_target_name=rwt, pwt_source_name=pwt, nwt_source_name=nwt
I1221 00:32:07.399159 109096960 master_component.cc:922] MasterComponent: start regularizing model pwt
I1221 00:32:07.423246 123326464 processor.cc:717] No data in processing queue, waiting...
I1221 00:32:07.535924 109096960 master_component.cc:948] MasterComponent: complete regularizing model pwt
I1221 00:32:07.535995 109096960 master_component.cc:1391] NormalizeModelArgs: pwt_target_name=pwt, nwt_source_name=nwt, rwt_source_name=rwt
I1221 00:32:07.536005 109096960 master_component.cc:952] MasterComponent: start normalizing model nwt
I1221 00:32:07.606711 109096960 master_component.cc:980] MasterComponent: complete normalizing model nwt
I1221 00:32:07.702057 109096960 master_component.cc:1415] DisposeModel rwt
I1221 00:32:07.719060 109096960 master_component.cc:1005] FitOffline: ItemsProcessed, num_items=1728, num_batches=2, token_weight=808522, token_weight_in_effect=808522
I1221 00:32:07.746232 2889179968 c_interface.cc:559] Pass GetScoreValueArgs, score_name=^^^ItemsProcessedScore^^^ to MasterComponent::Request
I1221 00:32:07.746263 2889179968 c_interface.cc:230] ArtmCopyRequestedMessage is copying 46 bytes...
I1221 00:32:07.746877 109096960 c_interface.cc:386] Pass FitOfflineMasterModelArgs, batch_filename_size=2, batch_weight_size=2, num_collection_passes=1 to MN4artm4core15MasterComponentEFvRKNS_25FitOfflineMasterModelArgsEE
I1221 00:32:07.746892 109096960 master_component.cc:1340] ProcessBatchesArgs: nwt_target_name=nwt, batch_filename_size=2, batch_size=0, batch_weight_size=2, pwt_source_name=pwt, num_document_passes=1, regularizer=(name:1:urn:uuid:33f91ba1-e610-11e7-b22d-9e00d4124e01, tau:100000), class=(text:1), class=(author:1), reuse_theta=no, opt_for_avx=yes, predict_class_id=
I1221 00:32:07.801859 122253312 processor.cc:724] Processing queue has data, processing started
I1221 00:32:07.808784 123326464 processor.cc:724] Processing queue has data, processing started
I1221 00:32:07.819805 122253312 processor.cc:802] Processor: start processing batch 2b6093f4-0b04-4f11-a98f-27d64e986742 into model nwt
I1221 00:32:07.823370 123326464 processor.cc:802] Processor: start processing batch b67a291c-6c3a-4ebe-905a-cd970d66d31a into model nwt
I1221 00:32:07.997493 123326464 processor.cc:898] Processor: complete processing batch b67a291c-6c3a-4ebe-905a-cd970d66d31a into model nwt
I1221 00:32:08.001600 123326464 cuckoo_watch.h:45] 192ms in ProcessBatch(batches/aaaaaa.batch) [including 13ms in LoadMessage; 10ms in InitializeSparseNdw; 99ms in InferThetaAndUpdateNwtSparse; 64ms in CalculateScore(^^^ItemsProcessedScore^^^); ]
I1221 00:32:08.024847 123326464 processor.cc:717] No data in processing queue, waiting...
I1221 00:32:08.137897 122253312 processor.cc:898] Processor: complete processing batch 2b6093f4-0b04-4f11-a98f-27d64e986742 into model nwt
I1221 00:32:08.144351 122253312 cuckoo_watch.h:45] 342ms in ProcessBatch(batches/aaaaab.batch) [including 16ms in LoadMessage; 24ms in InitializeSparseNdw; 194ms in InferThetaAndUpdateNwtSparse; 99ms in CalculateScore(^^^ItemsProcessedScore^^^); ]
I1221 00:32:08.145400 109096960 master_component.cc:1378] RegularizeModelArgs: rwt_target_name=rwt, pwt_source_name=pwt, nwt_source_name=nwt
I1221 00:32:08.145426 109096960 master_component.cc:922] MasterComponent: start regularizing model pwt
I1221 00:32:08.167783 122253312 processor.cc:717] No data in processing queue, waiting...
I1221 00:32:08.262610 109096960 master_component.cc:948] MasterComponent: complete regularizing model pwt
I1221 00:32:08.262629 109096960 master_component.cc:1391] NormalizeModelArgs: pwt_target_name=pwt, nwt_source_name=nwt, rwt_source_name=rwt
I1221 00:32:08.262636 109096960 master_component.cc:952] MasterComponent: start normalizing model nwt
I1221 00:32:08.333195 109096960 master_component.cc:980] MasterComponent: complete normalizing model nwt
I1221 00:32:08.426604 109096960 master_component.cc:1415] DisposeModel rwt
I1221 00:32:08.444324 109096960 master_component.cc:1005] FitOffline: ItemsProcessed, num_items=1728, num_batches=2, token_weight=808522, token_weight_in_effect=808522
I1221 00:32:08.495389 2889179968 c_interface.cc:559] Pass GetScoreValueArgs, score_name=^^^ItemsProcessedScore^^^ to MasterComponent::Request
I1221 00:32:08.495426 2889179968 c_interface.cc:230] ArtmCopyRequestedMessage is copying 46 bytes...
I1221 00:32:08.496336 109096960 c_interface.cc:386] Pass FitOfflineMasterModelArgs, batch_filename_size=2, batch_weight_size=2, num_collection_passes=1 to MN4artm4core15MasterComponentEFvRKNS_25FitOfflineMasterModelArgsEE
I1221 00:32:08.496407 109096960 master_component.cc:1340] ProcessBatchesArgs: nwt_target_name=nwt, batch_filename_size=2, batch_size=0, batch_weight_size=2, pwt_source_name=pwt, num_document_passes=1, regularizer=(name:1:urn:uuid:33f91ba1-e610-11e7-b22d-9e00d4124e01, tau:100000), class=(text:1), class=(author:1), reuse_theta=no, opt_for_avx=yes, predict_class_id=
I1221 00:32:08.551494 123326464 processor.cc:724] Processing queue has data, processing started
I1221 00:32:08.557809 123863040 processor.cc:724] Processing queue has data, processing started
I1221 00:32:08.568859 123863040 processor.cc:802] Processor: start processing batch b67a291c-6c3a-4ebe-905a-cd970d66d31a into model nwt
I1221 00:32:08.569994 123326464 processor.cc:802] Processor: start processing batch 2b6093f4-0b04-4f11-a98f-27d64e986742 into model nwt
I1221 00:32:08.724848 123863040 processor.cc:898] Processor: complete processing batch b67a291c-6c3a-4ebe-905a-cd970d66d31a into model nwt
I1221 00:32:08.728834 123863040 cuckoo_watch.h:45] 170ms in ProcessBatch(batches/aaaaaa.batch) [including 9ms in LoadMessage; 9ms in InitializeSparseNdw; 98ms in InferThetaAndUpdateNwtSparse; 47ms in CalculateScore(^^^ItemsProcessedScore^^^); ]
I1221 00:32:08.753871 123863040 processor.cc:717] No data in processing queue, waiting...
I1221 00:32:08.881223 123326464 processor.cc:898] Processor: complete processing batch 2b6093f4-0b04-4f11-a98f-27d64e986742 into model nwt
I1221 00:32:08.887998 123326464 cuckoo_watch.h:45] 336ms in ProcessBatch(batches/aaaaab.batch) [including 16ms in LoadMessage; 25ms in InitializeSparseNdw; 186ms in InferThetaAndUpdateNwtSparse; 98ms in CalculateScore(^^^ItemsProcessedScore^^^); ]
I1221 00:32:08.889271 109096960 master_component.cc:1378] RegularizeModelArgs: rwt_target_name=rwt, pwt_source_name=pwt, nwt_source_name=nwt
I1221 00:32:08.889303 109096960 master_component.cc:922] MasterComponent: start regularizing model pwt
I1221 00:32:08.911798 123326464 processor.cc:717] No data in processing queue, waiting...
I1221 00:32:09.001188 109096960 master_component.cc:948] MasterComponent: complete regularizing model pwt
I1221 00:32:09.001207 109096960 master_component.cc:1391] NormalizeModelArgs: pwt_target_name=pwt, nwt_source_name=nwt, rwt_source_name=rwt
I1221 00:32:09.001214 109096960 master_component.cc:952] MasterComponent: start normalizing model nwt
I1221 00:32:09.070261 109096960 master_component.cc:980] MasterComponent: complete normalizing model nwt
I1221 00:32:09.166373 109096960 master_component.cc:1415] DisposeModel rwt
I1221 00:32:09.183279 109096960 master_component.cc:1005] FitOffline: ItemsProcessed, num_items=1728, num_batches=2, token_weight=808522, token_weight_in_effect=808522
I1221 00:32:09.194517 2889179968 c_interface.cc:559] Pass GetScoreValueArgs, score_name=^^^ItemsProcessedScore^^^ to MasterComponent::Request
I1221 00:32:09.194553 2889179968 c_interface.cc:230] ArtmCopyRequestedMessage is copying 46 bytes...
I1221 00:32:09.195268 109096960 c_interface.cc:386] Pass FitOfflineMasterModelArgs, batch_filename_size=2, batch_weight_size=2, num_collection_passes=1 to MN4artm4core15MasterComponentEFvRKNS_25FitOfflineMasterModelArgsEE
I1221 00:32:09.195288 109096960 master_component.cc:1340] ProcessBatchesArgs: nwt_target_name=nwt, batch_filename_size=2, batch_size=0, batch_weight_size=2, pwt_source_name=pwt, num_document_passes=1, regularizer=(name:1:urn:uuid:33f91ba1-e610-11e7-b22d-9e00d4124e01, tau:100000), class=(text:1), class=(author:1), reuse_theta=no, opt_for_avx=yes, predict_class_id=
I1221 00:32:09.247494 122253312 processor.cc:724] Processing queue has data, processing started
I1221 00:32:09.253192 123863040 processor.cc:724] Processing queue has data, processing started
I1221 00:32:09.263519 123863040 processor.cc:802] Processor: start processing batch b67a291c-6c3a-4ebe-905a-cd970d66d31a into model nwt
I1221 00:32:09.264751 122253312 processor.cc:802] Processor: start processing batch 2b6093f4-0b04-4f11-a98f-27d64e986742 into model nwt
I1221 00:32:09.413395 123863040 processor.cc:898] Processor: complete processing batch b67a291c-6c3a-4ebe-905a-cd970d66d31a into model nwt
I1221 00:32:09.417281 123863040 cuckoo_watch.h:45] 164ms in ProcessBatch(batches/aaaaaa.batch) [including 9ms in LoadMessage; 8ms in InitializeSparseNdw; 86ms in InferThetaAndUpdateNwtSparse; 54ms in CalculateScore(^^^ItemsProcessedScore^^^); ]
I1221 00:32:09.441372 123863040 processor.cc:717] No data in processing queue, waiting...
I1221 00:32:09.578331 122253312 processor.cc:898] Processor: complete processing batch 2b6093f4-0b04-4f11-a98f-27d64e986742 into model nwt
I1221 00:32:09.584655 122253312 cuckoo_watch.h:45] 337ms in ProcessBatch(batches/aaaaab.batch) [including 16ms in LoadMessage; 22ms in InitializeSparseNdw; 184ms in InferThetaAndUpdateNwtSparse; 106ms in CalculateScore(^^^ItemsProcessedScore^^^); ]
I1221 00:32:09.584692 109096960 master_component.cc:1378] RegularizeModelArgs: rwt_target_name=rwt, pwt_source_name=pwt, nwt_source_name=nwt
I1221 00:32:09.584724 109096960 master_component.cc:922] MasterComponent: start regularizing model pwt
I1221 00:32:09.608788 122253312 processor.cc:717] No data in processing queue, waiting...
I1221 00:32:09.695538 109096960 master_component.cc:948] MasterComponent: complete regularizing model pwt
I1221 00:32:09.695554 109096960 master_component.cc:1391] NormalizeModelArgs: pwt_target_name=pwt, nwt_source_name=nwt, rwt_source_name=rwt
I1221 00:32:09.695561 109096960 master_component.cc:952] MasterComponent: start normalizing model nwt
I1221 00:32:09.767015 109096960 master_component.cc:980] MasterComponent: complete normalizing model nwt
I1221 00:32:09.865248 109096960 master_component.cc:1415] DisposeModel rwt
I1221 00:32:09.883653 109096960 master_component.cc:1005] FitOffline: ItemsProcessed, num_items=1728, num_batches=2, token_weight=808522, token_weight_in_effect=808522
I1221 00:32:09.893919 2889179968 c_interface.cc:559] Pass GetScoreValueArgs, score_name=^^^ItemsProcessedScore^^^ to MasterComponent::Request
I1221 00:32:09.893959 2889179968 c_interface.cc:230] ArtmCopyRequestedMessage is copying 46 bytes...
I1221 00:32:09.894651 109096960 c_interface.cc:386] Pass FitOfflineMasterModelArgs, batch_filename_size=2, batch_weight_size=2, num_collection_passes=1 to MN4artm4core15MasterComponentEFvRKNS_25FitOfflineMasterModelArgsEE
I1221 00:32:09.894685 109096960 master_component.cc:1340] ProcessBatchesArgs: nwt_target_name=nwt, batch_filename_size=2, batch_size=0, batch_weight_size=2, pwt_source_name=pwt, num_document_passes=1, regularizer=(name:1:urn:uuid:33f91ba1-e610-11e7-b22d-9e00d4124e01, tau:100000), class=(text:1), class=(author:1), reuse_theta=no, opt_for_avx=yes, predict_class_id=
I1221 00:32:09.952188 122789888 processor.cc:724] Processing queue has data, processing started
I1221 00:32:09.958698 123326464 processor.cc:724] Processing queue has data, processing started
I1221 00:32:09.970340 123326464 processor.cc:802] Processor: start processing batch b67a291c-6c3a-4ebe-905a-cd970d66d31a into model nwt
I1221 00:32:09.971025 122789888 processor.cc:802] Processor: start processing batch 2b6093f4-0b04-4f11-a98f-27d64e986742 into model nwt
I1221 00:32:10.125746 123326464 processor.cc:898] Processor: complete processing batch b67a291c-6c3a-4ebe-905a-cd970d66d31a into model nwt
I1221 00:32:10.129448 123326464 cuckoo_watch.h:45] 170ms in ProcessBatch(batches/aaaaaa.batch) [including 10ms in LoadMessage; 10ms in InitializeSparseNdw; 95ms in InferThetaAndUpdateNwtSparse; 49ms in CalculateScore(^^^ItemsProcessedScore^^^); ]
I1221 00:32:10.153439 123326464 processor.cc:717] No data in processing queue, waiting...
I1221 00:32:10.296656 122789888 processor.cc:898] Processor: complete processing batch 2b6093f4-0b04-4f11-a98f-27d64e986742 into model nwt
I1221 00:32:10.302760 122789888 cuckoo_watch.h:45] 350ms in ProcessBatch(batches/aaaaab.batch) [including 17ms in LoadMessage; 26ms in InitializeSparseNdw; 186ms in InferThetaAndUpdateNwtSparse; 112ms in CalculateScore(^^^ItemsProcessedScore^^^); ]
I1221 00:32:10.302825 109096960 master_component.cc:1378] RegularizeModelArgs: rwt_target_name=rwt, pwt_source_name=pwt, nwt_source_name=nwt
I1221 00:32:10.302845 109096960 master_component.cc:922] MasterComponent: start regularizing model pwt
I1221 00:32:10.326253 122789888 processor.cc:717] No data in processing queue, waiting...
I1221 00:32:10.414059 109096960 master_component.cc:948] MasterComponent: complete regularizing model pwt
I1221 00:32:10.414101 109096960 master_component.cc:1391] NormalizeModelArgs: pwt_target_name=pwt, nwt_source_name=nwt, rwt_source_name=rwt
I1221 00:32:10.414124 109096960 master_component.cc:952] MasterComponent: start normalizing model nwt
I1221 00:32:10.485806 109096960 master_component.cc:980] MasterComponent: complete normalizing model nwt
I1221 00:32:10.581010 109096960 master_component.cc:1415] DisposeModel rwt
I1221 00:32:10.598294 109096960 master_component.cc:1005] FitOffline: ItemsProcessed, num_items=1728, num_batches=2, token_weight=808522, token_weight_in_effect=808522
I1221 00:32:10.650177 2889179968 c_interface.cc:559] Pass GetScoreValueArgs, score_name=^^^ItemsProcessedScore^^^ to MasterComponent::Request
I1221 00:32:10.650220 2889179968 c_interface.cc:230] ArtmCopyRequestedMessage is copying 46 bytes...
I1221 00:32:10.650975 109096960 c_interface.cc:386] Pass FitOfflineMasterModelArgs, batch_filename_size=2, batch_weight_size=2, num_collection_passes=1 to MN4artm4core15MasterComponentEFvRKNS_25FitOfflineMasterModelArgsEE
I1221 00:32:10.650992 109096960 master_component.cc:1340] ProcessBatchesArgs: nwt_target_name=nwt, batch_filename_size=2, batch_size=0, batch_weight_size=2, pwt_source_name=pwt, num_document_passes=1, regularizer=(name:1:urn:uuid:33f91ba1-e610-11e7-b22d-9e00d4124e01, tau:100000), class=(text:1), class=(author:1), reuse_theta=no, opt_for_avx=yes, predict_class_id=
I1221 00:32:10.710975 123863040 processor.cc:724] Processing queue has data, processing started
I1221 00:32:10.718454 123326464 processor.cc:724] Processing queue has data, processing started
I1221 00:32:10.728922 123863040 processor.cc:802] Processor: start processing batch 2b6093f4-0b04-4f11-a98f-27d64e986742 into model nwt
I1221 00:32:10.729727 123326464 processor.cc:802] Processor: start processing batch b67a291c-6c3a-4ebe-905a-cd970d66d31a into model nwt
I1221 00:32:10.877912 123326464 processor.cc:898] Processor: complete processing batch b67a291c-6c3a-4ebe-905a-cd970d66d31a into model nwt
I1221 00:32:10.882182 123326464 cuckoo_watch.h:45] 163ms in ProcessBatch(batches/aaaaaa.batch) [including 9ms in LoadMessage; 10ms in InitializeSparseNdw; 87ms in InferThetaAndUpdateNwtSparse; 49ms in CalculateScore(^^^ItemsProcessedScore^^^); ]
I1221 00:32:10.905704 123326464 processor.cc:717] No data in processing queue, waiting...
I1221 00:32:11.031256 123863040 processor.cc:898] Processor: complete processing batch 2b6093f4-0b04-4f11-a98f-27d64e986742 into model nwt
I1221 00:32:11.037645 123863040 cuckoo_watch.h:45] 326ms in ProcessBatch(batches/aaaaab.batch) [including 16ms in LoadMessage; 23ms in InitializeSparseNdw; 178ms in InferThetaAndUpdateNwtSparse; 100ms in CalculateScore(^^^ItemsProcessedScore^^^); ]
I1221 00:32:11.038774 109096960 master_component.cc:1378] RegularizeModelArgs: rwt_target_name=rwt, pwt_source_name=pwt, nwt_source_name=nwt
I1221 00:32:11.038848 109096960 master_component.cc:922] MasterComponent: start regularizing model pwt
I1221 00:32:11.061492 123863040 processor.cc:717] No data in processing queue, waiting...
I1221 00:32:11.149982 109096960 master_component.cc:948] MasterComponent: complete regularizing model pwt
I1221 00:32:11.150001 109096960 master_component.cc:1391] NormalizeModelArgs: pwt_target_name=pwt, nwt_source_name=nwt, rwt_source_name=rwt
I1221 00:32:11.150007 109096960 master_component.cc:952] MasterComponent: start normalizing model nwt
I1221 00:32:11.226058 109096960 master_component.cc:980] MasterComponent: complete normalizing model nwt
I1221 00:32:11.320235 109096960 master_component.cc:1415] DisposeModel rwt
I1221 00:32:11.339035 109096960 master_component.cc:1005] FitOffline: ItemsProcessed, num_items=1728, num_batches=2, token_weight=808522, token_weight_in_effect=808522
I1221 00:32:11.386991 2889179968 c_interface.cc:559] Pass GetScoreValueArgs, score_name=^^^ItemsProcessedScore^^^ to MasterComponent::Request
I1221 00:32:11.387028 2889179968 c_interface.cc:230] ArtmCopyRequestedMessage is copying 46 bytes...
I1221 00:32:11.387763 109096960 c_interface.cc:386] Pass FitOfflineMasterModelArgs, batch_filename_size=2, batch_weight_size=2, num_collection_passes=1 to MN4artm4core15MasterComponentEFvRKNS_25FitOfflineMasterModelArgsEE
I1221 00:32:11.387784 109096960 master_component.cc:1340] ProcessBatchesArgs: nwt_target_name=nwt, batch_filename_size=2, batch_size=0, batch_weight_size=2, pwt_source_name=pwt, num_document_passes=1, regularizer=(name:1:urn:uuid:33f91ba1-e610-11e7-b22d-9e00d4124e01, tau:100000), class=(text:1), class=(author:1), reuse_theta=no, opt_for_avx=yes, predict_class_id=
I1221 00:32:11.441474 122253312 processor.cc:724] Processing queue has data, processing started
I1221 00:32:11.447005 123326464 processor.cc:724] Processing queue has data, processing started
I1221 00:32:11.456732 122253312 processor.cc:802] Processor: start processing batch 2b6093f4-0b04-4f11-a98f-27d64e986742 into model nwt
I1221 00:32:11.457319 123326464 processor.cc:802] Processor: start processing batch b67a291c-6c3a-4ebe-905a-cd970d66d31a into model nwt
I1221 00:32:11.595464 123326464 processor.cc:898] Processor: complete processing batch b67a291c-6c3a-4ebe-905a-cd970d66d31a into model nwt
I1221 00:32:11.599184 123326464 cuckoo_watch.h:45] 152ms in ProcessBatch(batches/aaaaaa.batch) [including 9ms in LoadMessage; 9ms in InitializeSparseNdw; 83ms in InferThetaAndUpdateNwtSparse; 45ms in CalculateScore(^^^ItemsProcessedScore^^^); ]
I1221 00:32:11.623513 123326464 processor.cc:717] No data in processing queue, waiting...
I1221 00:32:11.740219 122253312 processor.cc:898] Processor: complete processing batch 2b6093f4-0b04-4f11-a98f-27d64e986742 into model nwt
I1221 00:32:11.745900 122253312 cuckoo_watch.h:45] 304ms in ProcessBatch(batches/aaaaab.batch) [including 14ms in LoadMessage; 21ms in InitializeSparseNdw; 169ms in InferThetaAndUpdateNwtSparse; 92ms in CalculateScore(^^^ItemsProcessedScore^^^); ]
I1221 00:32:11.747246 109096960 master_component.cc:1378] RegularizeModelArgs: rwt_target_name=rwt, pwt_source_name=pwt, nwt_source_name=nwt
I1221 00:32:11.747355 109096960 master_component.cc:922] MasterComponent: start regularizing model pwt
I1221 00:32:11.769623 122253312 processor.cc:717] No data in processing queue, waiting...
I1221 00:32:11.861997 109096960 master_component.cc:948] MasterComponent: complete regularizing model pwt
I1221 00:32:11.862036 109096960 master_component.cc:1391] NormalizeModelArgs: pwt_target_name=pwt, nwt_source_name=nwt, rwt_source_name=rwt
I1221 00:32:11.862043 109096960 master_component.cc:952] MasterComponent: start normalizing model nwt
I1221 00:32:11.930661 109096960 master_component.cc:980] MasterComponent: complete normalizing model nwt
I1221 00:32:12.031210 109096960 master_component.cc:1415] DisposeModel rwt
I1221 00:32:12.050045 109096960 master_component.cc:1005] FitOffline: ItemsProcessed, num_items=1728, num_batches=2, token_weight=808522, token_weight_in_effect=808522
I1221 00:32:12.071866 2889179968 c_interface.cc:559] Pass GetScoreValueArgs, score_name=^^^ItemsProcessedScore^^^ to MasterComponent::Request
I1221 00:32:12.071940 2889179968 c_interface.cc:230] ArtmCopyRequestedMessage is copying 46 bytes...
I1221 00:32:12.073254 109096960 c_interface.cc:386] Pass FitOfflineMasterModelArgs, batch_filename_size=2, batch_weight_size=2, num_collection_passes=1 to MN4artm4core15MasterComponentEFvRKNS_25FitOfflineMasterModelArgsEE
I1221 00:32:12.073297 109096960 master_component.cc:1340] ProcessBatchesArgs: nwt_target_name=nwt, batch_filename_size=2, batch_size=0, batch_weight_size=2, pwt_source_name=pwt, num_document_passes=1, regularizer=(name:1:urn:uuid:33f91ba1-e610-11e7-b22d-9e00d4124e01, tau:100000), class=(text:1), class=(author:1), reuse_theta=no, opt_for_avx=yes, predict_class_id=
I1221 00:32:12.128190 123863040 processor.cc:724] Processing queue has data, processing started
I1221 00:32:12.133255 123326464 processor.cc:724] Processing queue has data, processing started
I1221 00:32:12.143666 123863040 processor.cc:802] Processor: start processing batch 2b6093f4-0b04-4f11-a98f-27d64e986742 into model nwt
I1221 00:32:12.143666 123326464 processor.cc:802] Processor: start processing batch b67a291c-6c3a-4ebe-905a-cd970d66d31a into model nwt
I1221 00:32:12.295841 123326464 processor.cc:898] Processor: complete processing batch b67a291c-6c3a-4ebe-905a-cd970d66d31a into model nwt
I1221 00:32:12.300987 123326464 cuckoo_watch.h:45] 167ms in ProcessBatch(batches/aaaaaa.batch) [including 9ms in LoadMessage; 10ms in InitializeSparseNdw; 92ms in InferThetaAndUpdateNwtSparse; 49ms in CalculateScore(^^^ItemsProcessedScore^^^); ]
I1221 00:32:12.324862 123326464 processor.cc:717] No data in processing queue, waiting...
I1221 00:32:12.435781 123863040 processor.cc:898] Processor: complete processing batch 2b6093f4-0b04-4f11-a98f-27d64e986742 into model nwt
I1221 00:32:12.441934 123863040 cuckoo_watch.h:45] 313ms in ProcessBatch(batches/aaaaab.batch) [including 14ms in LoadMessage; 21ms in InitializeSparseNdw; 177ms in InferThetaAndUpdateNwtSparse; 93ms in CalculateScore(^^^ItemsProcessedScore^^^); ]
I1221 00:32:12.443127 109096960 master_component.cc:1378] RegularizeModelArgs: rwt_target_name=rwt, pwt_source_name=pwt, nwt_source_name=nwt
I1221 00:32:12.443197 109096960 master_component.cc:922] MasterComponent: start regularizing model pwt
I1221 00:32:12.465711 123863040 processor.cc:717] No data in processing queue, waiting...
I1221 00:32:12.561278 109096960 master_component.cc:948] MasterComponent: complete regularizing model pwt
I1221 00:32:12.561296 109096960 master_component.cc:1391] NormalizeModelArgs: pwt_target_name=pwt, nwt_source_name=nwt, rwt_source_name=rwt
I1221 00:32:12.561302 109096960 master_component.cc:952] MasterComponent: start normalizing model nwt
I1221 00:32:12.636884 109096960 master_component.cc:980] MasterComponent: complete normalizing model nwt
I1221 00:32:12.729084 109096960 master_component.cc:1415] DisposeModel rwt
I1221 00:32:12.747102 109096960 master_component.cc:1005] FitOffline: ItemsProcessed, num_items=1728, num_batches=2, token_weight=808522, token_weight_in_effect=808522
I1221 00:32:12.766621 2889179968 c_interface.cc:559] Pass GetScoreValueArgs, score_name=^^^ItemsProcessedScore^^^ to MasterComponent::Request
I1221 00:32:12.766657 2889179968 c_interface.cc:230] ArtmCopyRequestedMessage is copying 46 bytes...
I1221 00:32:12.767382 109096960 c_interface.cc:386] Pass FitOfflineMasterModelArgs, batch_filename_size=2, batch_weight_size=2, num_collection_passes=1 to MN4artm4core15MasterComponentEFvRKNS_25FitOfflineMasterModelArgsEE
I1221 00:32:12.767403 109096960 master_component.cc:1340] ProcessBatchesArgs: nwt_target_name=nwt, batch_filename_size=2, batch_size=0, batch_weight_size=2, pwt_source_name=pwt, num_document_passes=1, regularizer=(name:1:urn:uuid:33f91ba1-e610-11e7-b22d-9e00d4124e01, tau:100000), class=(text:1), class=(author:1), reuse_theta=no, opt_for_avx=yes, predict_class_id=
I1221 00:32:12.824116 122253312 processor.cc:724] Processing queue has data, processing started
I1221 00:32:12.830608 122789888 processor.cc:724] Processing queue has data, processing started
I1221 00:32:12.840905 122253312 processor.cc:802] Processor: start processing batch 2b6093f4-0b04-4f11-a98f-27d64e986742 into model nwt
I1221 00:32:12.842425 122789888 processor.cc:802] Processor: start processing batch b67a291c-6c3a-4ebe-905a-cd970d66d31a into model nwt
I1221 00:32:13.000804 122789888 processor.cc:898] Processor: complete processing batch b67a291c-6c3a-4ebe-905a-cd970d66d31a into model nwt
I1221 00:32:13.005340 122789888 cuckoo_watch.h:45] 174ms in ProcessBatch(batches/aaaaaa.batch) [including 10ms in LoadMessage; 10ms in InitializeSparseNdw; 93ms in InferThetaAndUpdateNwtSparse; 53ms in CalculateScore(^^^ItemsProcessedScore^^^); ]
I1221 00:32:13.028316 122789888 processor.cc:717] No data in processing queue, waiting...
I1221 00:32:13.167737 122253312 processor.cc:898] Processor: complete processing batch 2b6093f4-0b04-4f11-a98f-27d64e986742 into model nwt
I1221 00:32:13.174717 122253312 cuckoo_watch.h:45] 350ms in ProcessBatch(batches/aaaaab.batch) [including 15ms in LoadMessage; 24ms in InitializeSparseNdw; 193ms in InferThetaAndUpdateNwtSparse; 108ms in CalculateScore(^^^ItemsProcessedScore^^^); ]
I1221 00:32:13.175437 109096960 master_component.cc:1378] RegularizeModelArgs: rwt_target_name=rwt, pwt_source_name=pwt, nwt_source_name=nwt
I1221 00:32:13.175513 109096960 master_component.cc:922] MasterComponent: start regularizing model pwt
I1221 00:32:13.198356 122253312 processor.cc:717] No data in processing queue, waiting...
I1221 00:32:13.298656 109096960 master_component.cc:948] MasterComponent: complete regularizing model pwt
I1221 00:32:13.298699 109096960 master_component.cc:1391] NormalizeModelArgs: pwt_target_name=pwt, nwt_source_name=nwt, rwt_source_name=rwt
I1221 00:32:13.298710 109096960 master_component.cc:952] MasterComponent: start normalizing model nwt
I1221 00:32:13.387130 109096960 master_component.cc:980] MasterComponent: complete normalizing model nwt
I1221 00:32:13.481264 109096960 master_component.cc:1415] DisposeModel rwt
I1221 00:32:13.498456 109096960 master_component.cc:1005] FitOffline: ItemsProcessed, num_items=1728, num_batches=2, token_weight=808522, token_weight_in_effect=808522
I1221 00:32:13.520767 2889179968 c_interface.cc:559] Pass GetScoreValueArgs, score_name=^^^ItemsProcessedScore^^^ to MasterComponent::Request
I1221 00:32:13.520802 2889179968 c_interface.cc:230] ArtmCopyRequestedMessage is copying 46 bytes...
