I1221 00:32:13.521488 109096960 c_interface.cc:386] Pass FitOfflineMasterModelArgs, batch_filename_size=2, batch_weight_size=2, num_collection_passes=1 to MN4artm4core15MasterComponentEFvRKNS_25FitOfflineMasterModelArgsEE
I1221 00:32:13.521508 109096960 master_component.cc:1340] ProcessBatchesArgs: nwt_target_name=nwt, batch_filename_size=2, batch_size=0, batch_weight_size=2, pwt_source_name=pwt, num_document_passes=1, regularizer=(name:1:urn:uuid:33f91ba1-e610-11e7-b22d-9e00d4124e01, tau:100000), class=(text:1), class=(author:1), reuse_theta=no, opt_for_avx=yes, predict_class_id=
I1221 00:32:13.578613 122253312 processor.cc:724] Processing queue has data, processing started
I1221 00:32:13.584048 123326464 processor.cc:724] Processing queue has data, processing started
I1221 00:32:13.594617 122253312 processor.cc:802] Processor: start processing batch 2b6093f4-0b04-4f11-a98f-27d64e986742 into model nwt
I1221 00:32:13.595037 123326464 processor.cc:802] Processor: start processing batch b67a291c-6c3a-4ebe-905a-cd970d66d31a into model nwt
I1221 00:32:13.754840 123326464 processor.cc:898] Processor: complete processing batch b67a291c-6c3a-4ebe-905a-cd970d66d31a into model nwt
I1221 00:32:13.758713 123326464 cuckoo_watch.h:45] 174ms in ProcessBatch(batches/aaaaaa.batch) [including 9ms in LoadMessage; 10ms in InitializeSparseNdw; 99ms in InferThetaAndUpdateNwtSparse; 49ms in CalculateScore(^^^ItemsProcessedScore^^^); ]
I1221 00:32:13.781680 123326464 processor.cc:717] No data in processing queue, waiting...
I1221 00:32:13.923130 122253312 processor.cc:898] Processor: complete processing batch 2b6093f4-0b04-4f11-a98f-27d64e986742 into model nwt
I1221 00:32:13.929934 122253312 cuckoo_watch.h:45] 351ms in ProcessBatch(batches/aaaaab.batch) [including 14ms in LoadMessage; 27ms in InitializeSparseNdw; 189ms in InferThetaAndUpdateNwtSparse; 110ms in CalculateScore(^^^ItemsProcessedScore^^^); ]
I1221 00:32:13.930770 109096960 master_component.cc:1378] RegularizeModelArgs: rwt_target_name=rwt, pwt_source_name=pwt, nwt_source_name=nwt
I1221 00:32:13.930810 109096960 master_component.cc:922] MasterComponent: start regularizing model pwt
I1221 00:32:13.952656 122253312 processor.cc:717] No data in processing queue, waiting...
I1221 00:32:14.053058 109096960 master_component.cc:948] MasterComponent: complete regularizing model pwt
I1221 00:32:14.053076 109096960 master_component.cc:1391] NormalizeModelArgs: pwt_target_name=pwt, nwt_source_name=nwt, rwt_source_name=rwt
I1221 00:32:14.053083 109096960 master_component.cc:952] MasterComponent: start normalizing model nwt
I1221 00:32:14.123854 109096960 master_component.cc:980] MasterComponent: complete normalizing model nwt
I1221 00:32:14.222445 109096960 master_component.cc:1415] DisposeModel rwt
I1221 00:32:14.241325 109096960 master_component.cc:1005] FitOffline: ItemsProcessed, num_items=1728, num_batches=2, token_weight=808522, token_weight_in_effect=808522
I1221 00:32:14.264889 2889179968 c_interface.cc:559] Pass GetScoreValueArgs, score_name=^^^ItemsProcessedScore^^^ to MasterComponent::Request
I1221 00:32:14.264922 2889179968 c_interface.cc:230] ArtmCopyRequestedMessage is copying 46 bytes...
I1221 00:32:14.265664 109096960 c_interface.cc:386] Pass FitOfflineMasterModelArgs, batch_filename_size=2, batch_weight_size=2, num_collection_passes=1 to MN4artm4core15MasterComponentEFvRKNS_25FitOfflineMasterModelArgsEE
I1221 00:32:14.265686 109096960 master_component.cc:1340] ProcessBatchesArgs: nwt_target_name=nwt, batch_filename_size=2, batch_size=0, batch_weight_size=2, pwt_source_name=pwt, num_document_passes=1, regularizer=(name:1:urn:uuid:33f91ba1-e610-11e7-b22d-9e00d4124e01, tau:100000), class=(text:1), class=(author:1), reuse_theta=no, opt_for_avx=yes, predict_class_id=
I1221 00:32:14.323042 122253312 processor.cc:724] Processing queue has data, processing started
I1221 00:32:14.328514 123326464 processor.cc:724] Processing queue has data, processing started
I1221 00:32:14.340103 123326464 processor.cc:802] Processor: start processing batch b67a291c-6c3a-4ebe-905a-cd970d66d31a into model nwt
I1221 00:32:14.340266 122253312 processor.cc:802] Processor: start processing batch 2b6093f4-0b04-4f11-a98f-27d64e986742 into model nwt
I1221 00:32:14.477097 123326464 processor.cc:898] Processor: complete processing batch b67a291c-6c3a-4ebe-905a-cd970d66d31a into model nwt
I1221 00:32:14.481027 123326464 cuckoo_watch.h:45] 152ms in ProcessBatch(batches/aaaaaa.batch) [including 10ms in LoadMessage; 9ms in InitializeSparseNdw; 82ms in InferThetaAndUpdateNwtSparse; 44ms in CalculateScore(^^^ItemsProcessedScore^^^); ]
I1221 00:32:14.505309 123326464 processor.cc:717] No data in processing queue, waiting...
I1221 00:32:14.620678 122253312 processor.cc:898] Processor: complete processing batch 2b6093f4-0b04-4f11-a98f-27d64e986742 into model nwt
I1221 00:32:14.626498 122253312 cuckoo_watch.h:45] 303ms in ProcessBatch(batches/aaaaab.batch) [including 16ms in LoadMessage; 24ms in InitializeSparseNdw; 165ms in InferThetaAndUpdateNwtSparse; 90ms in CalculateScore(^^^ItemsProcessedScore^^^); ]
I1221 00:32:14.627905 109096960 master_component.cc:1378] RegularizeModelArgs: rwt_target_name=rwt, pwt_source_name=pwt, nwt_source_name=nwt
I1221 00:32:14.627974 109096960 master_component.cc:922] MasterComponent: start regularizing model pwt
I1221 00:32:14.650831 122253312 processor.cc:717] No data in processing queue, waiting...
I1221 00:32:14.745916 109096960 master_component.cc:948] MasterComponent: complete regularizing model pwt
I1221 00:32:14.745967 109096960 master_component.cc:1391] NormalizeModelArgs: pwt_target_name=pwt, nwt_source_name=nwt, rwt_source_name=rwt
I1221 00:32:14.745975 109096960 master_component.cc:952] MasterComponent: start normalizing model nwt
I1221 00:32:14.818590 109096960 master_component.cc:980] MasterComponent: complete normalizing model nwt
I1221 00:32:14.914721 109096960 master_component.cc:1415] DisposeModel rwt
I1221 00:32:14.936411 109096960 master_component.cc:1005] FitOffline: ItemsProcessed, num_items=1728, num_batches=2, token_weight=808522, token_weight_in_effect=808522
I1221 00:32:14.952391 2889179968 c_interface.cc:559] Pass GetScoreValueArgs, score_name=^^^ItemsProcessedScore^^^ to MasterComponent::Request
I1221 00:32:14.952435 2889179968 c_interface.cc:230] ArtmCopyRequestedMessage is copying 46 bytes...
I1221 00:32:14.953171 109096960 c_interface.cc:386] Pass FitOfflineMasterModelArgs, batch_filename_size=2, batch_weight_size=2, num_collection_passes=1 to MN4artm4core15MasterComponentEFvRKNS_25FitOfflineMasterModelArgsEE
I1221 00:32:14.953193 109096960 master_component.cc:1340] ProcessBatchesArgs: nwt_target_name=nwt, batch_filename_size=2, batch_size=0, batch_weight_size=2, pwt_source_name=pwt, num_document_passes=1, regularizer=(name:1:urn:uuid:33f91ba1-e610-11e7-b22d-9e00d4124e01, tau:100000), class=(text:1), class=(author:1), reuse_theta=no, opt_for_avx=yes, predict_class_id=
I1221 00:32:15.011708 122789888 processor.cc:724] Processing queue has data, processing started
I1221 00:32:15.020849 123326464 processor.cc:724] Processing queue has data, processing started
I1221 00:32:15.031466 122789888 processor.cc:802] Processor: start processing batch 2b6093f4-0b04-4f11-a98f-27d64e986742 into model nwt
I1221 00:32:15.032037 123326464 processor.cc:802] Processor: start processing batch b67a291c-6c3a-4ebe-905a-cd970d66d31a into model nwt
I1221 00:32:15.177871 123326464 processor.cc:898] Processor: complete processing batch b67a291c-6c3a-4ebe-905a-cd970d66d31a into model nwt
I1221 00:32:15.181789 123326464 cuckoo_watch.h:45] 160ms in ProcessBatch(batches/aaaaaa.batch) [including 10ms in LoadMessage; 12ms in InitializeSparseNdw; 86ms in InferThetaAndUpdateNwtSparse; 46ms in CalculateScore(^^^ItemsProcessedScore^^^); ]
I1221 00:32:15.206012 123326464 processor.cc:717] No data in processing queue, waiting...
I1221 00:32:15.330339 122789888 processor.cc:898] Processor: complete processing batch 2b6093f4-0b04-4f11-a98f-27d64e986742 into model nwt
I1221 00:32:15.336784 122789888 cuckoo_watch.h:45] 325ms in ProcessBatch(batches/aaaaab.batch) [including 18ms in LoadMessage; 25ms in InitializeSparseNdw; 174ms in InferThetaAndUpdateNwtSparse; 98ms in CalculateScore(^^^ItemsProcessedScore^^^); ]
I1221 00:32:15.338141 109096960 master_component.cc:1378] RegularizeModelArgs: rwt_target_name=rwt, pwt_source_name=pwt, nwt_source_name=nwt
I1221 00:32:15.338271 109096960 master_component.cc:922] MasterComponent: start regularizing model pwt
I1221 00:32:15.360766 122789888 processor.cc:717] No data in processing queue, waiting...
I1221 00:32:15.452868 109096960 master_component.cc:948] MasterComponent: complete regularizing model pwt
I1221 00:32:15.452885 109096960 master_component.cc:1391] NormalizeModelArgs: pwt_target_name=pwt, nwt_source_name=nwt, rwt_source_name=rwt
I1221 00:32:15.452899 109096960 master_component.cc:952] MasterComponent: start normalizing model nwt
I1221 00:32:15.529348 109096960 master_component.cc:980] MasterComponent: complete normalizing model nwt
I1221 00:32:15.625035 109096960 master_component.cc:1415] DisposeModel rwt
I1221 00:32:15.642953 109096960 master_component.cc:1005] FitOffline: ItemsProcessed, num_items=1728, num_batches=2, token_weight=808522, token_weight_in_effect=808522
I1221 00:32:15.653511 2889179968 c_interface.cc:559] Pass GetScoreValueArgs, score_name=^^^ItemsProcessedScore^^^ to MasterComponent::Request
I1221 00:32:15.653550 2889179968 c_interface.cc:230] ArtmCopyRequestedMessage is copying 46 bytes...
I1221 00:32:15.654253 109096960 c_interface.cc:386] Pass FitOfflineMasterModelArgs, batch_filename_size=2, batch_weight_size=2, num_collection_passes=1 to MN4artm4core15MasterComponentEFvRKNS_25FitOfflineMasterModelArgsEE
I1221 00:32:15.654273 109096960 master_component.cc:1340] ProcessBatchesArgs: nwt_target_name=nwt, batch_filename_size=2, batch_size=0, batch_weight_size=2, pwt_source_name=pwt, num_document_passes=1, regularizer=(name:1:urn:uuid:33f91ba1-e610-11e7-b22d-9e00d4124e01, tau:100000), class=(text:1), class=(author:1), reuse_theta=no, opt_for_avx=yes, predict_class_id=
I1221 00:32:15.706514 123326464 processor.cc:724] Processing queue has data, processing started
I1221 00:32:15.712697 122253312 processor.cc:724] Processing queue has data, processing started
I1221 00:32:15.722741 123326464 processor.cc:802] Processor: start processing batch 2b6093f4-0b04-4f11-a98f-27d64e986742 into model nwt
I1221 00:32:15.723076 122253312 processor.cc:802] Processor: start processing batch b67a291c-6c3a-4ebe-905a-cd970d66d31a into model nwt
I1221 00:32:15.868185 122253312 processor.cc:898] Processor: complete processing batch b67a291c-6c3a-4ebe-905a-cd970d66d31a into model nwt
I1221 00:32:15.872227 122253312 cuckoo_watch.h:45] 159ms in ProcessBatch(batches/aaaaaa.batch) [including 9ms in LoadMessage; 9ms in InitializeSparseNdw; 88ms in InferThetaAndUpdateNwtSparse; 46ms in CalculateScore(^^^ItemsProcessedScore^^^); ]
I1221 00:32:15.895866 122253312 processor.cc:717] No data in processing queue, waiting...
I1221 00:32:16.027050 123326464 processor.cc:898] Processor: complete processing batch 2b6093f4-0b04-4f11-a98f-27d64e986742 into model nwt
I1221 00:32:16.032999 123326464 cuckoo_watch.h:45] 326ms in ProcessBatch(batches/aaaaab.batch) [including 15ms in LoadMessage; 20ms in InitializeSparseNdw; 184ms in InferThetaAndUpdateNwtSparse; 98ms in CalculateScore(^^^ItemsProcessedScore^^^); ]
I1221 00:32:16.033938 109096960 master_component.cc:1378] RegularizeModelArgs: rwt_target_name=rwt, pwt_source_name=pwt, nwt_source_name=nwt
I1221 00:32:16.034015 109096960 master_component.cc:922] MasterComponent: start regularizing model pwt
I1221 00:32:16.057595 123326464 processor.cc:717] No data in processing queue, waiting...
I1221 00:32:16.147231 109096960 master_component.cc:948] MasterComponent: complete regularizing model pwt
I1221 00:32:16.147250 109096960 master_component.cc:1391] NormalizeModelArgs: pwt_target_name=pwt, nwt_source_name=nwt, rwt_source_name=rwt
I1221 00:32:16.147258 109096960 master_component.cc:952] MasterComponent: start normalizing model nwt
I1221 00:32:16.215688 109096960 master_component.cc:980] MasterComponent: complete normalizing model nwt
I1221 00:32:16.310032 109096960 master_component.cc:1415] DisposeModel rwt
I1221 00:32:16.326840 109096960 master_component.cc:1005] FitOffline: ItemsProcessed, num_items=1728, num_batches=2, token_weight=808522, token_weight_in_effect=808522
I1221 00:32:16.340638 2889179968 c_interface.cc:559] Pass GetScoreValueArgs, score_name=^^^ItemsProcessedScore^^^ to MasterComponent::Request
I1221 00:32:16.340682 2889179968 c_interface.cc:230] ArtmCopyRequestedMessage is copying 46 bytes...
I1221 00:32:16.341434 109096960 c_interface.cc:386] Pass FitOfflineMasterModelArgs, batch_filename_size=2, batch_weight_size=2, num_collection_passes=1 to MN4artm4core15MasterComponentEFvRKNS_25FitOfflineMasterModelArgsEE
I1221 00:32:16.341466 109096960 master_component.cc:1340] ProcessBatchesArgs: nwt_target_name=nwt, batch_filename_size=2, batch_size=0, batch_weight_size=2, pwt_source_name=pwt, num_document_passes=1, regularizer=(name:1:urn:uuid:33f91ba1-e610-11e7-b22d-9e00d4124e01, tau:100000), class=(text:1), class=(author:1), reuse_theta=no, opt_for_avx=yes, predict_class_id=
I1221 00:32:16.400331 123863040 processor.cc:724] Processing queue has data, processing started
I1221 00:32:16.405624 122789888 processor.cc:724] Processing queue has data, processing started
I1221 00:32:16.415510 123863040 processor.cc:802] Processor: start processing batch 2b6093f4-0b04-4f11-a98f-27d64e986742 into model nwt
I1221 00:32:16.415802 122789888 processor.cc:802] Processor: start processing batch b67a291c-6c3a-4ebe-905a-cd970d66d31a into model nwt
I1221 00:32:16.557991 122789888 processor.cc:898] Processor: complete processing batch b67a291c-6c3a-4ebe-905a-cd970d66d31a into model nwt
I1221 00:32:16.562774 122789888 cuckoo_watch.h:45] 157ms in ProcessBatch(batches/aaaaaa.batch) [including 8ms in LoadMessage; 9ms in InitializeSparseNdw; 84ms in InferThetaAndUpdateNwtSparse; 47ms in CalculateScore(^^^ItemsProcessedScore^^^); ]
I1221 00:32:16.586791 122789888 processor.cc:717] No data in processing queue, waiting...
I1221 00:32:16.719529 123863040 processor.cc:898] Processor: complete processing batch 2b6093f4-0b04-4f11-a98f-27d64e986742 into model nwt
I1221 00:32:16.725632 123863040 cuckoo_watch.h:45] 325ms in ProcessBatch(batches/aaaaab.batch) [including 13ms in LoadMessage; 20ms in InitializeSparseNdw; 176ms in InferThetaAndUpdateNwtSparse; 107ms in CalculateScore(^^^ItemsProcessedScore^^^); ]
I1221 00:32:16.726666 109096960 master_component.cc:1378] RegularizeModelArgs: rwt_target_name=rwt, pwt_source_name=pwt, nwt_source_name=nwt
I1221 00:32:16.726692 109096960 master_component.cc:922] MasterComponent: start regularizing model pwt
I1221 00:32:16.750021 123863040 processor.cc:717] No data in processing queue, waiting...
I1221 00:32:16.845012 109096960 master_component.cc:948] MasterComponent: complete regularizing model pwt
I1221 00:32:16.845031 109096960 master_component.cc:1391] NormalizeModelArgs: pwt_target_name=pwt, nwt_source_name=nwt, rwt_source_name=rwt
I1221 00:32:16.845037 109096960 master_component.cc:952] MasterComponent: start normalizing model nwt
I1221 00:32:16.922570 109096960 master_component.cc:980] MasterComponent: complete normalizing model nwt
I1221 00:32:17.017900 109096960 master_component.cc:1415] DisposeModel rwt
I1221 00:32:17.036509 109096960 master_component.cc:1005] FitOffline: ItemsProcessed, num_items=1728, num_batches=2, token_weight=808522, token_weight_in_effect=808522
I1221 00:32:17.039997 2889179968 c_interface.cc:559] Pass GetScoreValueArgs, score_name=^^^ItemsProcessedScore^^^ to MasterComponent::Request
I1221 00:32:17.040036 2889179968 c_interface.cc:230] ArtmCopyRequestedMessage is copying 46 bytes...
I1221 00:32:17.040678 109096960 c_interface.cc:386] Pass FitOfflineMasterModelArgs, batch_filename_size=2, batch_weight_size=2, num_collection_passes=1 to MN4artm4core15MasterComponentEFvRKNS_25FitOfflineMasterModelArgsEE
I1221 00:32:17.040694 109096960 master_component.cc:1340] ProcessBatchesArgs: nwt_target_name=nwt, batch_filename_size=2, batch_size=0, batch_weight_size=2, pwt_source_name=pwt, num_document_passes=1, regularizer=(name:1:urn:uuid:33f91ba1-e610-11e7-b22d-9e00d4124e01, tau:100000), class=(text:1), class=(author:1), reuse_theta=no, opt_for_avx=yes, predict_class_id=
I1221 00:32:17.094534 123326464 processor.cc:724] Processing queue has data, processing started
I1221 00:32:17.100373 123863040 processor.cc:724] Processing queue has data, processing started
I1221 00:32:17.121464 123863040 processor.cc:802] Processor: start processing batch b67a291c-6c3a-4ebe-905a-cd970d66d31a into model nwt
I1221 00:32:17.121891 123326464 processor.cc:802] Processor: start processing batch 2b6093f4-0b04-4f11-a98f-27d64e986742 into model nwt
I1221 00:32:17.334359 123863040 processor.cc:898] Processor: complete processing batch b67a291c-6c3a-4ebe-905a-cd970d66d31a into model nwt
I1221 00:32:17.338274 123863040 cuckoo_watch.h:45] 237ms in ProcessBatch(batches/aaaaaa.batch) [including 17ms in LoadMessage; 19ms in InitializeSparseNdw; 140ms in InferThetaAndUpdateNwtSparse; 53ms in CalculateScore(^^^ItemsProcessedScore^^^); ]
I1221 00:32:17.362361 123863040 processor.cc:717] No data in processing queue, waiting...
I1221 00:32:17.502569 123326464 processor.cc:898] Processor: complete processing batch 2b6093f4-0b04-4f11-a98f-27d64e986742 into model nwt
I1221 00:32:17.508882 123326464 cuckoo_watch.h:45] 414ms in ProcessBatch(batches/aaaaab.batch) [including 23ms in LoadMessage; 52ms in InitializeSparseNdw; 233ms in InferThetaAndUpdateNwtSparse; 94ms in CalculateScore(^^^ItemsProcessedScore^^^); ]
I1221 00:32:17.509258 109096960 master_component.cc:1378] RegularizeModelArgs: rwt_target_name=rwt, pwt_source_name=pwt, nwt_source_name=nwt
I1221 00:32:17.509305 109096960 master_component.cc:922] MasterComponent: start regularizing model pwt
I1221 00:32:17.534279 123326464 processor.cc:717] No data in processing queue, waiting...
I1221 00:32:17.616770 109096960 master_component.cc:948] MasterComponent: complete regularizing model pwt
I1221 00:32:17.616787 109096960 master_component.cc:1391] NormalizeModelArgs: pwt_target_name=pwt, nwt_source_name=nwt, rwt_source_name=rwt
I1221 00:32:17.616794 109096960 master_component.cc:952] MasterComponent: start normalizing model nwt
I1221 00:32:17.683925 109096960 master_component.cc:980] MasterComponent: complete normalizing model nwt
I1221 00:32:17.778666 109096960 master_component.cc:1415] DisposeModel rwt
I1221 00:32:17.797195 109096960 master_component.cc:1005] FitOffline: ItemsProcessed, num_items=1728, num_batches=2, token_weight=808522, token_weight_in_effect=808522
I1221 00:32:17.829638 2889179968 c_interface.cc:559] Pass GetScoreValueArgs, score_name=^^^ItemsProcessedScore^^^ to MasterComponent::Request
I1221 00:32:17.829679 2889179968 c_interface.cc:230] ArtmCopyRequestedMessage is copying 46 bytes...
I1221 00:32:17.830462 109096960 c_interface.cc:386] Pass FitOfflineMasterModelArgs, batch_filename_size=2, batch_weight_size=2, num_collection_passes=1 to MN4artm4core15MasterComponentEFvRKNS_25FitOfflineMasterModelArgsEE
I1221 00:32:17.830485 109096960 master_component.cc:1340] ProcessBatchesArgs: nwt_target_name=nwt, batch_filename_size=2, batch_size=0, batch_weight_size=2, pwt_source_name=pwt, num_document_passes=1, regularizer=(name:1:urn:uuid:33f91ba1-e610-11e7-b22d-9e00d4124e01, tau:100000), class=(text:1), class=(author:1), reuse_theta=no, opt_for_avx=yes, predict_class_id=
I1221 00:32:17.890478 122253312 processor.cc:724] Processing queue has data, processing started
I1221 00:32:17.895999 123863040 processor.cc:724] Processing queue has data, processing started
I1221 00:32:17.908924 122253312 processor.cc:802] Processor: start processing batch 2b6093f4-0b04-4f11-a98f-27d64e986742 into model nwt
I1221 00:32:17.910516 123863040 processor.cc:802] Processor: start processing batch b67a291c-6c3a-4ebe-905a-cd970d66d31a into model nwt
I1221 00:32:18.065493 123863040 processor.cc:898] Processor: complete processing batch b67a291c-6c3a-4ebe-905a-cd970d66d31a into model nwt
I1221 00:32:18.070896 123863040 cuckoo_watch.h:45] 174ms in ProcessBatch(batches/aaaaaa.batch) [including 13ms in LoadMessage; 12ms in InitializeSparseNdw; 91ms in InferThetaAndUpdateNwtSparse; 51ms in CalculateScore(^^^ItemsProcessedScore^^^); ]
I1221 00:32:18.094964 123863040 processor.cc:717] No data in processing queue, waiting...
I1221 00:32:18.221026 122253312 processor.cc:898] Processor: complete processing batch 2b6093f4-0b04-4f11-a98f-27d64e986742 into model nwt
I1221 00:32:18.226757 122253312 cuckoo_watch.h:45] 336ms in ProcessBatch(batches/aaaaab.batch) [including 17ms in LoadMessage; 24ms in InitializeSparseNdw; 181ms in InferThetaAndUpdateNwtSparse; 105ms in CalculateScore(^^^ItemsProcessedScore^^^); ]
I1221 00:32:18.226807 109096960 master_component.cc:1378] RegularizeModelArgs: rwt_target_name=rwt, pwt_source_name=pwt, nwt_source_name=nwt
I1221 00:32:18.226819 109096960 master_component.cc:922] MasterComponent: start regularizing model pwt
I1221 00:32:18.271701 122253312 processor.cc:717] No data in processing queue, waiting...
I1221 00:32:18.345832 109096960 master_component.cc:948] MasterComponent: complete regularizing model pwt
I1221 00:32:18.345855 109096960 master_component.cc:1391] NormalizeModelArgs: pwt_target_name=pwt, nwt_source_name=nwt, rwt_source_name=rwt
I1221 00:32:18.345875 109096960 master_component.cc:952] MasterComponent: start normalizing model nwt
I1221 00:32:18.417685 109096960 master_component.cc:980] MasterComponent: complete normalizing model nwt
I1221 00:32:18.517001 109096960 master_component.cc:1415] DisposeModel rwt
I1221 00:32:18.534348 109096960 master_component.cc:1005] FitOffline: ItemsProcessed, num_items=1728, num_batches=2, token_weight=808522, token_weight_in_effect=808522
I1221 00:32:18.578052 2889179968 c_interface.cc:559] Pass GetScoreValueArgs, score_name=^^^ItemsProcessedScore^^^ to MasterComponent::Request
I1221 00:32:18.578089 2889179968 c_interface.cc:230] ArtmCopyRequestedMessage is copying 46 bytes...
I1221 00:32:18.579118 109096960 c_interface.cc:386] Pass FitOfflineMasterModelArgs, batch_filename_size=2, batch_weight_size=2, num_collection_passes=1 to MN4artm4core15MasterComponentEFvRKNS_25FitOfflineMasterModelArgsEE
I1221 00:32:18.579139 109096960 master_component.cc:1340] ProcessBatchesArgs: nwt_target_name=nwt, batch_filename_size=2, batch_size=0, batch_weight_size=2, pwt_source_name=pwt, num_document_passes=1, regularizer=(name:1:urn:uuid:33f91ba1-e610-11e7-b22d-9e00d4124e01, tau:100000), class=(text:1), class=(author:1), reuse_theta=no, opt_for_avx=yes, predict_class_id=
I1221 00:32:18.632683 122253312 processor.cc:724] Processing queue has data, processing started
I1221 00:32:18.638810 122789888 processor.cc:724] Processing queue has data, processing started
I1221 00:32:18.648535 122253312 processor.cc:802] Processor: start processing batch 2b6093f4-0b04-4f11-a98f-27d64e986742 into model nwt
I1221 00:32:18.649389 122789888 processor.cc:802] Processor: start processing batch b67a291c-6c3a-4ebe-905a-cd970d66d31a into model nwt
I1221 00:32:18.806641 122789888 processor.cc:898] Processor: complete processing batch b67a291c-6c3a-4ebe-905a-cd970d66d31a into model nwt
I1221 00:32:18.811761 122789888 cuckoo_watch.h:45] 172ms in ProcessBatch(batches/aaaaaa.batch) [including 9ms in LoadMessage; 10ms in InitializeSparseNdw; 91ms in InferThetaAndUpdateNwtSparse; 55ms in CalculateScore(^^^ItemsProcessedScore^^^); ]
I1221 00:32:18.837218 122789888 processor.cc:717] No data in processing queue, waiting...
I1221 00:32:18.974812 122253312 processor.cc:898] Processor: complete processing batch 2b6093f4-0b04-4f11-a98f-27d64e986742 into model nwt
I1221 00:32:18.981176 122253312 cuckoo_watch.h:45] 348ms in ProcessBatch(batches/aaaaab.batch) [including 14ms in LoadMessage; 22ms in InitializeSparseNdw; 188ms in InferThetaAndUpdateNwtSparse; 114ms in CalculateScore(^^^ItemsProcessedScore^^^); ]
I1221 00:32:18.981919 109096960 master_component.cc:1378] RegularizeModelArgs: rwt_target_name=rwt, pwt_source_name=pwt, nwt_source_name=nwt
I1221 00:32:18.981999 109096960 master_component.cc:922] MasterComponent: start regularizing model pwt
I1221 00:32:19.004803 122253312 processor.cc:717] No data in processing queue, waiting...
I1221 00:32:19.109817 109096960 master_component.cc:948] MasterComponent: complete regularizing model pwt
I1221 00:32:19.109835 109096960 master_component.cc:1391] NormalizeModelArgs: pwt_target_name=pwt, nwt_source_name=nwt, rwt_source_name=rwt
I1221 00:32:19.109844 109096960 master_component.cc:952] MasterComponent: start normalizing model nwt
I1221 00:32:19.183245 109096960 master_component.cc:980] MasterComponent: complete normalizing model nwt
I1221 00:32:19.276875 109096960 master_component.cc:1415] DisposeModel rwt
I1221 00:32:19.295369 109096960 master_component.cc:1005] FitOffline: ItemsProcessed, num_items=1728, num_batches=2, token_weight=808522, token_weight_in_effect=808522
I1221 00:32:19.330664 2889179968 c_interface.cc:559] Pass GetScoreValueArgs, score_name=^^^ItemsProcessedScore^^^ to MasterComponent::Request
I1221 00:32:19.330701 2889179968 c_interface.cc:230] ArtmCopyRequestedMessage is copying 46 bytes...
I1221 00:32:19.331424 109096960 c_interface.cc:386] Pass FitOfflineMasterModelArgs, batch_filename_size=2, batch_weight_size=2, num_collection_passes=1 to MN4artm4core15MasterComponentEFvRKNS_25FitOfflineMasterModelArgsEE
I1221 00:32:19.331446 109096960 master_component.cc:1340] ProcessBatchesArgs: nwt_target_name=nwt, batch_filename_size=2, batch_size=0, batch_weight_size=2, pwt_source_name=pwt, num_document_passes=1, regularizer=(name:1:urn:uuid:33f91ba1-e610-11e7-b22d-9e00d4124e01, tau:100000), class=(text:1), class=(author:1), reuse_theta=no, opt_for_avx=yes, predict_class_id=
I1221 00:32:19.386865 123863040 processor.cc:724] Processing queue has data, processing started
I1221 00:32:19.393013 122253312 processor.cc:724] Processing queue has data, processing started
I1221 00:32:19.402230 123863040 processor.cc:802] Processor: start processing batch 2b6093f4-0b04-4f11-a98f-27d64e986742 into model nwt
I1221 00:32:19.403934 122253312 processor.cc:802] Processor: start processing batch b67a291c-6c3a-4ebe-905a-cd970d66d31a into model nwt
I1221 00:32:19.574597 122253312 processor.cc:898] Processor: complete processing batch b67a291c-6c3a-4ebe-905a-cd970d66d31a into model nwt
I1221 00:32:19.580279 122253312 cuckoo_watch.h:45] 187ms in ProcessBatch(batches/aaaaaa.batch) [including 9ms in LoadMessage; 9ms in InitializeSparseNdw; 99ms in InferThetaAndUpdateNwtSparse; 61ms in CalculateScore(^^^ItemsProcessedScore^^^); ]
I1221 00:32:19.604270 122253312 processor.cc:717] No data in processing queue, waiting...
I1221 00:32:19.715611 123863040 processor.cc:898] Processor: complete processing batch 2b6093f4-0b04-4f11-a98f-27d64e986742 into model nwt
I1221 00:32:19.721740 123863040 cuckoo_watch.h:45] 334ms in ProcessBatch(batches/aaaaab.batch) [including 14ms in LoadMessage; 21ms in InitializeSparseNdw; 188ms in InferThetaAndUpdateNwtSparse; 103ms in CalculateScore(^^^ItemsProcessedScore^^^); ]
I1221 00:32:19.722781 109096960 master_component.cc:1378] RegularizeModelArgs: rwt_target_name=rwt, pwt_source_name=pwt, nwt_source_name=nwt
I1221 00:32:19.722851 109096960 master_component.cc:922] MasterComponent: start regularizing model pwt
I1221 00:32:19.744833 123863040 processor.cc:717] No data in processing queue, waiting...
I1221 00:32:19.844918 109096960 master_component.cc:948] MasterComponent: complete regularizing model pwt
I1221 00:32:19.844935 109096960 master_component.cc:1391] NormalizeModelArgs: pwt_target_name=pwt, nwt_source_name=nwt, rwt_source_name=rwt
I1221 00:32:19.844941 109096960 master_component.cc:952] MasterComponent: start normalizing model nwt
I1221 00:32:19.918709 109096960 master_component.cc:980] MasterComponent: complete normalizing model nwt
I1221 00:32:20.018921 109096960 master_component.cc:1415] DisposeModel rwt
I1221 00:32:20.036677 109096960 master_component.cc:1005] FitOffline: ItemsProcessed, num_items=1728, num_batches=2, token_weight=808522, token_weight_in_effect=808522
I1221 00:32:20.072499 2889179968 c_interface.cc:559] Pass GetScoreValueArgs, score_name=^^^ItemsProcessedScore^^^ to MasterComponent::Request
I1221 00:32:20.072536 2889179968 c_interface.cc:230] ArtmCopyRequestedMessage is copying 46 bytes...
I1221 00:32:20.073273 109096960 c_interface.cc:386] Pass FitOfflineMasterModelArgs, batch_filename_size=2, batch_weight_size=2, num_collection_passes=1 to MN4artm4core15MasterComponentEFvRKNS_25FitOfflineMasterModelArgsEE
I1221 00:32:20.073295 109096960 master_component.cc:1340] ProcessBatchesArgs: nwt_target_name=nwt, batch_filename_size=2, batch_size=0, batch_weight_size=2, pwt_source_name=pwt, num_document_passes=1, regularizer=(name:1:urn:uuid:33f91ba1-e610-11e7-b22d-9e00d4124e01, tau:100000), class=(text:1), class=(author:1), reuse_theta=no, opt_for_avx=yes, predict_class_id=
I1221 00:32:20.133177 123326464 processor.cc:724] Processing queue has data, processing started
I1221 00:32:20.139499 122789888 processor.cc:724] Processing queue has data, processing started
I1221 00:32:20.149694 123326464 processor.cc:802] Processor: start processing batch 2b6093f4-0b04-4f11-a98f-27d64e986742 into model nwt
I1221 00:32:20.152370 122789888 processor.cc:802] Processor: start processing batch b67a291c-6c3a-4ebe-905a-cd970d66d31a into model nwt
I1221 00:32:20.301244 122789888 processor.cc:898] Processor: complete processing batch b67a291c-6c3a-4ebe-905a-cd970d66d31a into model nwt
I1221 00:32:20.305239 122789888 cuckoo_watch.h:45] 165ms in ProcessBatch(batches/aaaaaa.batch) [including 11ms in LoadMessage; 10ms in InitializeSparseNdw; 88ms in InferThetaAndUpdateNwtSparse; 49ms in CalculateScore(^^^ItemsProcessedScore^^^); ]
I1221 00:32:20.329672 122789888 processor.cc:717] No data in processing queue, waiting...
I1221 00:32:20.457535 123326464 processor.cc:898] Processor: complete processing batch 2b6093f4-0b04-4f11-a98f-27d64e986742 into model nwt
I1221 00:32:20.463989 123326464 cuckoo_watch.h:45] 330ms in ProcessBatch(batches/aaaaab.batch) [including 15ms in LoadMessage; 23ms in InitializeSparseNdw; 178ms in InferThetaAndUpdateNwtSparse; 106ms in CalculateScore(^^^ItemsProcessedScore^^^); ]
I1221 00:32:20.464030 109096960 master_component.cc:1378] RegularizeModelArgs: rwt_target_name=rwt, pwt_source_name=pwt, nwt_source_name=nwt
I1221 00:32:20.464059 109096960 master_component.cc:922] MasterComponent: start regularizing model pwt
I1221 00:32:20.486832 123326464 processor.cc:717] No data in processing queue, waiting...
I1221 00:32:20.582671 109096960 master_component.cc:948] MasterComponent: complete regularizing model pwt
I1221 00:32:20.582690 109096960 master_component.cc:1391] NormalizeModelArgs: pwt_target_name=pwt, nwt_source_name=nwt, rwt_source_name=rwt
I1221 00:32:20.582697 109096960 master_component.cc:952] MasterComponent: start normalizing model nwt
I1221 00:32:20.659384 109096960 master_component.cc:980] MasterComponent: complete normalizing model nwt
I1221 00:32:20.759426 109096960 master_component.cc:1415] DisposeModel rwt
I1221 00:32:20.778102 109096960 master_component.cc:1005] FitOffline: ItemsProcessed, num_items=1728, num_batches=2, token_weight=808522, token_weight_in_effect=808522
I1221 00:32:20.818765 2889179968 c_interface.cc:559] Pass GetScoreValueArgs, score_name=^^^ItemsProcessedScore^^^ to MasterComponent::Request
I1221 00:32:20.818809 2889179968 c_interface.cc:230] ArtmCopyRequestedMessage is copying 46 bytes...
I1221 00:32:20.819942 109096960 c_interface.cc:386] Pass FitOfflineMasterModelArgs, batch_filename_size=2, batch_weight_size=2, num_collection_passes=1 to MN4artm4core15MasterComponentEFvRKNS_25FitOfflineMasterModelArgsEE
I1221 00:32:20.819988 109096960 master_component.cc:1340] ProcessBatchesArgs: nwt_target_name=nwt, batch_filename_size=2, batch_size=0, batch_weight_size=2, pwt_source_name=pwt, num_document_passes=1, regularizer=(name:1:urn:uuid:33f91ba1-e610-11e7-b22d-9e00d4124e01, tau:100000), class=(text:1), class=(author:1), reuse_theta=no, opt_for_avx=yes, predict_class_id=
I1221 00:32:20.897321 123863040 processor.cc:724] Processing queue has data, processing started
I1221 00:32:20.907526 122789888 processor.cc:724] Processing queue has data, processing started
I1221 00:32:20.925001 122789888 processor.cc:802] Processor: start processing batch b67a291c-6c3a-4ebe-905a-cd970d66d31a into model nwt
I1221 00:32:20.925001 123863040 processor.cc:802] Processor: start processing batch 2b6093f4-0b04-4f11-a98f-27d64e986742 into model nwt
I1221 00:32:21.091253 122789888 processor.cc:898] Processor: complete processing batch b67a291c-6c3a-4ebe-905a-cd970d66d31a into model nwt
I1221 00:32:21.095237 122789888 cuckoo_watch.h:45] 187ms in ProcessBatch(batches/aaaaaa.batch) [including 15ms in LoadMessage; 16ms in InitializeSparseNdw; 103ms in InferThetaAndUpdateNwtSparse; 46ms in CalculateScore(^^^ItemsProcessedScore^^^); ]
I1221 00:32:21.119171 122789888 processor.cc:717] No data in processing queue, waiting...
I1221 00:32:21.268740 123863040 processor.cc:898] Processor: complete processing batch 2b6093f4-0b04-4f11-a98f-27d64e986742 into model nwt
I1221 00:32:21.275598 123863040 cuckoo_watch.h:45] 378ms in ProcessBatch(batches/aaaaab.batch) [including 25ms in LoadMessage; 39ms in InitializeSparseNdw; 185ms in InferThetaAndUpdateNwtSparse; 118ms in CalculateScore(^^^ItemsProcessedScore^^^); ]
I1221 00:32:21.276510 109096960 master_component.cc:1378] RegularizeModelArgs: rwt_target_name=rwt, pwt_source_name=pwt, nwt_source_name=nwt
I1221 00:32:21.276551 109096960 master_component.cc:922] MasterComponent: start regularizing model pwt
I1221 00:32:21.298429 123863040 processor.cc:717] No data in processing queue, waiting...
I1221 00:32:21.393415 109096960 master_component.cc:948] MasterComponent: complete regularizing model pwt
I1221 00:32:21.393461 109096960 master_component.cc:1391] NormalizeModelArgs: pwt_target_name=pwt, nwt_source_name=nwt, rwt_source_name=rwt
I1221 00:32:21.393474 109096960 master_component.cc:952] MasterComponent: start normalizing model nwt
I1221 00:32:21.461711 109096960 master_component.cc:980] MasterComponent: complete normalizing model nwt
I1221 00:32:21.561879 109096960 master_component.cc:1415] DisposeModel rwt
I1221 00:32:21.582837 109096960 master_component.cc:1005] FitOffline: ItemsProcessed, num_items=1728, num_batches=2, token_weight=808522, token_weight_in_effect=808522
I1221 00:32:21.612479 2889179968 c_interface.cc:559] Pass GetScoreValueArgs, score_name=^^^ItemsProcessedScore^^^ to MasterComponent::Request
I1221 00:32:21.612514 2889179968 c_interface.cc:230] ArtmCopyRequestedMessage is copying 46 bytes...
I1221 00:32:21.613214 109096960 c_interface.cc:386] Pass FitOfflineMasterModelArgs, batch_filename_size=2, batch_weight_size=2, num_collection_passes=1 to MN4artm4core15MasterComponentEFvRKNS_25FitOfflineMasterModelArgsEE
I1221 00:32:21.613234 109096960 master_component.cc:1340] ProcessBatchesArgs: nwt_target_name=nwt, batch_filename_size=2, batch_size=0, batch_weight_size=2, pwt_source_name=pwt, num_document_passes=1, regularizer=(name:1:urn:uuid:33f91ba1-e610-11e7-b22d-9e00d4124e01, tau:100000), class=(text:1), class=(author:1), reuse_theta=no, opt_for_avx=yes, predict_class_id=
I1221 00:32:21.668689 122789888 processor.cc:724] Processing queue has data, processing started
I1221 00:32:21.676873 122253312 processor.cc:724] Processing queue has data, processing started
I1221 00:32:21.686590 122789888 processor.cc:802] Processor: start processing batch 2b6093f4-0b04-4f11-a98f-27d64e986742 into model nwt
I1221 00:32:21.687584 122253312 processor.cc:802] Processor: start processing batch b67a291c-6c3a-4ebe-905a-cd970d66d31a into model nwt
I1221 00:32:21.838527 122253312 processor.cc:898] Processor: complete processing batch b67a291c-6c3a-4ebe-905a-cd970d66d31a into model nwt
I1221 00:32:21.843024 122253312 cuckoo_watch.h:45] 166ms in ProcessBatch(batches/aaaaaa.batch) [including 9ms in LoadMessage; 11ms in InitializeSparseNdw; 89ms in InferThetaAndUpdateNwtSparse; 49ms in CalculateScore(^^^ItemsProcessedScore^^^); ]
I1221 00:32:21.867261 122253312 processor.cc:717] No data in processing queue, waiting...
I1221 00:32:21.997870 122789888 processor.cc:898] Processor: complete processing batch 2b6093f4-0b04-4f11-a98f-27d64e986742 into model nwt
I1221 00:32:22.003686 122789888 cuckoo_watch.h:45] 334ms in ProcessBatch(batches/aaaaab.batch) [including 16ms in LoadMessage; 24ms in InitializeSparseNdw; 186ms in InferThetaAndUpdateNwtSparse; 100ms in CalculateScore(^^^ItemsProcessedScore^^^); ]
I1221 00:32:22.003787 109096960 master_component.cc:1378] RegularizeModelArgs: rwt_target_name=rwt, pwt_source_name=pwt, nwt_source_name=nwt
I1221 00:32:22.003808 109096960 master_component.cc:922] MasterComponent: start regularizing model pwt
I1221 00:32:22.027623 122789888 processor.cc:717] No data in processing queue, waiting...
I1221 00:32:22.114193 109096960 master_component.cc:948] MasterComponent: complete regularizing model pwt
I1221 00:32:22.114213 109096960 master_component.cc:1391] NormalizeModelArgs: pwt_target_name=pwt, nwt_source_name=nwt, rwt_source_name=rwt
I1221 00:32:22.114222 109096960 master_component.cc:952] MasterComponent: start normalizing model nwt
I1221 00:32:22.185818 109096960 master_component.cc:980] MasterComponent: complete normalizing model nwt
I1221 00:32:22.286784 109096960 master_component.cc:1415] DisposeModel rwt
I1221 00:32:22.305269 109096960 master_component.cc:1005] FitOffline: ItemsProcessed, num_items=1728, num_batches=2, token_weight=808522, token_weight_in_effect=808522
I1221 00:32:22.344009 2889179968 c_interface.cc:559] Pass GetScoreValueArgs, score_name=^^^ItemsProcessedScore^^^ to MasterComponent::Request
I1221 00:32:22.344048 2889179968 c_interface.cc:230] ArtmCopyRequestedMessage is copying 46 bytes...
I1221 00:32:22.344759 109096960 c_interface.cc:386] Pass FitOfflineMasterModelArgs, batch_filename_size=2, batch_weight_size=2, num_collection_passes=1 to MN4artm4core15MasterComponentEFvRKNS_25FitOfflineMasterModelArgsEE
I1221 00:32:22.344781 109096960 master_component.cc:1340] ProcessBatchesArgs: nwt_target_name=nwt, batch_filename_size=2, batch_size=0, batch_weight_size=2, pwt_source_name=pwt, num_document_passes=1, regularizer=(name:1:urn:uuid:33f91ba1-e610-11e7-b22d-9e00d4124e01, tau:100000), class=(text:1), class=(author:1), reuse_theta=no, opt_for_avx=yes, predict_class_id=
I1221 00:32:22.402679 123863040 processor.cc:724] Processing queue has data, processing started
I1221 00:32:22.407878 123326464 processor.cc:724] Processing queue has data, processing started
I1221 00:32:22.417956 123863040 processor.cc:802] Processor: start processing batch 2b6093f4-0b04-4f11-a98f-27d64e986742 into model nwt
I1221 00:32:22.418254 123326464 processor.cc:802] Processor: start processing batch b67a291c-6c3a-4ebe-905a-cd970d66d31a into model nwt
I1221 00:32:22.563130 123326464 processor.cc:898] Processor: complete processing batch b67a291c-6c3a-4ebe-905a-cd970d66d31a into model nwt
I1221 00:32:22.567507 123326464 cuckoo_watch.h:45] 159ms in ProcessBatch(batches/aaaaaa.batch) [including 9ms in LoadMessage; 9ms in InitializeSparseNdw; 89ms in InferThetaAndUpdateNwtSparse; 45ms in CalculateScore(^^^ItemsProcessedScore^^^); ]
I1221 00:32:22.592329 123326464 processor.cc:717] No data in processing queue, waiting...
I1221 00:32:22.710402 123863040 processor.cc:898] Processor: complete processing batch 2b6093f4-0b04-4f11-a98f-27d64e986742 into model nwt
I1221 00:32:22.717360 123863040 cuckoo_watch.h:45] 314ms in ProcessBatch(batches/aaaaab.batch) [including 14ms in LoadMessage; 20ms in InitializeSparseNdw; 178ms in InferThetaAndUpdateNwtSparse; 92ms in CalculateScore(^^^ItemsProcessedScore^^^); ]
I1221 00:32:22.717406 109096960 master_component.cc:1378] RegularizeModelArgs: rwt_target_name=rwt, pwt_source_name=pwt, nwt_source_name=nwt
I1221 00:32:22.717461 109096960 master_component.cc:922] MasterComponent: start regularizing model pwt
I1221 00:32:22.741590 123863040 processor.cc:717] No data in processing queue, waiting...
I1221 00:32:22.834586 109096960 master_component.cc:948] MasterComponent: complete regularizing model pwt
I1221 00:32:22.834609 109096960 master_component.cc:1391] NormalizeModelArgs: pwt_target_name=pwt, nwt_source_name=nwt, rwt_source_name=rwt
I1221 00:32:22.834615 109096960 master_component.cc:952] MasterComponent: start normalizing model nwt
I1221 00:32:22.911900 109096960 master_component.cc:980] MasterComponent: complete normalizing model nwt
I1221 00:32:23.008821 109096960 master_component.cc:1415] DisposeModel rwt
I1221 00:32:23.026286 109096960 master_component.cc:1005] FitOffline: ItemsProcessed, num_items=1728, num_batches=2, token_weight=808522, token_weight_in_effect=808522
I1221 00:32:23.030288 2889179968 c_interface.cc:559] Pass GetScoreValueArgs, score_name=^^^ItemsProcessedScore^^^ to MasterComponent::Request
I1221 00:32:23.030330 2889179968 c_interface.cc:230] ArtmCopyRequestedMessage is copying 46 bytes...
I1221 00:32:23.031163 109096960 c_interface.cc:386] Pass FitOfflineMasterModelArgs, batch_filename_size=2, batch_weight_size=2, num_collection_passes=1 to MN4artm4core15MasterComponentEFvRKNS_25FitOfflineMasterModelArgsEE
I1221 00:32:23.031186 109096960 master_component.cc:1340] ProcessBatchesArgs: nwt_target_name=nwt, batch_filename_size=2, batch_size=0, batch_weight_size=2, pwt_source_name=pwt, num_document_passes=1, regularizer=(name:1:urn:uuid:33f91ba1-e610-11e7-b22d-9e00d4124e01, tau:100000), class=(text:1), class=(author:1), reuse_theta=no, opt_for_avx=yes, predict_class_id=
I1221 00:32:23.091006 122253312 processor.cc:724] Processing queue has data, processing started
I1221 00:32:23.098808 122789888 processor.cc:724] Processing queue has data, processing started
I1221 00:32:23.108582 122253312 processor.cc:802] Processor: start processing batch 2b6093f4-0b04-4f11-a98f-27d64e986742 into model nwt
I1221 00:32:23.109024 122789888 processor.cc:802] Processor: start processing batch b67a291c-6c3a-4ebe-905a-cd970d66d31a into model nwt
I1221 00:32:23.253721 122789888 processor.cc:898] Processor: complete processing batch b67a291c-6c3a-4ebe-905a-cd970d66d31a into model nwt
I1221 00:32:23.257797 122789888 cuckoo_watch.h:45] 158ms in ProcessBatch(batches/aaaaaa.batch) [including 9ms in LoadMessage; 9ms in InitializeSparseNdw; 87ms in InferThetaAndUpdateNwtSparse; 47ms in CalculateScore(^^^ItemsProcessedScore^^^); ]
I1221 00:32:23.282485 122789888 processor.cc:717] No data in processing queue, waiting...
I1221 00:32:23.424290 122253312 processor.cc:898] Processor: complete processing batch 2b6093f4-0b04-4f11-a98f-27d64e986742 into model nwt
I1221 00:32:23.429709 122253312 cuckoo_watch.h:45] 338ms in ProcessBatch(batches/aaaaab.batch) [including 16ms in LoadMessage; 20ms in InitializeSparseNdw; 185ms in InferThetaAndUpdateNwtSparse; 109ms in CalculateScore(^^^ItemsProcessedScore^^^); ]
I1221 00:32:23.429749 109096960 master_component.cc:1378] RegularizeModelArgs: rwt_target_name=rwt, pwt_source_name=pwt, nwt_source_name=nwt
I1221 00:32:23.429759 109096960 master_component.cc:922] MasterComponent: start regularizing model pwt
I1221 00:32:23.453748 122253312 processor.cc:717] No data in processing queue, waiting...
I1221 00:32:23.541587 109096960 master_component.cc:948] MasterComponent: complete regularizing model pwt
I1221 00:32:23.541605 109096960 master_component.cc:1391] NormalizeModelArgs: pwt_target_name=pwt, nwt_source_name=nwt, rwt_source_name=rwt
I1221 00:32:23.541611 109096960 master_component.cc:952] MasterComponent: start normalizing model nwt
I1221 00:32:23.612912 109096960 master_component.cc:980] MasterComponent: complete normalizing model nwt
I1221 00:32:23.709383 109096960 master_component.cc:1415] DisposeModel rwt
I1221 00:32:23.725785 109096960 master_component.cc:1005] FitOffline: ItemsProcessed, num_items=1728, num_batches=2, token_weight=808522, token_weight_in_effect=808522
I1221 00:32:23.735579 2889179968 c_interface.cc:559] Pass GetScoreValueArgs, score_name=^^^ItemsProcessedScore^^^ to MasterComponent::Request
I1221 00:32:23.735616 2889179968 c_interface.cc:230] ArtmCopyRequestedMessage is copying 46 bytes...
I1221 00:32:23.736335 109096960 c_interface.cc:386] Pass FitOfflineMasterModelArgs, batch_filename_size=2, batch_weight_size=2, num_collection_passes=1 to MN4artm4core15MasterComponentEFvRKNS_25FitOfflineMasterModelArgsEE
I1221 00:32:23.736357 109096960 master_component.cc:1340] ProcessBatchesArgs: nwt_target_name=nwt, batch_filename_size=2, batch_size=0, batch_weight_size=2, pwt_source_name=pwt, num_document_passes=1, regularizer=(name:1:urn:uuid:33f91ba1-e610-11e7-b22d-9e00d4124e01, tau:100000), class=(text:1), class=(author:1), reuse_theta=no, opt_for_avx=yes, predict_class_id=
I1221 00:32:23.791157 123863040 processor.cc:724] Processing queue has data, processing started
I1221 00:32:23.797637 123326464 processor.cc:724] Processing queue has data, processing started
I1221 00:32:23.805977 123863040 processor.cc:802] Processor: start processing batch 2b6093f4-0b04-4f11-a98f-27d64e986742 into model nwt
I1221 00:32:23.807905 123326464 processor.cc:802] Processor: start processing batch b67a291c-6c3a-4ebe-905a-cd970d66d31a into model nwt
I1221 00:32:23.950497 123326464 processor.cc:898] Processor: complete processing batch b67a291c-6c3a-4ebe-905a-cd970d66d31a into model nwt
I1221 00:32:23.954547 123326464 cuckoo_watch.h:45] 156ms in ProcessBatch(batches/aaaaaa.batch) [including 9ms in LoadMessage; 9ms in InitializeSparseNdw; 83ms in InferThetaAndUpdateNwtSparse; 49ms in CalculateScore(^^^ItemsProcessedScore^^^); ]
I1221 00:32:23.979286 123326464 processor.cc:717] No data in processing queue, waiting...
I1221 00:32:24.088943 123863040 processor.cc:898] Processor: complete processing batch 2b6093f4-0b04-4f11-a98f-27d64e986742 into model nwt
I1221 00:32:24.094246 123863040 cuckoo_watch.h:45] 303ms in ProcessBatch(batches/aaaaab.batch) [including 13ms in LoadMessage; 20ms in InitializeSparseNdw; 172ms in InferThetaAndUpdateNwtSparse; 89ms in CalculateScore(^^^ItemsProcessedScore^^^); ]
I1221 00:32:24.095427 109096960 master_component.cc:1378] RegularizeModelArgs: rwt_target_name=rwt, pwt_source_name=pwt, nwt_source_name=nwt
I1221 00:32:24.095507 109096960 master_component.cc:922] MasterComponent: start regularizing model pwt
I1221 00:32:24.117975 123863040 processor.cc:717] No data in processing queue, waiting...
I1221 00:32:24.203935 109096960 master_component.cc:948] MasterComponent: complete regularizing model pwt
I1221 00:32:24.203956 109096960 master_component.cc:1391] NormalizeModelArgs: pwt_target_name=pwt, nwt_source_name=nwt, rwt_source_name=rwt
I1221 00:32:24.203964 109096960 master_component.cc:952] MasterComponent: start normalizing model nwt
I1221 00:32:24.276969 109096960 master_component.cc:980] MasterComponent: complete normalizing model nwt
I1221 00:32:24.372050 109096960 master_component.cc:1415] DisposeModel rwt
I1221 00:32:24.390264 109096960 master_component.cc:1005] FitOffline: ItemsProcessed, num_items=1728, num_batches=2, token_weight=808522, token_weight_in_effect=808522
I1221 00:32:24.431382 2889179968 c_interface.cc:559] Pass GetScoreValueArgs, score_name=^^^ItemsProcessedScore^^^ to MasterComponent::Request
I1221 00:32:24.431424 2889179968 c_interface.cc:230] ArtmCopyRequestedMessage is copying 46 bytes...
I1221 00:32:24.432241 109096960 c_interface.cc:386] Pass FitOfflineMasterModelArgs, batch_filename_size=2, batch_weight_size=2, num_collection_passes=1 to MN4artm4core15MasterComponentEFvRKNS_25FitOfflineMasterModelArgsEE
I1221 00:32:24.432262 109096960 master_component.cc:1340] ProcessBatchesArgs: nwt_target_name=nwt, batch_filename_size=2, batch_size=0, batch_weight_size=2, pwt_source_name=pwt, num_document_passes=1, regularizer=(name:1:urn:uuid:33f91ba1-e610-11e7-b22d-9e00d4124e01, tau:100000), class=(text:1), class=(author:1), reuse_theta=no, opt_for_avx=yes, predict_class_id=
I1221 00:32:24.492923 122253312 processor.cc:724] Processing queue has data, processing started
I1221 00:32:24.499018 123863040 processor.cc:724] Processing queue has data, processing started
I1221 00:32:24.508502 122253312 processor.cc:802] Processor: start processing batch 2b6093f4-0b04-4f11-a98f-27d64e986742 into model nwt
I1221 00:32:24.509165 123863040 processor.cc:802] Processor: start processing batch b67a291c-6c3a-4ebe-905a-cd970d66d31a into model nwt
I1221 00:32:24.647976 123863040 processor.cc:898] Processor: complete processing batch b67a291c-6c3a-4ebe-905a-cd970d66d31a into model nwt
I1221 00:32:24.651929 123863040 cuckoo_watch.h:45] 152ms in ProcessBatch(batches/aaaaaa.batch) [including 9ms in LoadMessage; 9ms in InitializeSparseNdw; 83ms in InferThetaAndUpdateNwtSparse; 45ms in CalculateScore(^^^ItemsProcessedScore^^^); ]
I1221 00:32:24.676106 123863040 processor.cc:717] No data in processing queue, waiting...
I1221 00:32:24.794287 122253312 processor.cc:898] Processor: complete processing batch 2b6093f4-0b04-4f11-a98f-27d64e986742 into model nwt
I1221 00:32:24.801000 122253312 cuckoo_watch.h:45] 308ms in ProcessBatch(batches/aaaaab.batch) [including 14ms in LoadMessage; 20ms in InitializeSparseNdw; 173ms in InferThetaAndUpdateNwtSparse; 91ms in CalculateScore(^^^ItemsProcessedScore^^^); ]
I1221 00:32:24.801374 109096960 master_component.cc:1378] RegularizeModelArgs: rwt_target_name=rwt, pwt_source_name=pwt, nwt_source_name=nwt
I1221 00:32:24.801430 109096960 master_component.cc:922] MasterComponent: start regularizing model pwt
